00:00 +0: loading C:/Users/cesar/Devocional_nuevo/test/bible_text_formatter_test.dart
00:00 +0: C:/Users/cesar/Devocional_nuevo/test/bible_text_formatter_test.dart: Bible Text Formatter Tests should format Bible books correctly for all supported languages
[BibleTextFormatter] formatBibleBook called with reference="1 Juan", language="es"
[BibleTextFormatter] formatBibleBook called with reference="2 Corintios", language="es"
[BibleTextFormatter] formatBibleBook called with reference="3 Juan", language="es"
[BibleTextFormatter] formatBibleBook called with reference="G├®nesis", language="es"
[BibleTextFormatter] formatBibleBook called with reference="1 John", language="en"
[BibleTextFormatter] formatBibleBook called with reference="2 Corinthians", language="en"
[BibleTextFormatter] formatBibleBook called with reference="3 John", language="en"
[BibleTextFormatter] formatBibleBook called with reference="Genesis", language="en"
[BibleTextFormatter] formatBibleBook called with reference="1 Jo├úo", language="pt"
[BibleTextFormatter] formatBibleBook called with reference="2 Cor├¡ntios", language="pt"
[BibleTextFormatter] formatBibleBook called with reference="3 Jo├úo", language="pt"
[BibleTextFormatter] formatBibleBook called with reference="G├¬nesis", language="pt"
[BibleTextFormatter] formatBibleBook called with reference="1 Jean", language="fr"
[BibleTextFormatter] formatBibleBook called with reference="2 Corinthiens", language="fr"
[BibleTextFormatter] formatBibleBook called with reference="3 Jean", language="fr"
[BibleTextFormatter] formatBibleBook called with reference="Gen├¿se", language="fr"
00:00 +1: C:/Users/cesar/Devocional_nuevo/test/bible_text_formatter_test.dart: Bible Text Formatter Tests should format Bible books in middle of sentence for all languages
[BibleTextFormatter] formatBibleBook called with reference="En la reflexi├│n, 2 Pedro nos ense├▒a", language="es"
[BibleTextFormatter] formatBibleBook called with reference="Como dice 1 Juan sobre el amor", language="es"
[BibleTextFormatter] formatBibleBook called with reference="In the reflection, 2 Peter teaches us", language="en"
[BibleTextFormatter] formatBibleBook called with reference="As 1 John says about love", language="en"
[BibleTextFormatter] formatBibleBook called with reference="Na reflex├úo, 2 Pedro nos ensina", language="pt"
[BibleTextFormatter] formatBibleBook called with reference="Dans la r├®flexion, 2 Pierre nous enseigne", language="fr"
00:00 +2: C:/Users/cesar/Devocional_nuevo/test/bible_text_formatter_test.dart: Bible Text Formatter Tests should format multiple Bible books in same text
[BibleTextFormatter] formatBibleBook called with reference="1 Juan y 2 Pedro hablan del amor", language="es"
[BibleTextFormatter] formatBibleBook called with reference="1 John and 2 Peter speak about love", language="en"
00:00 +3: C:/Users/cesar/Devocional_nuevo/test/bible_text_formatter_test.dart: Bible Text Formatter Tests should return Bible version expansions for all languages
00:00 +4: C:/Users/cesar/Devocional_nuevo/test/bible_text_formatter_test.dart: Bible Text Formatter Tests should default to Spanish for unknown languages
[BibleTextFormatter] formatBibleBook called with reference="1 Juan", language="unknown"
[BibleTextFormatter] Unknown language "unknown", using Spanish as default
00:00 +5: C:/Users/cesar/Devocional_nuevo/test/controllers/tts_audio_controller_test.dart: TtsAudioController initial state is idle
Estado inicial: TtsPlayerState.idle
­ƒöº [TTS Controller] Inicializado playbackRate: mini=1.0 (settings=0.5)
00:00 +6: C:/Users/cesar/Devocional_nuevo/test/controllers/tts_audio_controller_test.dart: TtsAudioController play sets state to loading then playing when text is set
­ƒôØ [TTS Controller] setText llamado con 9 caracteres, idioma: es
­ƒôØ [TTS Controller] Palabras: 2 -> 1 segundos estimados
­ƒôØ [TTS Controller] Duraci├│n total estimada: 1s
­ƒôØ [TTS Controller] Posici├│n inicializada a 0:00
Antes de play: TtsPlayerState.idle
ÔûÂ´©Å [TTS Controller] ========== PLAY() LLAMADO ==========
ÔûÂ´©Å [TTS Controller] Estado previo: TtsPlayerState.idle
ÔûÂ´©Å [TTS Controller] Posici├│n acumulada: 0s
ÔûÂ´©Å [TTS Controller] Texto completo: 9 caracteres
ÔÅ│ [TTS Controller] Cambiando estado a LOADING
­ƒöº [TTS Controller] Inicializado playbackRate: mini=1.0 (settings=0.5)
­ƒÄÜ´©Å [TTS Controller] Velocidad aplicada: mini=1.0 (settings=0.5)
ÔûÂ´©Å [TTS Controller] INICIANDO desde el principio
­ƒÄñ [TTS Controller] Llamando flutterTts.speak() con 9 caracteres
­ƒÄñ [TTS Controller] flutterTts.speak() completado (async)
00:00 +6: C:/Users/cesar/Devocional_nuevo/test/controllers/tts_timer_pause_resume_test.dart: TTS Timer Pause/Resume Behavior should maintain accumulated time after pause and resume
­ƒôØ [TTS Controller] setText llamado con 132 caracteres, idioma: en
00:00 +6: C:/Users/cesar/Devocional_nuevo/test/controllers/tts_audio_controller_test.dart: TtsAudioController play sets state to loading then playing when text is set
ÔûÂ´©Å [TTS Controller] Cambiando estado de LOADING a PLAYING
ÔÅ▒´©Å [TTS Controller] Iniciando timer manualmente (fallback)
00:00 +6: C:/Users/cesar/Devocional_nuevo/test/controllers/tts_timer_pause_resume_test.dart: TTS Timer Pause/Resume Behavior should maintain accumulated time after pause and resume
­ƒôØ [TTS Controller] Palabras: 23 -> 9 segundos estimados
­ƒôØ [TTS Controller] Duraci├│n total estimada: 9s
00:00 +6: C:/Users/cesar/Devocional_nuevo/test/controllers/tts_audio_controller_test.dart: TtsAudioController play sets state to loading then playing when text is set
ÔÅ▒´©Å [TTS Controller] ========== INICIANDO TIMER DE PROGRESO ==========
00:00 +6: C:/Users/cesar/Devocional_nuevo/test/controllers/tts_timer_pause_resume_test.dart: TTS Timer Pause/Resume Behavior should maintain accumulated time after pause and resume
­ƒôØ [TTS Controller] Posici├│n inicializada a 0:00
ÔûÂ´©Å [TTS Controller] ========== PLAY() LLAMADO ==========
00:00 +6: C:/Users/cesar/Devocional_nuevo/test/controllers/tts_audio_controller_test.dart: TtsAudioController play sets state to loading then playing when text is set
ÔÅ▒´©Å [TTS Controller] Timer anterior cancelado (si exist├¡a)
00:00 +6: C:/Users/cesar/Devocional_nuevo/test/controllers/tts_timer_pause_resume_test.dart: TTS Timer Pause/Resume Behavior should maintain accumulated time after pause and resume
ÔûÂ´©Å [TTS Controller] Estado previo: TtsPlayerState.idle
ÔûÂ´©Å [TTS Controller] Posici├│n acumulada: 0s
ÔûÂ´©Å [TTS Controller] Texto completo: 132 caracteres
ÔÅ│ [TTS Controller] Cambiando estado a LOADING
00:00 +6: C:/Users/cesar/Devocional_nuevo/test/controllers/tts_audio_controller_test.dart: TtsAudioController play sets state to loading then playing when text is set
ÔÅ▒´©Å [TTS Controller] Hora de inicio: 2025-12-23T15:37:25.977425
ÔÅ▒´©Å [TTS Controller] Posici├│n acumulada: 0s
00:00 +6: C:/Users/cesar/Devocional_nuevo/test/controllers/tts_timer_pause_resume_test.dart: TTS Timer Pause/Resume Behavior should maintain accumulated time after pause and resume
­ƒöº [TTS Controller] Inicializado playbackRate: mini=1.0 (settings=0.5)
00:00 +6: C:/Users/cesar/Devocional_nuevo/test/controllers/tts_audio_controller_test.dart: TtsAudioController play sets state to loading then playing when text is set
ÔÅ▒´©Å [TTS Controller] Duraci├│n total: 1s
ÔÅ▒´©Å [TTS Controller] Timer creado y corriendo cada 500ms
ÔÅ▒´©Å [TTS Controller] ========== TIMER INICIADO ==========
ÔûÂ´©Å [TTS Controller] Estado final: TtsPlayerState.playing
ÔûÂ´©Å [TTS Controller] ========== FIN PLAY() ==========
Despu├®s de play: TtsPlayerState.playing
00:00 +7: C:/Users/cesar/Devocional_nuevo/test/controllers/tts_timer_pause_resume_test.dart: TTS Timer Pause/Resume Behavior should maintain accumulated time after pause and resume
00:00 +7: C:/Users/cesar/Devocional_nuevo/test/controllers/tts_audio_controller_test.dart: TtsAudioController play sets state to error when no text is set
Antes de play sin texto: TtsPlayerState.idle
ÔûÂ´©Å [TTS Controller] ========== PLAY() LLAMADO ==========
ÔûÂ´©Å [TTS Controller] Estado previo: TtsPlayerState.idle
ÔûÂ´©Å [TTS Controller] Posici├│n acumulada: 0s
ÔûÂ´©Å [TTS Controller] Texto completo: 0 caracteres
ÔØî [TTS Controller] ERROR: No hay texto para reproducir
­ƒöº [TTS Controller] Inicializado playbackRate: mini=1.0 (settings=0.5)
Despu├®s de play sin texto: TtsPlayerState.error
00:00 +8: C:/Users/cesar/Devocional_nuevo/test/controllers/tts_timer_pause_resume_test.dart: TTS Timer Pause/Resume Behavior should maintain accumulated time after pause and resume
00:00 +8: C:/Users/cesar/Devocional_nuevo/test/controllers/tts_audio_controller_test.dart: TtsAudioController pause sets state to paused
­ƒôØ [TTS Controller] setText llamado con 9 caracteres, idioma: es
­ƒôØ [TTS Controller] Palabras: 2 -> 1 segundos estimados
­ƒôØ [TTS Controller] Duraci├│n total estimada: 1s
­ƒôØ [TTS Controller] Posici├│n inicializada a 0:00
ÔûÂ´©Å [TTS Controller] ========== PLAY() LLAMADO ==========
ÔûÂ´©Å [TTS Controller] Estado previo: TtsPlayerState.idle
ÔûÂ´©Å [TTS Controller] Posici├│n acumulada: 0s
ÔûÂ´©Å [TTS Controller] Texto completo: 9 caracteres
ÔÅ│ [TTS Controller] Cambiando estado a LOADING
­ƒöº [TTS Controller] Inicializado playbackRate: mini=1.0 (settings=0.5)
00:01 +9: C:/Users/cesar/Devocional_nuevo/test/controllers/tts_timer_pause_resume_test.dart: TTS Timer Pause/Resume Behavior should maintain accumulated time after pause and resume
00:01 +10: C:/Users/cesar/Devocional_nuevo/test/controllers/tts_timer_pause_resume_test.dart: TTS Timer Pause/Resume Behavior should maintain accumulated time after pause and resume
00:01 +11: C:/Users/cesar/Devocional_nuevo/test/controllers/tts_timer_pause_resume_test.dart: TTS Timer Pause/Resume Behavior should maintain accumulated time after pause and resume
00:01 +12: C:/Users/cesar/Devocional_nuevo/test/controllers/tts_timer_pause_resume_test.dart: TTS Timer Pause/Resume Behavior should maintain accumulated time after pause and resume
00:01 +13: C:/Users/cesar/Devocional_nuevo/test/controllers/tts_timer_pause_resume_test.dart: TTS Timer Pause/Resume Behavior should maintain accumulated time after pause and resume
00:01 +14: C:/Users/cesar/Devocional_nuevo/test/controllers/tts_timer_pause_resume_test.dart: TTS Timer Pause/Resume Behavior should maintain accumulated time after pause and resume
00:01 +15: C:/Users/cesar/Devocional_nuevo/test/controllers/tts_timer_pause_resume_test.dart: TTS Timer Pause/Resume Behavior should maintain accumulated time after pause and resume
­ƒÄÜ´©Å [TTS Controller] Velocidad aplicada: mini=1.0 (settings=0.5)
ÔûÂ´©Å [TTS Controller] INICIANDO desde el principio
­ƒÄñ [TTS Controller] Llamando flutterTts.speak() con 132 caracteres
­ƒÄñ [TTS Controller] flutterTts.speak() completado (async)
ÔûÂ´©Å [TTS Controller] Cambiando estado de LOADING a PLAYING
ÔÅ▒´©Å [TTS Controller] Iniciando timer manualmente (fallback)
ÔÅ▒´©Å [TTS Controller] ========== INICIANDO TIMER DE PROGRESO ==========
ÔÅ▒´©Å [TTS Controller] Timer anterior cancelado (si exist├¡a)
ÔÅ▒´©Å [TTS Controller] Hora de inicio: 2025-12-23T15:37:26.392572
ÔÅ▒´©Å [TTS Controller] Posici├│n acumulada: 0s
ÔÅ▒´©Å [TTS Controller] Duraci├│n total: 9s
00:01 +16: C:/Users/cesar/Devocional_nuevo/test/controllers/tts_timer_pause_resume_test.dart: TTS Timer Pause/Resume Behavior should maintain accumulated time after pause and resume
ÔÅ▒´©Å [TTS Controller] Timer creado y corriendo cada 500ms
ÔÅ▒´©Å [TTS Controller] ========== TIMER INICIADO ==========
ÔûÂ´©Å [TTS Controller] Estado final: TtsPlayerState.playing
ÔûÂ´©Å [TTS Controller] ========== FIN PLAY() ==========
00:01 +16: C:/Users/cesar/Devocional_nuevo/test/controllers/tts_audio_controller_test.dart: TtsAudioController pause sets state to paused
­ƒÄÜ´©Å [TTS Controller] Velocidad aplicada: mini=1.0 (settings=0.5)
ÔûÂ´©Å [TTS Controller] INICIANDO desde el principio
­ƒÄñ [TTS Controller] Llamando flutterTts.speak() con 9 caracteres
­ƒÄñ [TTS Controller] flutterTts.speak() completado (async)
ÔûÂ´©Å [TTS Controller] Cambiando estado de LOADING a PLAYING
ÔÅ▒´©Å [TTS Controller] Iniciando timer manualmente (fallback)
ÔÅ▒´©Å [TTS Controller] ========== INICIANDO TIMER DE PROGRESO ==========
ÔÅ▒´©Å [TTS Controller] Timer anterior cancelado (si exist├¡a)
ÔÅ▒´©Å [TTS Controller] Hora de inicio: 2025-12-23T15:37:26.413308
ÔÅ▒´©Å [TTS Controller] Posici├│n acumulada: 0s
ÔÅ▒´©Å [TTS Controller] Duraci├│n total: 1s
ÔÅ▒´©Å [TTS Controller] Timer creado y corriendo cada 500ms
ÔÅ▒´©Å [TTS Controller] ========== TIMER INICIADO ==========
ÔûÂ´©Å [TTS Controller] Estado final: TtsPlayerState.playing
ÔûÂ´©Å [TTS Controller] ========== FIN PLAY() ==========
Antes de pause: TtsPlayerState.playing
ÔÅ©´©Å [TTS Controller] ========== PAUSE() LLAMADO ==========
ÔÅ©´©Å [TTS Controller] Estado previo: TtsPlayerState.playing
ÔÅ©´©Å [TTS Controller] Posici├│n actual antes de pausar: 0s
[TTS Controller] Pausing timer - session elapsed: 0s, total accumulated: 0s
ÔÅ©´©Å [TTS Controller] Estado final: TtsPlayerState.paused
ÔÅ©´©Å [TTS Controller] Posici├│n acumulada guardada: 0s
ÔÅ©´©Å [TTS Controller] ========== FIN PAUSE() ==========
Despu├®s de pause: TtsPlayerState.paused
00:01 +17: C:/Users/cesar/Devocional_nuevo/test/controllers/tts_timer_pause_resume_test.dart: TTS Timer Pause/Resume Behavior should maintain accumulated time after pause and resume
00:01 +17: C:/Users/cesar/Devocional_nuevo/test/controllers/tts_audio_controller_test.dart: TtsAudioController stop sets state to idle
­ƒôØ [TTS Controller] setText llamado con 9 caracteres, idioma: es
­ƒôØ [TTS Controller] Palabras: 2 -> 1 segundos estimados
­ƒôØ [TTS Controller] Duraci├│n total estimada: 1s
­ƒôØ [TTS Controller] Posici├│n inicializada a 0:00
ÔûÂ´©Å [TTS Controller] ========== PLAY() LLAMADO ==========
ÔûÂ´©Å [TTS Controller] Estado previo: TtsPlayerState.idle
ÔûÂ´©Å [TTS Controller] Posici├│n acumulada: 0s
ÔûÂ´©Å [TTS Controller] Texto completo: 9 caracteres
ÔÅ│ [TTS Controller] Cambiando estado a LOADING
­ƒöº [TTS Controller] Inicializado playbackRate: mini=1.0 (settings=0.5)
00:01 +18: C:/Users/cesar/Devocional_nuevo/test/controllers/tts_timer_pause_resume_test.dart: TTS Timer Pause/Resume Behavior should maintain accumulated time after pause and resume
00:01 +19: C:/Users/cesar/Devocional_nuevo/test/controllers/tts_timer_pause_resume_test.dart: TTS Timer Pause/Resume Behavior should maintain accumulated time after pause and resume
00:01 +20: C:/Users/cesar/Devocional_nuevo/test/controllers/tts_timer_pause_resume_test.dart: TTS Timer Pause/Resume Behavior should maintain accumulated time after pause and resume
00:01 +21: C:/Users/cesar/Devocional_nuevo/test/controllers/tts_timer_pause_resume_test.dart: TTS Timer Pause/Resume Behavior should maintain accumulated time after pause and resume
00:01 +22: C:/Users/cesar/Devocional_nuevo/test/controllers/tts_timer_pause_resume_test.dart: TTS Timer Pause/Resume Behavior should maintain accumulated time after pause and resume
00:01 +23: C:/Users/cesar/Devocional_nuevo/test/controllers/tts_timer_pause_resume_test.dart: TTS Timer Pause/Resume Behavior should maintain accumulated time after pause and resume
00:01 +24: C:/Users/cesar/Devocional_nuevo/test/controllers/tts_timer_pause_resume_test.dart: TTS Timer Pause/Resume Behavior should maintain accumulated time after pause and resume
00:01 +25: C:/Users/cesar/Devocional_nuevo/test/controllers/tts_timer_pause_resume_test.dart: TTS Timer Pause/Resume Behavior should maintain accumulated time after pause and resume
00:01 +26: C:/Users/cesar/Devocional_nuevo/test/controllers/tts_timer_pause_resume_test.dart: TTS Timer Pause/Resume Behavior should maintain accumulated time after pause and resume
00:01 +27: C:/Users/cesar/Devocional_nuevo/test/controllers/tts_timer_pause_resume_test.dart: TTS Timer Pause/Resume Behavior should maintain accumulated time after pause and resume
00:01 +28: C:/Users/cesar/Devocional_nuevo/test/controllers/tts_timer_pause_resume_test.dart: TTS Timer Pause/Resume Behavior should maintain accumulated time after pause and resume
00:01 +29: C:/Users/cesar/Devocional_nuevo/test/controllers/tts_timer_pause_resume_test.dart: TTS Timer Pause/Resume Behavior should maintain accumulated time after pause and resume
00:01 +30: C:/Users/cesar/Devocional_nuevo/test/controllers/tts_timer_pause_resume_test.dart: TTS Timer Pause/Resume Behavior should maintain accumulated time after pause and resume
00:01 +30: C:/Users/cesar/Devocional_nuevo/test/critical_coverage/audio_controller_working_test.dart: AudioController - Peripheral Behavior Tests should initialize with idle state and inactive flags
AudioController: Initializing reactive proxy...
AudioController: Reactive proxy initialized
AudioController: Disposing reactive proxy...
ÔÅ╣´©Å TTS: Stop requested (current state: TtsState.idle) at 2025-12-23 15:37:26.709795
AudioController: Reactive proxy disposed
Ô£à TTS: Stop completed at 2025-12-23 15:37:26.709795
­ƒº╣ TTS: Service disposed at 2025-12-23 15:37:26.709795
00:01 +31: C:/Users/cesar/Devocional_nuevo/test/controllers/tts_timer_pause_resume_test.dart: TTS Timer Pause/Resume Behavior should maintain accumulated time after pause and resume
00:01 +31: C:/Users/cesar/Devocional_nuevo/test/critical_coverage/audio_controller_working_test.dart: AudioController - Peripheral Behavior Tests should start with null devotional and zero progress
AudioController: Initializing reactive proxy...
AudioController: Reactive proxy initialized
AudioController: Disposing reactive proxy...
ÔÅ╣´©Å TTS: Stop requested (current state: TtsState.idle) at 2025-12-23 15:37:26.725851
AudioController: Reactive proxy disposed
Ô£à TTS: Stop completed at 2025-12-23 15:37:26.725851
­ƒº╣ TTS: Service disposed at 2025-12-23 15:37:26.726652
00:01 +32: C:/Users/cesar/Devocional_nuevo/test/controllers/tts_timer_pause_resume_test.dart: TTS Timer Pause/Resume Behavior should maintain accumulated time after pause and resume
00:01 +32: C:/Users/cesar/Devocional_nuevo/test/critical_coverage/audio_controller_working_test.dart: AudioController - Peripheral Behavior Tests should be mounted after initialization
AudioController: Initializing reactive proxy...
AudioController: Reactive proxy initialized
AudioController: Disposing reactive proxy...
ÔÅ╣´©Å TTS: Stop requested (current state: TtsState.idle) at 2025-12-23 15:37:26.726652
AudioController: Reactive proxy disposed
Ô£à TTS: Stop completed at 2025-12-23 15:37:26.726652
­ƒº╣ TTS: Service disposed at 2025-12-23 15:37:26.726652
00:01 +33: C:/Users/cesar/Devocional_nuevo/test/controllers/tts_timer_pause_resume_test.dart: TTS Timer Pause/Resume Behavior should maintain accumulated time after pause and resume
00:01 +33: C:/Users/cesar/Devocional_nuevo/test/critical_coverage/audio_controller_working_test.dart: AudioController - Peripheral Behavior Tests should maintain mutually exclusive playing/paused states
AudioController: Initializing reactive proxy...
AudioController: Reactive proxy initialized
AudioController: Disposing reactive proxy...
ÔÅ╣´©Å TTS: Stop requested (current state: TtsState.idle) at 2025-12-23 15:37:26.726652
AudioController: Reactive proxy disposed
Ô£à TTS: Stop completed at 2025-12-23 15:37:26.726652
­ƒº╣ TTS: Service disposed at 2025-12-23 15:37:26.726652
00:01 +34: C:/Users/cesar/Devocional_nuevo/test/controllers/tts_timer_pause_resume_test.dart: TTS Timer Pause/Resume Behavior should maintain accumulated time after pause and resume
00:01 +34: C:/Users/cesar/Devocional_nuevo/test/critical_coverage/audio_controller_working_test.dart: AudioController - Peripheral Behavior Tests should have isActive consistent with playing/paused states
AudioController: Initializing reactive proxy...
AudioController: Reactive proxy initialized
AudioController: Disposing reactive proxy...
ÔÅ╣´©Å TTS: Stop requested (current state: TtsState.idle) at 2025-12-23 15:37:26.747266
AudioController: Reactive proxy disposed
Ô£à TTS: Stop completed at 2025-12-23 15:37:26.747266
­ƒº╣ TTS: Service disposed at 2025-12-23 15:37:26.747266
00:01 +35: C:/Users/cesar/Devocional_nuevo/test/controllers/tts_timer_pause_resume_test.dart: TTS Timer Pause/Resume Behavior should maintain accumulated time after pause and resume
00:01 +35: C:/Users/cesar/Devocional_nuevo/test/critical_coverage/audio_controller_working_test.dart: AudioController - Peripheral Behavior Tests should maintain progress within valid bounds [0.0, 1.0]
AudioController: Initializing reactive proxy...
AudioController: Reactive proxy initialized
AudioController: Disposing reactive proxy...
ÔÅ╣´©Å TTS: Stop requested (current state: TtsState.idle) at 2025-12-23 15:37:26.761001
AudioController: Reactive proxy disposed
Ô£à TTS: Stop completed at 2025-12-23 15:37:26.761001
­ƒº╣ TTS: Service disposed at 2025-12-23 15:37:26.761001
00:01 +36: C:/Users/cesar/Devocional_nuevo/test/controllers/tts_timer_pause_resume_test.dart: TTS Timer Pause/Resume Behavior should maintain accumulated time after pause and resume
00:01 +36: C:/Users/cesar/Devocional_nuevo/test/critical_coverage/audio_controller_working_test.dart: AudioController - Peripheral Behavior Tests should map error state to hasError property correctly
AudioController: Initializing reactive proxy...
AudioController: Reactive proxy initialized
AudioController: Disposing reactive proxy...
ÔÅ╣´©Å TTS: Stop requested (current state: TtsState.idle) at 2025-12-23 15:37:26.773808
AudioController: Reactive proxy disposed
Ô£à TTS: Stop completed at 2025-12-23 15:37:26.775316
­ƒº╣ TTS: Service disposed at 2025-12-23 15:37:26.775316
00:01 +37: C:/Users/cesar/Devocional_nuevo/test/controllers/tts_timer_pause_resume_test.dart: TTS Timer Pause/Resume Behavior should maintain accumulated time after pause and resume
00:01 +37: C:/Users/cesar/Devocional_nuevo/test/critical_coverage/audio_controller_working_test.dart: AudioController - Peripheral Behavior Tests should provide access to TTS configuration methods
AudioController: Initializing reactive proxy...
AudioController: Reactive proxy initialized
­ƒöº TTS: Initializing service...
­ƒöº TTS: Initializing service...
­ƒöº TTS: Loading config - Language: es-US, Rate: 0.5
­ƒöº TTS: Loading config - Language: es-US, Rate: 0.5
[TTS] Voz por defecto asignada para idioma: es (es-US)
­ƒöº TTS: Setting language to es-US
[TTS] Voz por defecto asignada para idioma: es (es-US)
­ƒöº TTS: Setting language to es-US
­ƒöº TTS: Setting speech rate (engine) to 1.0 (from stored 0.5)
­ƒöº TTS: Setting speech rate (engine) to 1.0 (from stored 0.5)
Ô£à TTS: Native event handlers configured
Ô£à TTS: Service initialized successfully
Ô£à TTS: Native event handlers configured
Ô£à TTS: Service initialized successfully
AudioController: Disposing reactive proxy...
ÔÅ╣´©Å TTS: Stop requested (current state: TtsState.idle) at 2025-12-23 15:37:26.820248
AudioController: Reactive proxy disposed
Ô£à TTS: Stop completed at 2025-12-23 15:37:26.821245
­ƒº╣ TTS: Service disposed at 2025-12-23 15:37:26.821245
00:01 +38: C:/Users/cesar/Devocional_nuevo/test/controllers/tts_timer_pause_resume_test.dart: TTS Timer Pause/Resume Behavior should maintain accumulated time after pause and resume
00:01 +38: C:/Users/cesar/Devocional_nuevo/test/critical_coverage/audio_controller_working_test.dart: AudioController - Peripheral Behavior Tests should have isDevocionalPlaying return false for any ID initially
AudioController: Initializing reactive proxy...
AudioController: Reactive proxy initialized
AudioController: isDevocionalPlaying(any_id) - Checking...
  Local: currentId=null, state=TtsState.idle, isActive=false, operationInProgress=false
  Service: currentId=null, state=TtsState.idle
AudioController: isDevocionalPlaying(any_id) = FALSE - SERVICE state is IDLE
AudioController: isDevocionalPlaying(test_123) - Checking...
  Local: currentId=null, state=TtsState.idle, isActive=false, operationInProgress=false
  Service: currentId=null, state=TtsState.idle
AudioController: isDevocionalPlaying(test_123) = FALSE - SERVICE state is IDLE
AudioController: Disposing reactive proxy...
ÔÅ╣´©Å TTS: Stop requested (current state: TtsState.idle) at 2025-12-23 15:37:26.834766
AudioController: Reactive proxy disposed
Ô£à TTS: Stop completed at 2025-12-23 15:37:26.834766
­ƒº╣ TTS: Service disposed at 2025-12-23 15:37:26.834766
00:01 +39: C:/Users/cesar/Devocional_nuevo/test/controllers/tts_timer_pause_resume_test.dart: TTS Timer Pause/Resume Behavior should maintain accumulated time after pause and resume
00:01 +39: C:/Users/cesar/Devocional_nuevo/test/controllers/tts_audio_controller_test.dart: TtsAudioController stop sets state to idle
­ƒÄÜ´©Å [TTS Controller] Velocidad aplicada: mini=1.0 (settings=0.5)
ÔûÂ´©Å [TTS Controller] INICIANDO desde el principio
­ƒÄñ [TTS Controller] Llamando flutterTts.speak() con 9 caracteres
­ƒÄñ [TTS Controller] flutterTts.speak() completado (async)
ÔûÂ´©Å [TTS Controller] Cambiando estado de LOADING a PLAYING
ÔÅ▒´©Å [TTS Controller] Iniciando timer manualmente (fallback)
ÔÅ▒´©Å [TTS Controller] ========== INICIANDO TIMER DE PROGRESO ==========
ÔÅ▒´©Å [TTS Controller] Timer anterior cancelado (si exist├¡a)
ÔÅ▒´©Å [TTS Controller] Hora de inicio: 2025-12-23T15:37:26.842927
ÔÅ▒´©Å [TTS Controller] Posici├│n acumulada: 0s
ÔÅ▒´©Å [TTS Controller] Duraci├│n total: 1s
ÔÅ▒´©Å [TTS Controller] Timer creado y corriendo cada 500ms
ÔÅ▒´©Å [TTS Controller] ========== TIMER INICIADO ==========
ÔûÂ´©Å [TTS Controller] Estado final: TtsPlayerState.playing
ÔûÂ´©Å [TTS Controller] ========== FIN PLAY() ==========
Antes de stop: TtsPlayerState.playing
[TTS Controller] stop() llamado, estado previo: TtsPlayerState.playing
[TTS Controller] estado actual: TtsPlayerState.idle
Despu├®s de stop: TtsPlayerState.idle
00:01 +40: C:/Users/cesar/Devocional_nuevo/test/controllers/tts_timer_pause_resume_test.dart: TTS Timer Pause/Resume Behavior should maintain accumulated time after pause and resume
00:01 +40: C:/Users/cesar/Devocional_nuevo/test/controllers/tts_audio_controller_test.dart: TtsAudioController complete sets state to completed
­ƒôØ [TTS Controller] setText llamado con 9 caracteres, idioma: es
­ƒôØ [TTS Controller] Palabras: 2 -> 1 segundos estimados
­ƒôØ [TTS Controller] Duraci├│n total estimada: 1s
­ƒôØ [TTS Controller] Posici├│n inicializada a 0:00
ÔûÂ´©Å [TTS Controller] ========== PLAY() LLAMADO ==========
ÔûÂ´©Å [TTS Controller] Estado previo: TtsPlayerState.idle
00:01 +40: C:/Users/cesar/Devocional_nuevo/test/critical_coverage/audio_controller_working_test.dart: AudioController - Peripheral Behavior Tests should accept playDevotional call without throwing immediately
AudioController: Initializing reactive proxy...
00:01 +40: C:/Users/cesar/Devocional_nuevo/test/controllers/tts_audio_controller_test.dart: TtsAudioController complete sets state to completed
ÔûÂ´©Å [TTS Controller] Posici├│n acumulada: 0s
00:01 +40: C:/Users/cesar/Devocional_nuevo/test/critical_coverage/audio_controller_working_test.dart: AudioController - Peripheral Behavior Tests should accept playDevotional call without throwing immediately
AudioController: Reactive proxy initialized
00:01 +40: C:/Users/cesar/Devocional_nuevo/test/controllers/tts_audio_controller_test.dart: TtsAudioController complete sets state to completed
ÔûÂ´©Å [TTS Controller] Texto completo: 9 caracteres
00:01 +40: C:/Users/cesar/Devocional_nuevo/test/critical_coverage/audio_controller_working_test.dart: AudioController - Peripheral Behavior Tests should accept playDevotional call without throwing immediately
­ƒÄÁ AudioController: playDevotional(test_1) called
­ƒÄÁ Current state before play: currentId=null, state=TtsState.idle, isActive=false
00:01 +40: C:/Users/cesar/Devocional_nuevo/test/controllers/tts_audio_controller_test.dart: TtsAudioController complete sets state to completed
ÔÅ│ [TTS Controller] Cambiando estado a LOADING
­ƒöº [TTS Controller] Inicializado playbackRate: mini=1.0 (settings=0.5)
00:01 +40: C:/Users/cesar/Devocional_nuevo/test/critical_coverage/audio_controller_working_test.dart: AudioController - Peripheral Behavior Tests should accept playDevotional call without throwing immediately
AudioController: Starting operation: playDevotional
­ƒÄñ TTS: Starting devotional test_1 at 2025-12-23 15:37:26.848288
­ƒöº TTS: Initializing service...
­ƒöº TTS: Loading config - Language: es-US, Rate: 0.5
[TTS] Voz por defecto asignada para idioma: es (es-US)
­ƒöº TTS: Setting language to es-US
­ƒöº TTS: Setting speech rate (engine) to 1.0 (from stored 0.5)
Ô£à TTS: Native event handlers configured
Ô£à TTS: Service initialized successfully
[BibleTextFormatter] formatBibleBook called with reference="Test reflection", language="es"
­ƒôØ TTS: Speaking: Test reflection
AudioController: Ignorando progress update - estado idle (local: TtsState.idle, service: TtsState.idle)
AudioController: TtsService.speakDevotional() completed
00:01 +40: C:/Users/cesar/Devocional_nuevo/test/controllers/tts_timer_pause_resume_test.dart: TTS Timer Pause/Resume Behavior should maintain accumulated time after pause and resume
ÔÅ▒´©Å [TTS Controller] TICK - Posici├│n: 0s / 9s
00:01 +40: C:/Users/cesar/Devocional_nuevo/test/critical_coverage/audio_controller_working_test.dart: AudioController - Peripheral Behavior Tests should accept playDevotional call without throwing immediately
AudioController: Sync attempt 1: service=TtsState.idle, local=TtsState.idle
AudioController: Sync attempt 2: service=TtsState.idle, local=TtsState.idle
AudioController: Sync attempt 3: service=TtsState.idle, local=TtsState.idle
00:02 +40: C:/Users/cesar/Devocional_nuevo/test/controllers/tts_audio_controller_test.dart: TtsAudioController complete sets state to completed
­ƒÄÜ´©Å [TTS Controller] Velocidad aplicada: mini=1.0 (settings=0.5)
ÔûÂ´©Å [TTS Controller] INICIANDO desde el principio
­ƒÄñ [TTS Controller] Llamando flutterTts.speak() con 9 caracteres
­ƒÄñ [TTS Controller] flutterTts.speak() completado (async)
ÔûÂ´©Å [TTS Controller] Cambiando estado de LOADING a PLAYING
ÔÅ▒´©Å [TTS Controller] Iniciando timer manualmente (fallback)
ÔÅ▒´©Å [TTS Controller] ========== INICIANDO TIMER DE PROGRESO ==========
ÔÅ▒´©Å [TTS Controller] Timer anterior cancelado (si exist├¡a)
ÔÅ▒´©Å [TTS Controller] Hora de inicio: 2025-12-23T15:37:27.268033
ÔÅ▒´©Å [TTS Controller] Posici├│n acumulada: 0s
ÔÅ▒´©Å [TTS Controller] Duraci├│n total: 1s
ÔÅ▒´©Å [TTS Controller] Timer creado y corriendo cada 500ms
ÔÅ▒´©Å [TTS Controller] ========== TIMER INICIADO ==========
ÔûÂ´©Å [TTS Controller] Estado final: TtsPlayerState.playing
ÔûÂ´©Å [TTS Controller] ========== FIN PLAY() ==========
Antes de complete: TtsPlayerState.playing
[TTS Controller] complete() llamado, estado previo: TtsPlayerState.playing
[TTS Controller] estado actual: TtsPlayerState.completed
Despu├®s de complete: TtsPlayerState.completed
00:02 +41: C:/Users/cesar/Devocional_nuevo/test/controllers/tts_timer_pause_resume_test.dart: TTS Timer Pause/Resume Behavior should maintain accumulated time after pause and resume
00:02 +41: C:/Users/cesar/Devocional_nuevo/test/controllers/tts_audio_controller_test.dart: TtsAudioController error sets state to error
­ƒôØ [TTS Controller] setText llamado con 9 caracteres, idioma: es
­ƒôØ [TTS Controller] Palabras: 2 -> 1 segundos estimados
­ƒôØ [TTS Controller] Duraci├│n total estimada: 1s
­ƒôØ [TTS Controller] Posici├│n inicializada a 0:00
ÔûÂ´©Å [TTS Controller] ========== PLAY() LLAMADO ==========
ÔûÂ´©Å [TTS Controller] Estado previo: TtsPlayerState.idle
ÔûÂ´©Å [TTS Controller] Posici├│n acumulada: 0s
ÔûÂ´©Å [TTS Controller] Texto completo: 9 caracteres
ÔÅ│ [TTS Controller] Cambiando estado a LOADING
­ƒöº [TTS Controller] Inicializado playbackRate: mini=1.0 (settings=0.5)
00:02 +41: C:/Users/cesar/Devocional_nuevo/test/critical_coverage/audio_controller_working_test.dart: AudioController - Peripheral Behavior Tests should accept playDevotional call without throwing immediately
AudioController: Sync attempt 4: service=TtsState.idle, local=TtsState.idle
00:02 +41: C:/Users/cesar/Devocional_nuevo/test/controllers/tts_timer_pause_resume_test.dart: TTS Timer Pause/Resume Behavior should maintain accumulated time after pause and resume
ÔÅ▒´©Å [TTS Controller] TICK - Posici├│n: 1s / 9s
00:02 +42: C:/Users/cesar/Devocional_nuevo/test/controllers/tts_timer_pause_resume_test.dart: TTS Timer Pause/Resume Behavior should maintain accumulated time after pause and resume
00:02 +43: C:/Users/cesar/Devocional_nuevo/test/controllers/tts_timer_pause_resume_test.dart: TTS Timer Pause/Resume Behavior should maintain accumulated time after pause and resume
00:02 +43: C:/Users/cesar/Devocional_nuevo/test/critical_coverage/backup_bloc_working_test.dart: BackupBloc Critical Coverage Tests debe emitir estado de carga y cargado al cargar configuraci├│n de backup
­ƒöä [BLOC] === INICIANDO LoadBackupSettings ===
­ƒôè [BLOC] Autenticado: false
­ƒôè [BLOC] Configuraciones cargadas:
­ƒôè [BLOC] - Auto backup: false
­ƒôè [BLOC] - Frecuencia: deactivated
­ƒôè [BLOC] - ├Ültimo backup: null
­ƒôè [BLOC] - Pr├│ximo backup: null
Ô£à [BLOC] BackupLoaded emitido exitosamente
­ƒÅü [BLOC] === FIN LoadBackupSettings ===
00:02 +44: C:/Users/cesar/Devocional_nuevo/test/controllers/tts_timer_pause_resume_test.dart: TTS Timer Pause/Resume Behavior should maintain accumulated time after pause and resume
00:02 +44: C:/Users/cesar/Devocional_nuevo/test/critical_coverage/backup_bloc_working_test.dart: BackupBloc Critical Coverage Tests no debe ejecutar l├│gica de backup si el flag est├í en false
­ƒöä [BLOC] === INICIANDO LoadBackupSettings ===
­ƒôè [BLOC] Autenticado: false
­ƒôè [BLOC] Configuraciones cargadas:
­ƒôè [BLOC] - Auto backup: false
­ƒôè [BLOC] - Frecuencia: deactivated
­ƒôè [BLOC] - ├Ültimo backup: null
­ƒôè [BLOC] - Pr├│ximo backup: null
Ô£à [BLOC] BackupLoaded emitido exitosamente
­ƒÅü [BLOC] === FIN LoadBackupSettings ===
00:02 +45: C:/Users/cesar/Devocional_nuevo/test/controllers/tts_timer_pause_resume_test.dart: TTS Timer Pause/Resume Behavior should maintain accumulated time after pause and resume
00:02 +46: C:/Users/cesar/Devocional_nuevo/test/controllers/tts_timer_pause_resume_test.dart: TTS Timer Pause/Resume Behavior should maintain accumulated time after pause and resume
00:02 +46: C:/Users/cesar/Devocional_nuevo/test/critical_coverage/audio_controller_working_test.dart: AudioController - Peripheral Behavior Tests should accept playDevotional call without throwing immediately
AudioController: Sync attempt 5: service=TtsState.idle, local=TtsState.idle
AudioController: Disposing reactive proxy...
ÔÅ╣´©Å TTS: Stop requested (current state: TtsState.idle) at 2025-12-23 15:37:27.643283
AudioController: Reactive proxy disposed
Ô£à TTS: Stop completed at 2025-12-23 15:37:27.643283
­ƒº╣ TTS: Service disposed at 2025-12-23 15:37:27.643283
00:02 +47: C:/Users/cesar/Devocional_nuevo/test/controllers/tts_timer_pause_resume_test.dart: TTS Timer Pause/Resume Behavior should maintain accumulated time after pause and resume
00:02 +47: C:/Users/cesar/Devocional_nuevo/test/critical_coverage/audio_controller_working_test.dart: AudioController - Peripheral Behavior Tests should accept pause/resume/stop calls in any state
AudioController: Initializing reactive proxy...
AudioController: Reactive proxy initialized
AudioController: Cannot pause - not playing (state: TtsState.idle)
AudioController: Cannot resume - not paused (state: TtsState.idle)
AudioController: Stop requested (state: TtsState.idle)
AudioController: Applying IMMEDIATE stop...
AudioController: Immediate stop applied - calling service async
ÔÅ╣´©Å TTS: Stop requested (current state: TtsState.idle) at 2025-12-23 15:37:27.643283
AudioController: Immediate stop completed
Ô£à TTS: Stop completed at 2025-12-23 15:37:27.643283
AudioController: Service stop completed asynchronously
AudioController: Disposing reactive proxy...
ÔÅ╣´©Å TTS: Stop requested (current state: TtsState.stopping) at 2025-12-23 15:37:27.643283
AudioController: Reactive proxy disposed
Ô£à TTS: Stop completed at 2025-12-23 15:37:27.643283
­ƒº╣ TTS: Service disposed at 2025-12-23 15:37:27.643283
00:02 +48: C:/Users/cesar/Devocional_nuevo/test/controllers/tts_timer_pause_resume_test.dart: TTS Timer Pause/Resume Behavior should maintain accumulated time after pause and resume
00:02 +48: C:/Users/cesar/Devocional_nuevo/test/critical_coverage/audio_controller_working_test.dart: AudioController - Peripheral Behavior Tests should transition to unmounted state after dispose
AudioController: Initializing reactive proxy...
AudioController: Reactive proxy initialized
AudioController: Disposing reactive proxy...
ÔÅ╣´©Å TTS: Stop requested (current state: TtsState.idle) at 2025-12-23 15:37:27.660067
AudioController: Reactive proxy disposed
Ô£à TTS: Stop completed at 2025-12-23 15:37:27.660067
­ƒº╣ TTS: Service disposed at 2025-12-23 15:37:27.660067
00:02 +49: C:/Users/cesar/Devocional_nuevo/test/controllers/tts_timer_pause_resume_test.dart: TTS Timer Pause/Resume Behavior should maintain accumulated time after pause and resume
00:02 +49: C:/Users/cesar/Devocional_nuevo/test/critical_coverage/audio_controller_working_test.dart: AudioController - Peripheral Behavior Tests should not throw when accessing properties after dispose
AudioController: Initializing reactive proxy...
AudioController: Reactive proxy initialized
AudioController: Disposing reactive proxy...
ÔÅ╣´©Å TTS: Stop requested (current state: TtsState.idle) at 2025-12-23 15:37:27.660067
AudioController: Reactive proxy disposed
Ô£à TTS: Stop completed at 2025-12-23 15:37:27.660067
­ƒº╣ TTS: Service disposed at 2025-12-23 15:37:27.660067
00:02 +50: C:/Users/cesar/Devocional_nuevo/test/controllers/tts_timer_pause_resume_test.dart: TTS Timer Pause/Resume Behavior should maintain accumulated time after pause and resume
00:02 +50: C:/Users/cesar/Devocional_nuevo/test/controllers/tts_audio_controller_test.dart: TtsAudioController error sets state to error
­ƒÄÜ´©Å [TTS Controller] Velocidad aplicada: mini=1.0 (settings=0.5)
ÔûÂ´©Å [TTS Controller] INICIANDO desde el principio
­ƒÄñ [TTS Controller] Llamando flutterTts.speak() con 9 caracteres
­ƒÄñ [TTS Controller] flutterTts.speak() completado (async)
ÔûÂ´©Å [TTS Controller] Cambiando estado de LOADING a PLAYING
ÔÅ▒´©Å [TTS Controller] Iniciando timer manualmente (fallback)
ÔÅ▒´©Å [TTS Controller] ========== INICIANDO TIMER DE PROGRESO ==========
ÔÅ▒´©Å [TTS Controller] Timer anterior cancelado (si exist├¡a)
ÔÅ▒´©Å [TTS Controller] Hora de inicio: 2025-12-23T15:37:27.693811
ÔÅ▒´©Å [TTS Controller] Posici├│n acumulada: 0s
ÔÅ▒´©Å [TTS Controller] Duraci├│n total: 1s
ÔÅ▒´©Å [TTS Controller] Timer creado y corriendo cada 500ms
ÔÅ▒´©Å [TTS Controller] ========== TIMER INICIADO ==========
ÔûÂ´©Å [TTS Controller] Estado final: TtsPlayerState.playing
ÔûÂ´©Å [TTS Controller] ========== FIN PLAY() ==========
Antes de error: TtsPlayerState.playing
[TTS Controller] error() llamado, estado previo: TtsPlayerState.playing
[TTS Controller] estado actual: TtsPlayerState.error
Despu├®s de error: TtsPlayerState.error
00:02 +51: C:/Users/cesar/Devocional_nuevo/test/controllers/tts_timer_pause_resume_test.dart: TTS Timer Pause/Resume Behavior should maintain accumulated time after pause and resume
00:02 +51: C:/Users/cesar/Devocional_nuevo/test/controllers/tts_audio_controller_test.dart: TtsAudioController setText calculates duration for Chinese text based on characters
­ƒôØ [TTS Controller] setText llamado con 51 caracteres, idioma: zh
­ƒôØ [TTS Controller] Idioma zh (caracteres): 48 caracteres -> 7 segundos estimados
­ƒôØ [TTS Controller] Duraci├│n total estimada: 7s
­ƒôØ [TTS Controller] Posici├│n inicializada a 0:00
Chinese text: 48 chars -> 7s (expected: 7)
­ƒöº [TTS Controller] Inicializado playbackRate: mini=1.0 (settings=0.5)
00:02 +52: C:/Users/cesar/Devocional_nuevo/test/controllers/tts_timer_pause_resume_test.dart: TTS Timer Pause/Resume Behavior should maintain accumulated time after pause and resume
00:02 +52: C:/Users/cesar/Devocional_nuevo/test/controllers/tts_audio_controller_test.dart: TtsAudioController setText calculates duration for Japanese text based on characters
­ƒôØ [TTS Controller] setText llamado con 54 caracteres, idioma: ja
­ƒôØ [TTS Controller] Idioma ja (caracteres): 51 caracteres -> 7 segundos estimados
­ƒôØ [TTS Controller] Duraci├│n total estimada: 7s
­ƒôØ [TTS Controller] Posici├│n inicializada a 0:00
Japanese text: 51 chars -> 7s (expected: 7)
­ƒöº [TTS Controller] Inicializado playbackRate: mini=1.0 (settings=0.5)
00:02 +53: C:/Users/cesar/Devocional_nuevo/test/controllers/tts_timer_pause_resume_test.dart: TTS Timer Pause/Resume Behavior should maintain accumulated time after pause and resume
00:02 +53: C:/Users/cesar/Devocional_nuevo/test/controllers/tts_audio_controller_test.dart: TtsAudioController setText calculates duration for English text based on words
­ƒôØ [TTS Controller] setText llamado con 130 caracteres, idioma: en
­ƒôØ [TTS Controller] Palabras: 26 -> 10 segundos estimados
­ƒôØ [TTS Controller] Duraci├│n total estimada: 10s
­ƒôØ [TTS Controller] Posici├│n inicializada a 0:00
English text: 26 words -> 10s (expected: 10)
­ƒöº [TTS Controller] Inicializado playbackRate: mini=1.0 (settings=0.5)
00:02 +54: C:/Users/cesar/Devocional_nuevo/test/controllers/tts_timer_pause_resume_test.dart: TTS Timer Pause/Resume Behavior should maintain accumulated time after pause and resume
00:02 +54: C:/Users/cesar/Devocional_nuevo/test/controllers/tts_audio_controller_test.dart: TtsAudioController setText calculates duration for Spanish text based on words
­ƒôØ [TTS Controller] setText llamado con 145 caracteres, idioma: es
­ƒôØ [TTS Controller] Palabras: 30 -> 12 segundos estimados
­ƒôØ [TTS Controller] Duraci├│n total estimada: 12s
­ƒôØ [TTS Controller] Posici├│n inicializada a 0:00
Spanish text: 30 words -> 12s (expected: 12)
­ƒöº [TTS Controller] Inicializado playbackRate: mini=1.0 (settings=0.5)
00:02 +55: C:/Users/cesar/Devocional_nuevo/test/controllers/tts_timer_pause_resume_test.dart: TTS Timer Pause/Resume Behavior should maintain accumulated time after pause and resume
00:02 +55: C:/Users/cesar/Devocional_nuevo/test/controllers/tts_audio_controller_test.dart: TtsAudioController Chinese duration estimation is consistent
­ƒôØ [TTS Controller] setText llamado con 28 caracteres, idioma: zh
­ƒôØ [TTS Controller] Idioma zh (caracteres): 25 caracteres -> 4 segundos estimados
­ƒôØ [TTS Controller] Duraci├│n total estimada: 4s
­ƒôØ [TTS Controller] Posici├│n inicializada a 0:00
­ƒôØ [TTS Controller] setText llamado con 56 caracteres, idioma: zh
­ƒôØ [TTS Controller] Idioma zh (caracteres): 53 caracteres -> 8 segundos estimados
­ƒôØ [TTS Controller] Duraci├│n total estimada: 8s
­ƒôØ [TTS Controller] Posici├│n inicializada a 0:00
Chinese text1: 4s, text2: 8s
­ƒöº [TTS Controller] Inicializado playbackRate: mini=1.0 (settings=0.5)
00:02 +56: C:/Users/cesar/Devocional_nuevo/test/controllers/tts_timer_pause_resume_test.dart: TTS Timer Pause/Resume Behavior should maintain accumulated time after pause and resume
ÔÅ▒´©Å [TTS Controller] TICK - Posici├│n: 1s / 9s
[TEST] Position before pause: 1s
ÔÅ©´©Å [TTS Controller] ========== PAUSE() LLAMADO ==========
ÔÅ©´©Å [TTS Controller] Estado previo: TtsPlayerState.playing
ÔÅ©´©Å [TTS Controller] Posici├│n actual antes de pausar: 1s
[TTS Controller] Pausing timer - session elapsed: 1s, total accumulated: 1s
ÔÅ©´©Å [TTS Controller] Estado final: TtsPlayerState.paused
ÔÅ©´©Å [TTS Controller] Posici├│n acumulada guardada: 1s
ÔÅ©´©Å [TTS Controller] ========== FIN PAUSE() ==========
00:03 +56: C:/Users/cesar/Devocional_nuevo/test/critical_coverage/bible_text_formatter_test.dart: BibleTextFormatter - Spanish Ordinals formats 1 Pedro as Primera de Pedro
[BibleTextFormatter] formatBibleBook called with reference="1 Pedro", language="es"
00:03 +57: C:/Users/cesar/Devocional_nuevo/test/controllers/tts_timer_pause_resume_test.dart: TTS Timer Pause/Resume Behavior should maintain accumulated time after pause and resume
00:03 +57: C:/Users/cesar/Devocional_nuevo/test/critical_coverage/bible_text_formatter_test.dart: BibleTextFormatter - Spanish Ordinals formats 2 Corintios as Segunda de Corintios
[BibleTextFormatter] formatBibleBook called with reference="2 Corintios", language="es"
00:03 +58: C:/Users/cesar/Devocional_nuevo/test/controllers/tts_timer_pause_resume_test.dart: TTS Timer Pause/Resume Behavior should maintain accumulated time after pause and resume
00:03 +58: C:/Users/cesar/Devocional_nuevo/test/critical_coverage/bible_text_formatter_test.dart: BibleTextFormatter - Spanish Ordinals formats 3 Juan as Tercera de Juan
[BibleTextFormatter] formatBibleBook called with reference="3 Juan", language="es"
00:03 +59: C:/Users/cesar/Devocional_nuevo/test/controllers/tts_timer_pause_resume_test.dart: TTS Timer Pause/Resume Behavior should maintain accumulated time after pause and resume
00:03 +59: C:/Users/cesar/Devocional_nuevo/test/critical_coverage/bible_text_formatter_test.dart: BibleTextFormatter - Spanish Ordinals formats book names with accents
[BibleTextFormatter] formatBibleBook called with reference="1 Tesalonicenses", language="es"
00:03 +60: C:/Users/cesar/Devocional_nuevo/test/controllers/tts_timer_pause_resume_test.dart: TTS Timer Pause/Resume Behavior should maintain accumulated time after pause and resume
00:03 +60: C:/Users/cesar/Devocional_nuevo/test/critical_coverage/bible_text_formatter_test.dart: BibleTextFormatter - Spanish Ordinals handles book in middle of text
[BibleTextFormatter] formatBibleBook called with reference="Lee 1 Pedro hoy", language="es"
00:03 +61: C:/Users/cesar/Devocional_nuevo/test/controllers/tts_timer_pause_resume_test.dart: TTS Timer Pause/Resume Behavior should maintain accumulated time after pause and resume
00:03 +61: C:/Users/cesar/Devocional_nuevo/test/critical_coverage/bible_text_formatter_test.dart: BibleTextFormatter - Spanish Ordinals leaves non-numbered books unchanged
[BibleTextFormatter] formatBibleBook called with reference="G├®nesis", language="es"
00:03 +62: C:/Users/cesar/Devocional_nuevo/test/controllers/tts_timer_pause_resume_test.dart: TTS Timer Pause/Resume Behavior should maintain accumulated time after pause and resume
00:03 +62: C:/Users/cesar/Devocional_nuevo/test/critical_coverage/bible_text_formatter_test.dart: BibleTextFormatter - English Ordinals formats 1 Peter as First Peter
[BibleTextFormatter] formatBibleBook called with reference="1 Peter", language="en"
00:03 +63: C:/Users/cesar/Devocional_nuevo/test/controllers/tts_timer_pause_resume_test.dart: TTS Timer Pause/Resume Behavior should maintain accumulated time after pause and resume
00:03 +63: C:/Users/cesar/Devocional_nuevo/test/critical_coverage/bible_text_formatter_test.dart: BibleTextFormatter - English Ordinals formats 2 Corinthians as Second Corinthians
[BibleTextFormatter] formatBibleBook called with reference="2 Corinthians", language="en"
00:03 +64: C:/Users/cesar/Devocional_nuevo/test/controllers/tts_timer_pause_resume_test.dart: TTS Timer Pause/Resume Behavior should maintain accumulated time after pause and resume
00:03 +64: C:/Users/cesar/Devocional_nuevo/test/critical_coverage/bible_text_formatter_test.dart: BibleTextFormatter - English Ordinals formats 3 John as Third John
[BibleTextFormatter] formatBibleBook called with reference="3 John", language="en"
00:03 +65: C:/Users/cesar/Devocional_nuevo/test/controllers/tts_timer_pause_resume_test.dart: TTS Timer Pause/Resume Behavior should maintain accumulated time after pause and resume
00:03 +65: C:/Users/cesar/Devocional_nuevo/test/critical_coverage/bible_text_formatter_test.dart: BibleTextFormatter - English Ordinals handles mixed case
[BibleTextFormatter] formatBibleBook called with reference="1 TIMOTHY", language="en"
00:03 +66: C:/Users/cesar/Devocional_nuevo/test/controllers/tts_timer_pause_resume_test.dart: TTS Timer Pause/Resume Behavior should maintain accumulated time after pause and resume
00:03 +66: C:/Users/cesar/Devocional_nuevo/test/critical_coverage/bible_text_formatter_test.dart: BibleTextFormatter - Portuguese Ordinals formats 1 Pedro as Primeiro Pedro
[BibleTextFormatter] formatBibleBook called with reference="1 Pedro", language="pt"
00:03 +67: C:/Users/cesar/Devocional_nuevo/test/controllers/tts_timer_pause_resume_test.dart: TTS Timer Pause/Resume Behavior should maintain accumulated time after pause and resume
00:03 +67: C:/Users/cesar/Devocional_nuevo/test/critical_coverage/bible_text_formatter_test.dart: BibleTextFormatter - Portuguese Ordinals formats 2 Cor├¡ntios as Segundo Cor├¡ntios
[BibleTextFormatter] formatBibleBook called with reference="2 Cor├¡ntios", language="pt"
00:03 +68: C:/Users/cesar/Devocional_nuevo/test/controllers/tts_timer_pause_resume_test.dart: TTS Timer Pause/Resume Behavior should maintain accumulated time after pause and resume
00:03 +68: C:/Users/cesar/Devocional_nuevo/test/critical_coverage/bible_text_formatter_test.dart: BibleTextFormatter - Portuguese Ordinals formats 3 Jo├úo as Terceiro Jo├úo
[BibleTextFormatter] formatBibleBook called with reference="3 Jo├úo", language="pt"
00:03 +69: C:/Users/cesar/Devocional_nuevo/test/controllers/tts_timer_pause_resume_test.dart: TTS Timer Pause/Resume Behavior should maintain accumulated time after pause and resume
00:03 +69: C:/Users/cesar/Devocional_nuevo/test/critical_coverage/bible_text_formatter_test.dart: BibleTextFormatter - French Ordinals formats 1 Pierre as Premier Pierre
[BibleTextFormatter] formatBibleBook called with reference="1 Pierre", language="fr"
00:03 +70: C:/Users/cesar/Devocional_nuevo/test/controllers/tts_timer_pause_resume_test.dart: TTS Timer Pause/Resume Behavior should maintain accumulated time after pause and resume
00:03 +70: C:/Users/cesar/Devocional_nuevo/test/critical_coverage/bible_text_formatter_test.dart: BibleTextFormatter - French Ordinals formats 2 Corinthiens as Deuxi├¿me Corinthiens
[BibleTextFormatter] formatBibleBook called with reference="2 Corinthiens", language="fr"
00:03 +71: C:/Users/cesar/Devocional_nuevo/test/controllers/tts_timer_pause_resume_test.dart: TTS Timer Pause/Resume Behavior should maintain accumulated time after pause and resume
00:03 +71: C:/Users/cesar/Devocional_nuevo/test/critical_coverage/bible_text_formatter_test.dart: BibleTextFormatter - French Ordinals formats 3 Jean as Troisi├¿me Jean
[BibleTextFormatter] formatBibleBook called with reference="3 Jean", language="fr"
00:03 +72: C:/Users/cesar/Devocional_nuevo/test/controllers/tts_timer_pause_resume_test.dart: TTS Timer Pause/Resume Behavior should maintain accumulated time after pause and resume
00:03 +72: C:/Users/cesar/Devocional_nuevo/test/critical_coverage/bible_text_formatter_test.dart: BibleTextFormatter - French Ordinals handles French accented characters
[BibleTextFormatter] formatBibleBook called with reference="1 ├ëph├®siens", language="fr"
00:03 +73: C:/Users/cesar/Devocional_nuevo/test/controllers/tts_timer_pause_resume_test.dart: TTS Timer Pause/Resume Behavior should maintain accumulated time after pause and resume
00:03 +73: C:/Users/cesar/Devocional_nuevo/test/critical_coverage/bible_text_formatter_test.dart: BibleTextFormatter - Japanese returns Japanese text unchanged (no ordinals)
[BibleTextFormatter] formatBibleBook called with reference="ÒâÜÒâåÒâ¡Òü«µëïþ┤Ö", language="ja"
00:03 +74: C:/Users/cesar/Devocional_nuevo/test/controllers/tts_timer_pause_resume_test.dart: TTS Timer Pause/Resume Behavior should maintain accumulated time after pause and resume
00:03 +74: C:/Users/cesar/Devocional_nuevo/test/critical_coverage/bible_text_formatter_test.dart: BibleTextFormatter - Japanese trims Japanese text
[BibleTextFormatter] formatBibleBook called with reference="  Òâ¿ÒâÅÒâì  ", language="ja"
00:03 +75: C:/Users/cesar/Devocional_nuevo/test/controllers/tts_timer_pause_resume_test.dart: TTS Timer Pause/Resume Behavior should maintain accumulated time after pause and resume
00:03 +75: C:/Users/cesar/Devocional_nuevo/test/critical_coverage/bible_text_formatter_test.dart: BibleTextFormatter - Chinese returns Chinese text unchanged (no ordinals)
[BibleTextFormatter] formatBibleBook called with reference="Õ¢╝Õ¥ùÕëìõ╣ª", language="zh"
00:03 +76: C:/Users/cesar/Devocional_nuevo/test/controllers/tts_timer_pause_resume_test.dart: TTS Timer Pause/Resume Behavior should maintain accumulated time after pause and resume
00:03 +76: C:/Users/cesar/Devocional_nuevo/test/critical_coverage/bible_text_formatter_test.dart: BibleTextFormatter - Chinese trims Chinese text
[BibleTextFormatter] formatBibleBook called with reference="  þ║ªþ┐░þªÅÚƒ│  ", language="zh"
00:03 +77: C:/Users/cesar/Devocional_nuevo/test/controllers/tts_timer_pause_resume_test.dart: TTS Timer Pause/Resume Behavior should maintain accumulated time after pause and resume
00:03 +77: C:/Users/cesar/Devocional_nuevo/test/critical_coverage/bible_text_formatter_test.dart: BibleTextFormatter - Chinese handles traditional Chinese characters
[BibleTextFormatter] formatBibleBook called with reference="ÕëÁõ©ûÞ¿ÿ", language="zh"
00:03 +78: C:/Users/cesar/Devocional_nuevo/test/controllers/tts_timer_pause_resume_test.dart: TTS Timer Pause/Resume Behavior should maintain accumulated time after pause and resume
00:03 +79: C:/Users/cesar/Devocional_nuevo/test/controllers/tts_timer_pause_resume_test.dart: TTS Timer Pause/Resume Behavior should maintain accumulated time after pause and resume
00:03 +80: C:/Users/cesar/Devocional_nuevo/test/controllers/tts_timer_pause_resume_test.dart: TTS Timer Pause/Resume Behavior should maintain accumulated time after pause and resume
00:03 +81: C:/Users/cesar/Devocional_nuevo/test/controllers/tts_timer_pause_resume_test.dart: TTS Timer Pause/Resume Behavior should maintain accumulated time after pause and resume
00:03 +82: C:/Users/cesar/Devocional_nuevo/test/controllers/tts_timer_pause_resume_test.dart: TTS Timer Pause/Resume Behavior should maintain accumulated time after pause and resume
00:03 +82 -1: C:/Users/cesar/Devocional_nuevo/test/controllers/tts_timer_pause_resume_test.dart: TTS Timer Pause/Resume Behavior should maintain accumulated time after pause and resume
00:03 +82 -1: C:/Users/cesar/Devocional_nuevo/test/critical_coverage/bible_text_formatter_test.dart: BibleTextFormatter - Bible Version Expansions Chinese versions expand correctly [E]
  Expected: 'µû░µáçþé╣ÕÆîÕÉêµ£¼'
    Actual: <null>
     Which: not an <Instance of 'String'>
  
  package:matcher                                              expect
  package:flutter_test/src/widget_tester.dart 473:18           expect
  test\critical_coverage\bible_text_formatter_test.dart 160:7  main.<fn>.<fn>
  
00:03 +83 -1: C:/Users/cesar/Devocional_nuevo/test/controllers/tts_timer_pause_resume_test.dart: TTS Timer Pause/Resume Behavior should maintain accumulated time after pause and resume
00:03 +84 -1: C:/Users/cesar/Devocional_nuevo/test/controllers/tts_timer_pause_resume_test.dart: TTS Timer Pause/Resume Behavior should maintain accumulated time after pause and resume
00:03 +85 -1: C:/Users/cesar/Devocional_nuevo/test/controllers/tts_timer_pause_resume_test.dart: TTS Timer Pause/Resume Behavior should maintain accumulated time after pause and resume
00:03 +86 -1: C:/Users/cesar/Devocional_nuevo/test/controllers/tts_timer_pause_resume_test.dart: TTS Timer Pause/Resume Behavior should maintain accumulated time after pause and resume
00:03 +87 -1: C:/Users/cesar/Devocional_nuevo/test/controllers/tts_timer_pause_resume_test.dart: TTS Timer Pause/Resume Behavior should maintain accumulated time after pause and resume
00:03 +88 -1: C:/Users/cesar/Devocional_nuevo/test/controllers/tts_timer_pause_resume_test.dart: TTS Timer Pause/Resume Behavior should maintain accumulated time after pause and resume
00:03 +89 -1: C:/Users/cesar/Devocional_nuevo/test/controllers/tts_timer_pause_resume_test.dart: TTS Timer Pause/Resume Behavior should maintain accumulated time after pause and resume
00:03 +90 -1: C:/Users/cesar/Devocional_nuevo/test/controllers/tts_timer_pause_resume_test.dart: TTS Timer Pause/Resume Behavior should maintain accumulated time after pause and resume
00:03 +91 -1: C:/Users/cesar/Devocional_nuevo/test/controllers/tts_timer_pause_resume_test.dart: TTS Timer Pause/Resume Behavior should maintain accumulated time after pause and resume
00:03 +91 -1: C:/Users/cesar/Devocional_nuevo/test/critical_coverage/bible_text_formatter_test.dart: BibleTextFormatter - Normalize TTS Text normalizes complete Spanish reference
[BibleTextFormatter] formatBibleBook called with reference="1 Pedro 3:16 RVR1960", language="es"
00:03 +92 -1: C:/Users/cesar/Devocional_nuevo/test/controllers/tts_timer_pause_resume_test.dart: TTS Timer Pause/Resume Behavior should maintain accumulated time after pause and resume
00:03 +92 -1: C:/Users/cesar/Devocional_nuevo/test/critical_coverage/bible_text_formatter_test.dart: BibleTextFormatter - Normalize TTS Text normalizes complete English reference
[BibleTextFormatter] formatBibleBook called with reference="1 Peter 3:16 KJV", language="en"
00:03 +93 -1: C:/Users/cesar/Devocional_nuevo/test/controllers/tts_timer_pause_resume_test.dart: TTS Timer Pause/Resume Behavior should maintain accumulated time after pause and resume
00:03 +93 -1: C:/Users/cesar/Devocional_nuevo/test/critical_coverage/bible_text_formatter_test.dart: BibleTextFormatter - Normalize TTS Text normalizes complete Chinese reference
[BibleTextFormatter] formatBibleBook called with reference="þ║ªþ┐░þªÅÚƒ│ 3:16 ÕÆîÕÉêµ£¼1919", language="zh"
00:03 +94 -1: C:/Users/cesar/Devocional_nuevo/test/controllers/tts_timer_pause_resume_test.dart: TTS Timer Pause/Resume Behavior should maintain accumulated time after pause and resume
00:03 +94 -1: C:/Users/cesar/Devocional_nuevo/test/critical_coverage/bible_text_formatter_test.dart: BibleTextFormatter - Normalize TTS Text cleans up extra whitespace
[BibleTextFormatter] formatBibleBook called with reference="Juan   3:16", language="es"
00:03 +95 -1: C:/Users/cesar/Devocional_nuevo/test/controllers/tts_timer_pause_resume_test.dart: TTS Timer Pause/Resume Behavior should maintain accumulated time after pause and resume
00:03 +95 -1: C:/Users/cesar/Devocional_nuevo/test/critical_coverage/bible_text_formatter_test.dart: BibleTextFormatter - Normalize TTS Text handles text without Bible references
[BibleTextFormatter] formatBibleBook called with reference="Hola mundo", language="es"
00:03 +96 -1: C:/Users/cesar/Devocional_nuevo/test/controllers/tts_timer_pause_resume_test.dart: TTS Timer Pause/Resume Behavior should maintain accumulated time after pause and resume
00:03 +96 -1: C:/Users/cesar/Devocional_nuevo/test/critical_coverage/bible_text_formatter_test.dart: BibleTextFormatter - Normalize TTS Text unknown language defaults to Spanish
[BibleTextFormatter] formatBibleBook called with reference="1 Pedro", language="unknown"
[BibleTextFormatter] Unknown language "unknown", using Spanish as default
00:03 +97 -1: C:/Users/cesar/Devocional_nuevo/test/controllers/tts_timer_pause_resume_test.dart: TTS Timer Pause/Resume Behavior should maintain accumulated time after pause and resume
00:03 +97 -1: C:/Users/cesar/Devocional_nuevo/test/critical_coverage/bible_text_formatter_test.dart: BibleTextFormatter - Edge Cases handles empty string
[BibleTextFormatter] formatBibleBook called with reference="", language="es"
00:03 +98 -1: C:/Users/cesar/Devocional_nuevo/test/controllers/tts_timer_pause_resume_test.dart: TTS Timer Pause/Resume Behavior should maintain accumulated time after pause and resume
00:03 +98 -1: C:/Users/cesar/Devocional_nuevo/test/critical_coverage/bible_text_formatter_test.dart: BibleTextFormatter - Edge Cases handles string with only whitespace
[BibleTextFormatter] formatBibleBook called with reference="   ", language="es"
00:03 +99 -1: C:/Users/cesar/Devocional_nuevo/test/controllers/tts_timer_pause_resume_test.dart: TTS Timer Pause/Resume Behavior should maintain accumulated time after pause and resume
00:03 +99 -1: C:/Users/cesar/Devocional_nuevo/test/critical_coverage/bible_text_formatter_test.dart: BibleTextFormatter - Edge Cases handles multiple book references in text
[BibleTextFormatter] formatBibleBook called with reference="Lee 1 Pedro y 2 Juan", language="es"
00:03 +100 -1: C:/Users/cesar/Devocional_nuevo/test/controllers/tts_timer_pause_resume_test.dart: TTS Timer Pause/Resume Behavior should maintain accumulated time after pause and resume
00:03 +100 -1: C:/Users/cesar/Devocional_nuevo/test/critical_coverage/bible_text_formatter_test.dart: BibleTextFormatter - Edge Cases does not transform standalone numbers
[BibleTextFormatter] formatBibleBook called with reference="Cap├¡tulo 1", language="es"
00:03 +101 -1: C:/Users/cesar/Devocional_nuevo/test/controllers/tts_timer_pause_resume_test.dart: TTS Timer Pause/Resume Behavior should maintain accumulated time after pause and resume
00:03 +101 -1: C:/Users/cesar/Devocional_nuevo/test/critical_coverage/bible_text_formatter_test.dart: BibleTextFormatter - Edge Cases handles number at end of text
[BibleTextFormatter] formatBibleBook called with reference="Libro n├║mero 1", language="es"
00:03 +102 -1: C:/Users/cesar/Devocional_nuevo/test/controllers/tts_timer_pause_resume_test.dart: TTS Timer Pause/Resume Behavior should maintain accumulated time after pause and resume
00:03 +102 -1: C:/Users/cesar/Devocional_nuevo/test/critical_coverage/compression_service_working_test.dart: CompressionService Critical Tests compressJson should compress valid JSON data
Compression: 204 bytes -> 141 bytes
00:03 +103 -1: C:/Users/cesar/Devocional_nuevo/test/controllers/tts_timer_pause_resume_test.dart: TTS Timer Pause/Resume Behavior should maintain accumulated time after pause and resume
00:03 +103 -1: C:/Users/cesar/Devocional_nuevo/test/critical_coverage/compression_service_working_test.dart: CompressionService Critical Tests decompressJson should decompress data correctly
Compression: 93 bytes -> 102 bytes
Decompression: 102 bytes -> 93 bytes
00:03 +104 -1: C:/Users/cesar/Devocional_nuevo/test/controllers/tts_timer_pause_resume_test.dart: TTS Timer Pause/Resume Behavior should maintain accumulated time after pause and resume
00:03 +104 -1: C:/Users/cesar/Devocional_nuevo/test/critical_coverage/compression_service_working_test.dart: CompressionService Critical Tests compressJson handles large data efficiently
Compression: 80560 bytes -> 1603 bytes
Decompression: 1603 bytes -> 80560 bytes
00:03 +105 -1: C:/Users/cesar/Devocional_nuevo/test/controllers/tts_timer_pause_resume_test.dart: TTS Timer Pause/Resume Behavior should maintain accumulated time after pause and resume
00:03 +105 -1: C:/Users/cesar/Devocional_nuevo/test/critical_coverage/compression_service_working_test.dart: CompressionService Critical Tests decompressJson handles corrupted data gracefully
Error decompressing data, trying as uncompressed: FormatException: Filter error, bad data
Error parsing uncompressed data: FormatException: Unexpected character (at character 1)
 	
^

00:03 +106 -1: C:/Users/cesar/Devocional_nuevo/test/controllers/tts_timer_pause_resume_test.dart: TTS Timer Pause/Resume Behavior should maintain accumulated time after pause and resume
00:03 +106 -1: C:/Users/cesar/Devocional_nuevo/test/critical_coverage/compression_service_working_test.dart: CompressionService Critical Tests decompressJson handles uncompressed JSON as fallback
Error decompressing data, trying as uncompressed: FormatException: Filter error, bad data
00:03 +107 -1: C:/Users/cesar/Devocional_nuevo/test/controllers/tts_timer_pause_resume_test.dart: TTS Timer Pause/Resume Behavior should maintain accumulated time after pause and resume
[TEST] Position during pause: 1s
ÔûÂ´©Å [TTS Controller] ========== PLAY() LLAMADO ==========
ÔûÂ´©Å [TTS Controller] Estado previo: TtsPlayerState.paused
ÔûÂ´©Å [TTS Controller] Posici├│n acumulada: 1s
ÔûÂ´©Å [TTS Controller] Texto completo: 132 caracteres
ÔÅ│ [TTS Controller] Cambiando estado a LOADING
00:03 +108 -1: C:/Users/cesar/Devocional_nuevo/test/controllers/tts_timer_pause_resume_test.dart: TTS Timer Pause/Resume Behavior should maintain accumulated time after pause and resume
00:03 +109 -1: C:/Users/cesar/Devocional_nuevo/test/controllers/tts_timer_pause_resume_test.dart: TTS Timer Pause/Resume Behavior should maintain accumulated time after pause and resume
00:03 +110 -1: C:/Users/cesar/Devocional_nuevo/test/controllers/tts_timer_pause_resume_test.dart: TTS Timer Pause/Resume Behavior should maintain accumulated time after pause and resume
00:03 +110 -1: C:/Users/cesar/Devocional_nuevo/test/critical_coverage/compression_service_working_test.dart: CompressionService Critical Tests createArchive creates valid ZIP archive
Archive created with 3 files, size: 378 bytes
00:03 +111 -1: C:/Users/cesar/Devocional_nuevo/test/controllers/tts_timer_pause_resume_test.dart: TTS Timer Pause/Resume Behavior should maintain accumulated time after pause and resume
00:04 +111 -1: C:/Users/cesar/Devocional_nuevo/test/critical_coverage/compression_service_working_test.dart: CompressionService Critical Tests extractArchive extracts files correctly
Archive created with 2 files, size: 252 bytes
Archive extracted with 2 files
00:04 +112 -1: C:/Users/cesar/Devocional_nuevo/test/controllers/tts_timer_pause_resume_test.dart: TTS Timer Pause/Resume Behavior should maintain accumulated time after pause and resume
00:04 +112 -1: C:/Users/cesar/Devocional_nuevo/test/critical_coverage/compression_service_working_test.dart: CompressionService Critical Tests compressJson handles empty map
Compression: 2 bytes -> 22 bytes
Decompression: 22 bytes -> 2 bytes
00:04 +113 -1: C:/Users/cesar/Devocional_nuevo/test/controllers/tts_timer_pause_resume_test.dart: TTS Timer Pause/Resume Behavior should maintain accumulated time after pause and resume
00:04 +113 -1: C:/Users/cesar/Devocional_nuevo/test/critical_coverage/compression_service_working_test.dart: CompressionService Critical Tests compressJson handles Unicode and special characters
Compression: 182 bytes -> 190 bytes
Decompression: 190 bytes -> 182 bytes
00:04 +114 -1: C:/Users/cesar/Devocional_nuevo/test/controllers/tts_timer_pause_resume_test.dart: TTS Timer Pause/Resume Behavior should maintain accumulated time after pause and resume
00:04 +114 -1: C:/Users/cesar/Devocional_nuevo/test/critical_coverage/compression_service_working_test.dart: CompressionService Critical Tests compressJson handles deeply nested structures
Compression: 60 bytes -> 56 bytes
Decompression: 56 bytes -> 60 bytes
00:04 +115 -1: C:/Users/cesar/Devocional_nuevo/test/controllers/tts_timer_pause_resume_test.dart: TTS Timer Pause/Resume Behavior should maintain accumulated time after pause and resume
00:04 +115 -1: C:/Users/cesar/Devocional_nuevo/test/critical_coverage/compression_service_working_test.dart: CompressionService Critical Tests extractArchive handles corrupted archive gracefully
Archive extracted with 0 files
00:04 +116 -1: C:/Users/cesar/Devocional_nuevo/test/controllers/tts_timer_pause_resume_test.dart: TTS Timer Pause/Resume Behavior should maintain accumulated time after pause and resume
00:04 +116 -1: C:/Users/cesar/Devocional_nuevo/test/critical_coverage/compression_service_working_test.dart: CompressionService Critical Tests handles realistic backup data structure
Compression: 4205 bytes -> 666 bytes
Decompression: 666 bytes -> 4205 bytes
00:04 +117 -1: C:/Users/cesar/Devocional_nuevo/test/controllers/tts_timer_pause_resume_test.dart: TTS Timer Pause/Resume Behavior should maintain accumulated time after pause and resume
00:04 +118 -1: C:/Users/cesar/Devocional_nuevo/test/controllers/tts_timer_pause_resume_test.dart: TTS Timer Pause/Resume Behavior should maintain accumulated time after pause and resume
00:04 +119 -1: C:/Users/cesar/Devocional_nuevo/test/controllers/tts_timer_pause_resume_test.dart: TTS Timer Pause/Resume Behavior should maintain accumulated time after pause and resume
00:04 +120 -1: C:/Users/cesar/Devocional_nuevo/test/controllers/tts_timer_pause_resume_test.dart: TTS Timer Pause/Resume Behavior should maintain accumulated time after pause and resume
00:04 +121 -1: C:/Users/cesar/Devocional_nuevo/test/controllers/tts_timer_pause_resume_test.dart: TTS Timer Pause/Resume Behavior should maintain accumulated time after pause and resume
00:04 +122 -1: C:/Users/cesar/Devocional_nuevo/test/controllers/tts_timer_pause_resume_test.dart: TTS Timer Pause/Resume Behavior should maintain accumulated time after pause and resume
00:04 +123 -1: C:/Users/cesar/Devocional_nuevo/test/controllers/tts_timer_pause_resume_test.dart: TTS Timer Pause/Resume Behavior should maintain accumulated time after pause and resume
00:04 +124 -1: C:/Users/cesar/Devocional_nuevo/test/controllers/tts_timer_pause_resume_test.dart: TTS Timer Pause/Resume Behavior should maintain accumulated time after pause and resume
00:04 +125 -1: C:/Users/cesar/Devocional_nuevo/test/controllers/tts_timer_pause_resume_test.dart: TTS Timer Pause/Resume Behavior should maintain accumulated time after pause and resume
00:04 +126 -1: C:/Users/cesar/Devocional_nuevo/test/controllers/tts_timer_pause_resume_test.dart: TTS Timer Pause/Resume Behavior should maintain accumulated time after pause and resume
00:04 +127 -1: C:/Users/cesar/Devocional_nuevo/test/controllers/tts_timer_pause_resume_test.dart: TTS Timer Pause/Resume Behavior should maintain accumulated time after pause and resume
00:04 +128 -1: C:/Users/cesar/Devocional_nuevo/test/controllers/tts_timer_pause_resume_test.dart: TTS Timer Pause/Resume Behavior should maintain accumulated time after pause and resume
00:04 +129 -1: C:/Users/cesar/Devocional_nuevo/test/controllers/tts_timer_pause_resume_test.dart: TTS Timer Pause/Resume Behavior should maintain accumulated time after pause and resume
00:04 +130 -1: C:/Users/cesar/Devocional_nuevo/test/controllers/tts_timer_pause_resume_test.dart: TTS Timer Pause/Resume Behavior should maintain accumulated time after pause and resume
­ƒÄÜ´©Å [TTS Controller] Velocidad aplicada: mini=1.0 (settings=0.5)
ÔûÂ´©Å [TTS Controller] REANUDANDO desde posici├│n: 1s
ÔûÂ´©Å [TTS Controller] Saltando 3/23 palabras, quedan 20 palabras
­ƒÄñ [TTS Controller] Llamando flutterTts.speak() con 122 caracteres
­ƒÄñ [TTS Controller] flutterTts.speak() completado (async)
ÔûÂ´©Å [TTS Controller] Cambiando estado de LOADING a PLAYING
ÔÅ▒´©Å [TTS Controller] Iniciando timer manualmente (fallback)
ÔÅ▒´©Å [TTS Controller] ========== INICIANDO TIMER DE PROGRESO ==========
ÔÅ▒´©Å [TTS Controller] Timer anterior cancelado (si exist├¡a)
ÔÅ▒´©Å [TTS Controller] Hora de inicio: 2025-12-23T15:37:29.444175
ÔÅ▒´©Å [TTS Controller] Posici├│n acumulada: 1s
ÔÅ▒´©Å [TTS Controller] Duraci├│n total: 9s
ÔÅ▒´©Å [TTS Controller] Timer creado y corriendo cada 500ms
ÔÅ▒´©Å [TTS Controller] ========== TIMER INICIADO ==========
ÔûÂ´©Å [TTS Controller] Estado final: TtsPlayerState.playing
ÔûÂ´©Å [TTS Controller] ========== FIN PLAY() ==========
00:04 +131 -1: C:/Users/cesar/Devocional_nuevo/test/controllers/tts_timer_pause_resume_test.dart: TTS Timer Pause/Resume Behavior should maintain accumulated time after pause and resume
00:04 +132 -1: C:/Users/cesar/Devocional_nuevo/test/controllers/tts_timer_pause_resume_test.dart: TTS Timer Pause/Resume Behavior should maintain accumulated time after pause and resume
00:04 +133 -1: C:/Users/cesar/Devocional_nuevo/test/controllers/tts_timer_pause_resume_test.dart: TTS Timer Pause/Resume Behavior should maintain accumulated time after pause and resume
00:04 +134 -1: C:/Users/cesar/Devocional_nuevo/test/controllers/tts_timer_pause_resume_test.dart: TTS Timer Pause/Resume Behavior should maintain accumulated time after pause and resume
00:04 +135 -1: C:/Users/cesar/Devocional_nuevo/test/controllers/tts_timer_pause_resume_test.dart: TTS Timer Pause/Resume Behavior should maintain accumulated time after pause and resume
00:04 +136 -1: C:/Users/cesar/Devocional_nuevo/test/controllers/tts_timer_pause_resume_test.dart: TTS Timer Pause/Resume Behavior should maintain accumulated time after pause and resume
00:04 +137 -1: C:/Users/cesar/Devocional_nuevo/test/controllers/tts_timer_pause_resume_test.dart: TTS Timer Pause/Resume Behavior should maintain accumulated time after pause and resume
00:04 +138 -1: C:/Users/cesar/Devocional_nuevo/test/controllers/tts_timer_pause_resume_test.dart: TTS Timer Pause/Resume Behavior should maintain accumulated time after pause and resume
ÔÅ▒´©Å [TTS Controller] TICK - Posici├│n: 2s / 9s
00:04 +139 -1: C:/Users/cesar/Devocional_nuevo/test/controllers/tts_timer_pause_resume_test.dart: TTS Timer Pause/Resume Behavior should maintain accumulated time after pause and resume
00:04 +140 -1: C:/Users/cesar/Devocional_nuevo/test/controllers/tts_timer_pause_resume_test.dart: TTS Timer Pause/Resume Behavior should maintain accumulated time after pause and resume
00:04 +141 -1: C:/Users/cesar/Devocional_nuevo/test/controllers/tts_timer_pause_resume_test.dart: TTS Timer Pause/Resume Behavior should maintain accumulated time after pause and resume
00:04 +142 -1: C:/Users/cesar/Devocional_nuevo/test/controllers/tts_timer_pause_resume_test.dart: TTS Timer Pause/Resume Behavior should maintain accumulated time after pause and resume
00:04 +143 -1: C:/Users/cesar/Devocional_nuevo/test/controllers/tts_timer_pause_resume_test.dart: TTS Timer Pause/Resume Behavior should maintain accumulated time after pause and resume
00:04 +144 -1: C:/Users/cesar/Devocional_nuevo/test/controllers/tts_timer_pause_resume_test.dart: TTS Timer Pause/Resume Behavior should maintain accumulated time after pause and resume
00:04 +145 -1: C:/Users/cesar/Devocional_nuevo/test/controllers/tts_timer_pause_resume_test.dart: TTS Timer Pause/Resume Behavior should maintain accumulated time after pause and resume
00:04 +146 -1: C:/Users/cesar/Devocional_nuevo/test/controllers/tts_timer_pause_resume_test.dart: TTS Timer Pause/Resume Behavior should maintain accumulated time after pause and resume
00:04 +147 -1: C:/Users/cesar/Devocional_nuevo/test/controllers/tts_timer_pause_resume_test.dart: TTS Timer Pause/Resume Behavior should maintain accumulated time after pause and resume
00:04 +148 -1: C:/Users/cesar/Devocional_nuevo/test/controllers/tts_timer_pause_resume_test.dart: TTS Timer Pause/Resume Behavior should maintain accumulated time after pause and resume
00:04 +149 -1: C:/Users/cesar/Devocional_nuevo/test/controllers/tts_timer_pause_resume_test.dart: TTS Timer Pause/Resume Behavior should maintain accumulated time after pause and resume
00:04 +150 -1: C:/Users/cesar/Devocional_nuevo/test/controllers/tts_timer_pause_resume_test.dart: TTS Timer Pause/Resume Behavior should maintain accumulated time after pause and resume
00:04 +151 -1: C:/Users/cesar/Devocional_nuevo/test/controllers/tts_timer_pause_resume_test.dart: TTS Timer Pause/Resume Behavior should maintain accumulated time after pause and resume
00:04 +152 -1: C:/Users/cesar/Devocional_nuevo/test/controllers/tts_timer_pause_resume_test.dart: TTS Timer Pause/Resume Behavior should maintain accumulated time after pause and resume
00:04 +153 -1: C:/Users/cesar/Devocional_nuevo/test/controllers/tts_timer_pause_resume_test.dart: TTS Timer Pause/Resume Behavior should maintain accumulated time after pause and resume
00:04 +154 -1: C:/Users/cesar/Devocional_nuevo/test/controllers/tts_timer_pause_resume_test.dart: TTS Timer Pause/Resume Behavior should maintain accumulated time after pause and resume
00:04 +155 -1: C:/Users/cesar/Devocional_nuevo/test/controllers/tts_timer_pause_resume_test.dart: TTS Timer Pause/Resume Behavior should maintain accumulated time after pause and resume
00:04 +156 -1: C:/Users/cesar/Devocional_nuevo/test/controllers/tts_timer_pause_resume_test.dart: TTS Timer Pause/Resume Behavior should maintain accumulated time after pause and resume
00:04 +157 -1: C:/Users/cesar/Devocional_nuevo/test/controllers/tts_timer_pause_resume_test.dart: TTS Timer Pause/Resume Behavior should maintain accumulated time after pause and resume
00:04 +158 -1: C:/Users/cesar/Devocional_nuevo/test/controllers/tts_timer_pause_resume_test.dart: TTS Timer Pause/Resume Behavior should maintain accumulated time after pause and resume
00:04 +159 -1: C:/Users/cesar/Devocional_nuevo/test/controllers/tts_timer_pause_resume_test.dart: TTS Timer Pause/Resume Behavior should maintain accumulated time after pause and resume
00:04 +160 -1: C:/Users/cesar/Devocional_nuevo/test/controllers/tts_timer_pause_resume_test.dart: TTS Timer Pause/Resume Behavior should maintain accumulated time after pause and resume
00:04 +161 -1: C:/Users/cesar/Devocional_nuevo/test/controllers/tts_timer_pause_resume_test.dart: TTS Timer Pause/Resume Behavior should maintain accumulated time after pause and resume
00:05 +162 -1: C:/Users/cesar/Devocional_nuevo/test/controllers/tts_timer_pause_resume_test.dart: TTS Timer Pause/Resume Behavior should maintain accumulated time after pause and resume
00:05 +163 -1: C:/Users/cesar/Devocional_nuevo/test/controllers/tts_timer_pause_resume_test.dart: TTS Timer Pause/Resume Behavior should maintain accumulated time after pause and resume
00:05 +164 -1: C:/Users/cesar/Devocional_nuevo/test/controllers/tts_timer_pause_resume_test.dart: TTS Timer Pause/Resume Behavior should maintain accumulated time after pause and resume
00:05 +165 -1: C:/Users/cesar/Devocional_nuevo/test/controllers/tts_timer_pause_resume_test.dart: TTS Timer Pause/Resume Behavior should maintain accumulated time after pause and resume
00:05 +166 -1: C:/Users/cesar/Devocional_nuevo/test/controllers/tts_timer_pause_resume_test.dart: TTS Timer Pause/Resume Behavior should maintain accumulated time after pause and resume
00:05 +167 -1: C:/Users/cesar/Devocional_nuevo/test/controllers/tts_timer_pause_resume_test.dart: TTS Timer Pause/Resume Behavior should maintain accumulated time after pause and resume
00:05 +168 -1: C:/Users/cesar/Devocional_nuevo/test/controllers/tts_timer_pause_resume_test.dart: TTS Timer Pause/Resume Behavior should maintain accumulated time after pause and resume
00:05 +169 -1: C:/Users/cesar/Devocional_nuevo/test/controllers/tts_timer_pause_resume_test.dart: TTS Timer Pause/Resume Behavior should maintain accumulated time after pause and resume
00:05 +170 -1: C:/Users/cesar/Devocional_nuevo/test/controllers/tts_timer_pause_resume_test.dart: TTS Timer Pause/Resume Behavior should maintain accumulated time after pause and resume
00:05 +171 -1: C:/Users/cesar/Devocional_nuevo/test/controllers/tts_timer_pause_resume_test.dart: TTS Timer Pause/Resume Behavior should maintain accumulated time after pause and resume
00:05 +172 -1: C:/Users/cesar/Devocional_nuevo/test/controllers/tts_timer_pause_resume_test.dart: TTS Timer Pause/Resume Behavior should maintain accumulated time after pause and resume
00:05 +173 -1: C:/Users/cesar/Devocional_nuevo/test/controllers/tts_timer_pause_resume_test.dart: TTS Timer Pause/Resume Behavior should maintain accumulated time after pause and resume
00:05 +174 -1: C:/Users/cesar/Devocional_nuevo/test/controllers/tts_timer_pause_resume_test.dart: TTS Timer Pause/Resume Behavior should maintain accumulated time after pause and resume
00:05 +175 -1: C:/Users/cesar/Devocional_nuevo/test/controllers/tts_timer_pause_resume_test.dart: TTS Timer Pause/Resume Behavior should maintain accumulated time after pause and resume
00:05 +176 -1: C:/Users/cesar/Devocional_nuevo/test/controllers/tts_timer_pause_resume_test.dart: TTS Timer Pause/Resume Behavior should maintain accumulated time after pause and resume
00:05 +177 -1: C:/Users/cesar/Devocional_nuevo/test/controllers/tts_timer_pause_resume_test.dart: TTS Timer Pause/Resume Behavior should maintain accumulated time after pause and resume
00:05 +178 -1: C:/Users/cesar/Devocional_nuevo/test/controllers/tts_timer_pause_resume_test.dart: TTS Timer Pause/Resume Behavior should maintain accumulated time after pause and resume
00:05 +179 -1: C:/Users/cesar/Devocional_nuevo/test/controllers/tts_timer_pause_resume_test.dart: TTS Timer Pause/Resume Behavior should maintain accumulated time after pause and resume
00:05 +180 -1: C:/Users/cesar/Devocional_nuevo/test/controllers/tts_timer_pause_resume_test.dart: TTS Timer Pause/Resume Behavior should maintain accumulated time after pause and resume
00:05 +181 -1: C:/Users/cesar/Devocional_nuevo/test/controllers/tts_timer_pause_resume_test.dart: TTS Timer Pause/Resume Behavior should maintain accumulated time after pause and resume
00:05 +182 -1: C:/Users/cesar/Devocional_nuevo/test/controllers/tts_timer_pause_resume_test.dart: TTS Timer Pause/Resume Behavior should maintain accumulated time after pause and resume
00:05 +183 -1: C:/Users/cesar/Devocional_nuevo/test/controllers/tts_timer_pause_resume_test.dart: TTS Timer Pause/Resume Behavior should maintain accumulated time after pause and resume
00:05 +184 -1: C:/Users/cesar/Devocional_nuevo/test/controllers/tts_timer_pause_resume_test.dart: TTS Timer Pause/Resume Behavior should maintain accumulated time after pause and resume
00:05 +185 -1: C:/Users/cesar/Devocional_nuevo/test/controllers/tts_timer_pause_resume_test.dart: TTS Timer Pause/Resume Behavior should maintain accumulated time after pause and resume
00:05 +186 -1: C:/Users/cesar/Devocional_nuevo/test/controllers/tts_timer_pause_resume_test.dart: TTS Timer Pause/Resume Behavior should maintain accumulated time after pause and resume
00:05 +187 -1: C:/Users/cesar/Devocional_nuevo/test/controllers/tts_timer_pause_resume_test.dart: TTS Timer Pause/Resume Behavior should maintain accumulated time after pause and resume
00:05 +188 -1: C:/Users/cesar/Devocional_nuevo/test/controllers/tts_timer_pause_resume_test.dart: TTS Timer Pause/Resume Behavior should maintain accumulated time after pause and resume
00:05 +188 -1: C:/Users/cesar/Devocional_nuevo/test/critical_coverage/devocional_model_user_flows_test.dart: Devocional Model - User Behavior Tests handles invalid date format gracefully
Error parsing date: not-a-valid-date, using DateTime.now(). Error: FormatException: Invalid date format
not-a-valid-date
00:05 +189 -1: C:/Users/cesar/Devocional_nuevo/test/controllers/tts_timer_pause_resume_test.dart: TTS Timer Pause/Resume Behavior should maintain accumulated time after pause and resume
00:05 +190 -1: C:/Users/cesar/Devocional_nuevo/test/controllers/tts_timer_pause_resume_test.dart: TTS Timer Pause/Resume Behavior should maintain accumulated time after pause and resume
00:05 +191 -1: C:/Users/cesar/Devocional_nuevo/test/controllers/tts_timer_pause_resume_test.dart: TTS Timer Pause/Resume Behavior should maintain accumulated time after pause and resume
00:05 +192 -1: C:/Users/cesar/Devocional_nuevo/test/controllers/tts_timer_pause_resume_test.dart: TTS Timer Pause/Resume Behavior should maintain accumulated time after pause and resume
00:05 +193 -1: C:/Users/cesar/Devocional_nuevo/test/controllers/tts_timer_pause_resume_test.dart: TTS Timer Pause/Resume Behavior should maintain accumulated time after pause and resume
00:05 +194 -1: C:/Users/cesar/Devocional_nuevo/test/controllers/tts_timer_pause_resume_test.dart: TTS Timer Pause/Resume Behavior should maintain accumulated time after pause and resume
00:05 +195 -1: C:/Users/cesar/Devocional_nuevo/test/controllers/tts_timer_pause_resume_test.dart: TTS Timer Pause/Resume Behavior should maintain accumulated time after pause and resume
00:05 +196 -1: C:/Users/cesar/Devocional_nuevo/test/controllers/tts_timer_pause_resume_test.dart: TTS Timer Pause/Resume Behavior should maintain accumulated time after pause and resume
00:05 +197 -1: C:/Users/cesar/Devocional_nuevo/test/controllers/tts_timer_pause_resume_test.dart: TTS Timer Pause/Resume Behavior should maintain accumulated time after pause and resume
00:05 +198 -1: C:/Users/cesar/Devocional_nuevo/test/controllers/tts_timer_pause_resume_test.dart: TTS Timer Pause/Resume Behavior should maintain accumulated time after pause and resume
00:05 +199 -1: C:/Users/cesar/Devocional_nuevo/test/controllers/tts_timer_pause_resume_test.dart: TTS Timer Pause/Resume Behavior should maintain accumulated time after pause and resume
00:05 +200 -1: C:/Users/cesar/Devocional_nuevo/test/controllers/tts_timer_pause_resume_test.dart: TTS Timer Pause/Resume Behavior should maintain accumulated time after pause and resume
00:05 +201 -1: C:/Users/cesar/Devocional_nuevo/test/controllers/tts_timer_pause_resume_test.dart: TTS Timer Pause/Resume Behavior should maintain accumulated time after pause and resume
00:05 +202 -1: C:/Users/cesar/Devocional_nuevo/test/controllers/tts_timer_pause_resume_test.dart: TTS Timer Pause/Resume Behavior should maintain accumulated time after pause and resume
00:05 +203 -1: C:/Users/cesar/Devocional_nuevo/test/controllers/tts_timer_pause_resume_test.dart: TTS Timer Pause/Resume Behavior should maintain accumulated time after pause and resume
00:05 +204 -1: C:/Users/cesar/Devocional_nuevo/test/controllers/tts_timer_pause_resume_test.dart: TTS Timer Pause/Resume Behavior should maintain accumulated time after pause and resume
ÔÅ▒´©Å [TTS Controller] TICK - Posici├│n: 2s / 9s
00:05 +205 -1: C:/Users/cesar/Devocional_nuevo/test/controllers/tts_timer_pause_resume_test.dart: TTS Timer Pause/Resume Behavior should maintain accumulated time after pause and resume
[TEST] Position after resume: 2s
ÔÅ▒´©Å [TTS Controller] TICK - Posici├│n: 3s / 9s
[TTS Controller] stop() llamado, estado previo: TtsPlayerState.playing
00:05 +206 -1: C:/Users/cesar/Devocional_nuevo/test/controllers/tts_timer_pause_resume_test.dart: TTS Timer Pause/Resume Behavior should maintain accumulated time after pause and resume
[TTS Controller] estado actual: TtsPlayerState.idle
00:05 +207 -1: C:/Users/cesar/Devocional_nuevo/test/controllers/tts_timer_pause_resume_test.dart: TTS Timer Pause/Resume Behavior should maintain accumulated time after pause and resume
00:05 +208 -1: C:/Users/cesar/Devocional_nuevo/test/controllers/tts_timer_pause_resume_test.dart: TTS Timer Pause/Resume Behavior should maintain accumulated time after pause and resume
00:05 +209 -1: C:/Users/cesar/Devocional_nuevo/test/controllers/tts_timer_pause_resume_test.dart: TTS Timer Pause/Resume Behavior should maintain accumulated time after pause and resume
00:05 +210 -1: C:/Users/cesar/Devocional_nuevo/test/controllers/tts_timer_pause_resume_test.dart: TTS Timer Pause/Resume Behavior should maintain accumulated time after pause and resume
00:06 +211 -1: C:/Users/cesar/Devocional_nuevo/test/controllers/tts_timer_pause_resume_test.dart: TTS Timer Pause/Resume Behavior should handle multiple pause/resume cycles correctly
­ƒöº [TTS Controller] Inicializado playbackRate: mini=1.0 (settings=0.5)
­ƒôØ [TTS Controller] setText llamado con 68 caracteres, idioma: en
­ƒôØ [TTS Controller] Palabras: 10 -> 4 segundos estimados
­ƒôØ [TTS Controller] Duraci├│n total estimada: 4s
­ƒôØ [TTS Controller] Posici├│n inicializada a 0:00
ÔûÂ´©Å [TTS Controller] ========== PLAY() LLAMADO ==========
ÔûÂ´©Å [TTS Controller] Estado previo: TtsPlayerState.idle
ÔûÂ´©Å [TTS Controller] Posici├│n acumulada: 0s
ÔûÂ´©Å [TTS Controller] Texto completo: 68 caracteres
ÔÅ│ [TTS Controller] Cambiando estado a LOADING
00:06 +211 -1: C:/Users/cesar/Devocional_nuevo/test/critical_coverage/devocional_provider_working_test.dart: DevocionalProvider Robust Tests initial state validation
­ƒÅù´©Å Provider: Constructor iniciado
00:06 +211 -1: C:/Users/cesar/Devocional_nuevo/test/controllers/tts_timer_pause_resume_test.dart: TTS Timer Pause/Resume Behavior should handle multiple pause/resume cycles correctly
­ƒÄÜ´©Å [TTS Controller] Velocidad aplicada: mini=1.0 (settings=0.5)
ÔûÂ´©Å [TTS Controller] INICIANDO desde el principio
­ƒÄñ [TTS Controller] Llamando flutterTts.speak() con 68 caracteres
­ƒÄñ [TTS Controller] flutterTts.speak() completado (async)
ÔûÂ´©Å [TTS Controller] Cambiando estado de LOADING a PLAYING
ÔÅ▒´©Å [TTS Controller] Iniciando timer manualmente (fallback)
ÔÅ▒´©Å [TTS Controller] ========== INICIANDO TIMER DE PROGRESO ==========
ÔÅ▒´©Å [TTS Controller] Timer anterior cancelado (si exist├¡a)
ÔÅ▒´©Å [TTS Controller] Hora de inicio: 2025-12-23T15:37:31.485372
ÔÅ▒´©Å [TTS Controller] Posici├│n acumulada: 0s
ÔÅ▒´©Å [TTS Controller] Duraci├│n total: 4s
ÔÅ▒´©Å [TTS Controller] Timer creado y corriendo cada 500ms
ÔÅ▒´©Å [TTS Controller] ========== TIMER INICIADO ==========
ÔûÂ´©Å [TTS Controller] Estado final: TtsPlayerState.playing
ÔûÂ´©Å [TTS Controller] ========== FIN PLAY() ==========
00:06 +211 -1: C:/Users/cesar/Devocional_nuevo/test/critical_coverage/devocional_provider_working_test.dart: DevocionalProvider Robust Tests initial state validation
AudioController: Initializing reactive proxy...
AudioController: Reactive proxy initialized
Ô£à Provider: Constructor completado
Loading from API for language: en, version: KJV
­ƒöì Requesting URL: https://raw.githubusercontent.com/develop4God/Devocionales-json/refs/heads/main/Devocional_year_2025_en_KJV.json
Error en _fetchAllDevocionalesForLanguage: Exception: Failed to load from API: 400
­ƒº╣ Provider: Disposing...
AudioController: Disposing reactive proxy...
ÔÅ╣´©Å TTS: Stop requested (current state: TtsState.idle) at 2025-12-23 15:37:31.504179
AudioController: Reactive proxy disposed
Ô£à Provider: Disposed
Ô£à TTS: Stop completed at 2025-12-23 15:37:31.508695
­ƒº╣ TTS: Service disposed at 2025-12-23 15:37:31.509709
00:06 +212 -1: C:/Users/cesar/Devocional_nuevo/test/controllers/tts_timer_pause_resume_test.dart: TTS Timer Pause/Resume Behavior should handle multiple pause/resume cycles correctly
00:06 +212 -1: C:/Users/cesar/Devocional_nuevo/test/critical_coverage/devocional_provider_working_test.dart: DevocionalProvider Robust Tests supported languages and fallback behavior
­ƒÅù´©Å Provider: Constructor iniciado
AudioController: Initializing reactive proxy...
AudioController: Reactive proxy initialized
Ô£à Provider: Constructor completado
Error loading from local storage: MissingPluginException(No implementation found for method getApplicationDocumentsDirectory on channel plugins.flutter.io/path_provider)
Loading from API for language: en, version: KJV
­ƒöì Requesting URL: https://raw.githubusercontent.com/develop4God/Devocionales-json/refs/heads/main/Devocional_year_2025_en_KJV.json
Error en _fetchAllDevocionalesForLanguage: Exception: Failed to load from API: 400
­ƒîÉ TTS: Language context set to es (RVR1960)
ÔÜá´©Å TTS: Cannot update language - service not initialized
Language unsupported not available, using es
Error loading from local storage: MissingPluginException(No implementation found for method getApplicationDocumentsDirectory on channel plugins.flutter.io/path_provider)
Loading from API for language: es, version: RVR1960
­ƒöì Requesting URL: https://raw.githubusercontent.com/develop4God/Devocionales-json/refs/heads/main/Devocional_year_2025.json
Error en _fetchAllDevocionalesForLanguage: Exception: Failed to load from API: 400
00:06 +212 -1: C:/Users/cesar/Devocional_nuevo/test/controllers/tts_timer_pause_resume_test.dart: TTS Timer Pause/Resume Behavior should handle multiple pause/resume cycles correctly
00:06 +213 -1: C:/Users/cesar/Devocional_nuevo/test/controllers/tts_timer_pause_resume_test.dart: TTS Timer Pause/Resume Behavior should handle multiple pause/resume cycles correctly
00:06 +214 -1: C:/Users/cesar/Devocional_nuevo/test/controllers/tts_timer_pause_resume_test.dart: TTS Timer Pause/Resume Behavior should handle multiple pause/resume cycles correctly
00:06 +215 -1: C:/Users/cesar/Devocional_nuevo/test/controllers/tts_timer_pause_resume_test.dart: TTS Timer Pause/Resume Behavior should handle multiple pause/resume cycles correctly
00:06 +216 -1: C:/Users/cesar/Devocional_nuevo/test/controllers/tts_timer_pause_resume_test.dart: TTS Timer Pause/Resume Behavior should handle multiple pause/resume cycles correctly
00:06 +217 -1: C:/Users/cesar/Devocional_nuevo/test/controllers/tts_timer_pause_resume_test.dart: TTS Timer Pause/Resume Behavior should handle multiple pause/resume cycles correctly
00:06 +218 -1: C:/Users/cesar/Devocional_nuevo/test/controllers/tts_timer_pause_resume_test.dart: TTS Timer Pause/Resume Behavior should handle multiple pause/resume cycles correctly
00:06 +219 -1: C:/Users/cesar/Devocional_nuevo/test/controllers/tts_timer_pause_resume_test.dart: TTS Timer Pause/Resume Behavior should handle multiple pause/resume cycles correctly
00:06 +220 -1: C:/Users/cesar/Devocional_nuevo/test/controllers/tts_timer_pause_resume_test.dart: TTS Timer Pause/Resume Behavior should handle multiple pause/resume cycles correctly
00:06 +221 -1: C:/Users/cesar/Devocional_nuevo/test/controllers/tts_timer_pause_resume_test.dart: TTS Timer Pause/Resume Behavior should handle multiple pause/resume cycles correctly
00:06 +222 -1: C:/Users/cesar/Devocional_nuevo/test/controllers/tts_timer_pause_resume_test.dart: TTS Timer Pause/Resume Behavior should handle multiple pause/resume cycles correctly
00:06 +223 -1: C:/Users/cesar/Devocional_nuevo/test/controllers/tts_timer_pause_resume_test.dart: TTS Timer Pause/Resume Behavior should handle multiple pause/resume cycles correctly
00:06 +224 -1: C:/Users/cesar/Devocional_nuevo/test/controllers/tts_timer_pause_resume_test.dart: TTS Timer Pause/Resume Behavior should handle multiple pause/resume cycles correctly
00:06 +225 -1: C:/Users/cesar/Devocional_nuevo/test/controllers/tts_timer_pause_resume_test.dart: TTS Timer Pause/Resume Behavior should handle multiple pause/resume cycles correctly
00:06 +226 -1: C:/Users/cesar/Devocional_nuevo/test/controllers/tts_timer_pause_resume_test.dart: TTS Timer Pause/Resume Behavior should handle multiple pause/resume cycles correctly
00:06 +227 -1: C:/Users/cesar/Devocional_nuevo/test/controllers/tts_timer_pause_resume_test.dart: TTS Timer Pause/Resume Behavior should handle multiple pause/resume cycles correctly
00:06 +227 -1: C:/Users/cesar/Devocional_nuevo/test/critical_coverage/devocional_provider_working_test.dart: DevocionalProvider Robust Tests supported languages and fallback behavior
­ƒîÉ TTS: Language context set to en (KJV)
ÔÜá´©Å TTS: Cannot update language - service not initialized
Error loading from local storage: MissingPluginException(No implementation found for method getApplicationDocumentsDirectory on channel plugins.flutter.io/path_provider)
Loading from API for language: en, version: KJV
­ƒöì Requesting URL: https://raw.githubusercontent.com/develop4God/Devocionales-json/refs/heads/main/Devocional_year_2025_en_KJV.json
Error en _fetchAllDevocionalesForLanguage: Exception: Failed to load from API: 400
00:06 +228 -1: C:/Users/cesar/Devocional_nuevo/test/controllers/tts_timer_pause_resume_test.dart: TTS Timer Pause/Resume Behavior should handle multiple pause/resume cycles correctly
00:06 +229 -1: C:/Users/cesar/Devocional_nuevo/test/controllers/tts_timer_pause_resume_test.dart: TTS Timer Pause/Resume Behavior should handle multiple pause/resume cycles correctly
00:06 +230 -1: C:/Users/cesar/Devocional_nuevo/test/controllers/tts_timer_pause_resume_test.dart: TTS Timer Pause/Resume Behavior should handle multiple pause/resume cycles correctly
00:06 +231 -1: C:/Users/cesar/Devocional_nuevo/test/controllers/tts_timer_pause_resume_test.dart: TTS Timer Pause/Resume Behavior should handle multiple pause/resume cycles correctly
00:06 +232 -1: C:/Users/cesar/Devocional_nuevo/test/controllers/tts_timer_pause_resume_test.dart: TTS Timer Pause/Resume Behavior should handle multiple pause/resume cycles correctly
00:06 +233 -1: C:/Users/cesar/Devocional_nuevo/test/controllers/tts_timer_pause_resume_test.dart: TTS Timer Pause/Resume Behavior should handle multiple pause/resume cycles correctly
00:06 +234 -1: C:/Users/cesar/Devocional_nuevo/test/controllers/tts_timer_pause_resume_test.dart: TTS Timer Pause/Resume Behavior should handle multiple pause/resume cycles correctly
00:06 +235 -1: C:/Users/cesar/Devocional_nuevo/test/controllers/tts_timer_pause_resume_test.dart: TTS Timer Pause/Resume Behavior should handle multiple pause/resume cycles correctly
00:06 +236 -1: C:/Users/cesar/Devocional_nuevo/test/controllers/tts_timer_pause_resume_test.dart: TTS Timer Pause/Resume Behavior should handle multiple pause/resume cycles correctly
00:06 +237 -1: C:/Users/cesar/Devocional_nuevo/test/controllers/tts_timer_pause_resume_test.dart: TTS Timer Pause/Resume Behavior should handle multiple pause/resume cycles correctly
00:06 +238 -1: C:/Users/cesar/Devocional_nuevo/test/controllers/tts_timer_pause_resume_test.dart: TTS Timer Pause/Resume Behavior should handle multiple pause/resume cycles correctly
00:06 +239 -1: C:/Users/cesar/Devocional_nuevo/test/controllers/tts_timer_pause_resume_test.dart: TTS Timer Pause/Resume Behavior should handle multiple pause/resume cycles correctly
00:06 +240 -1: C:/Users/cesar/Devocional_nuevo/test/controllers/tts_timer_pause_resume_test.dart: TTS Timer Pause/Resume Behavior should handle multiple pause/resume cycles correctly
00:06 +241 -1: C:/Users/cesar/Devocional_nuevo/test/controllers/tts_timer_pause_resume_test.dart: TTS Timer Pause/Resume Behavior should handle multiple pause/resume cycles correctly
00:06 +242 -1: C:/Users/cesar/Devocional_nuevo/test/controllers/tts_timer_pause_resume_test.dart: TTS Timer Pause/Resume Behavior should handle multiple pause/resume cycles correctly
00:06 +243 -1: C:/Users/cesar/Devocional_nuevo/test/controllers/tts_timer_pause_resume_test.dart: TTS Timer Pause/Resume Behavior should handle multiple pause/resume cycles correctly
00:06 +244 -1: C:/Users/cesar/Devocional_nuevo/test/controllers/tts_timer_pause_resume_test.dart: TTS Timer Pause/Resume Behavior should handle multiple pause/resume cycles correctly
00:06 +245 -1: C:/Users/cesar/Devocional_nuevo/test/controllers/tts_timer_pause_resume_test.dart: TTS Timer Pause/Resume Behavior should handle multiple pause/resume cycles correctly
00:06 +246 -1: C:/Users/cesar/Devocional_nuevo/test/controllers/tts_timer_pause_resume_test.dart: TTS Timer Pause/Resume Behavior should handle multiple pause/resume cycles correctly
00:06 +247 -1: C:/Users/cesar/Devocional_nuevo/test/controllers/tts_timer_pause_resume_test.dart: TTS Timer Pause/Resume Behavior should handle multiple pause/resume cycles correctly
00:06 +248 -1: C:/Users/cesar/Devocional_nuevo/test/controllers/tts_timer_pause_resume_test.dart: TTS Timer Pause/Resume Behavior should handle multiple pause/resume cycles correctly
00:06 +249 -1: C:/Users/cesar/Devocional_nuevo/test/controllers/tts_timer_pause_resume_test.dart: TTS Timer Pause/Resume Behavior should handle multiple pause/resume cycles correctly
00:06 +249 -1: C:/Users/cesar/Devocional_nuevo/test/critical_coverage/devocional_provider_working_test.dart: DevocionalProvider Robust Tests supported languages and fallback behavior
­ƒº╣ Provider: Disposing...
AudioController: Disposing reactive proxy...
ÔÅ╣´©Å TTS: Stop requested (current state: TtsState.idle) at 2025-12-23 15:37:31.945734
00:06 +250 -1: C:/Users/cesar/Devocional_nuevo/test/controllers/tts_timer_pause_resume_test.dart: TTS Timer Pause/Resume Behavior should handle multiple pause/resume cycles correctly
00:06 +250 -1: C:/Users/cesar/Devocional_nuevo/test/critical_coverage/devocional_provider_working_test.dart: DevocionalProvider Robust Tests supported languages and fallback behavior
AudioController: Reactive proxy disposed
00:06 +251 -1: C:/Users/cesar/Devocional_nuevo/test/controllers/tts_timer_pause_resume_test.dart: TTS Timer Pause/Resume Behavior should handle multiple pause/resume cycles correctly
00:06 +251 -1: C:/Users/cesar/Devocional_nuevo/test/critical_coverage/devocional_provider_working_test.dart: DevocionalProvider Robust Tests supported languages and fallback behavior
Ô£à Provider: Disposed
00:06 +252 -1: C:/Users/cesar/Devocional_nuevo/test/controllers/tts_timer_pause_resume_test.dart: TTS Timer Pause/Resume Behavior should handle multiple pause/resume cycles correctly
00:06 +252 -1: C:/Users/cesar/Devocional_nuevo/test/critical_coverage/devocional_provider_working_test.dart: DevocionalProvider Robust Tests supported languages and fallback behavior
ÔÜá´©Å TTS: Stop error (continuing with reset): MissingPluginException(No implementation found for method stop on channel flutter_tts)
Ô£à TTS: Stop completed at 2025-12-23 15:37:31.952865
­ƒº╣ TTS: Service disposed at 2025-12-23 15:37:31.952865
00:06 +252 -1: C:/Users/cesar/Devocional_nuevo/test/critical_coverage/devocional_provider_working_test.dart: DevocionalProvider Robust Tests changing language updates data and version defaults
­ƒÅù´©Å Provider: Constructor iniciado
00:06 +252 -1: C:/Users/cesar/Devocional_nuevo/test/controllers/tts_timer_pause_resume_test.dart: TTS Timer Pause/Resume Behavior should handle multiple pause/resume cycles correctly
ÔÅ▒´©Å [TTS Controller] TICK - Posici├│n: 0s / 4s
00:06 +252 -1: C:/Users/cesar/Devocional_nuevo/test/critical_coverage/devocional_provider_working_test.dart: DevocionalProvider Robust Tests changing language updates data and version defaults
AudioController: Initializing reactive proxy...
AudioController: Reactive proxy initialized
Ô£à Provider: Constructor completado
00:06 +252 -1: C:/Users/cesar/Devocional_nuevo/test/controllers/tts_timer_pause_resume_test.dart: TTS Timer Pause/Resume Behavior should handle multiple pause/resume cycles correctly
ÔÅ©´©Å [TTS Controller] ========== PAUSE() LLAMADO ==========
00:06 +252 -1: C:/Users/cesar/Devocional_nuevo/test/critical_coverage/devocional_provider_working_test.dart: DevocionalProvider Robust Tests changing language updates data and version defaults
Error loading from local storage: MissingPluginException(No implementation found for method getApplicationDocumentsDirectory on channel plugins.flutter.io/path_provider)
Loading from API for language: en, version: KJV
­ƒöì Requesting URL: https://raw.githubusercontent.com/develop4God/Devocionales-json/refs/heads/main/Devocional_year_2025_en_KJV.json
Error en _fetchAllDevocionalesForLanguage: Exception: Failed to load from API: 400
00:06 +252 -1: C:/Users/cesar/Devocional_nuevo/test/controllers/tts_timer_pause_resume_test.dart: TTS Timer Pause/Resume Behavior should handle multiple pause/resume cycles correctly
ÔÅ©´©Å [TTS Controller] Estado previo: TtsPlayerState.playing
00:06 +252 -1: C:/Users/cesar/Devocional_nuevo/test/critical_coverage/devocional_provider_working_test.dart: DevocionalProvider Robust Tests changing language updates data and version defaults
­ƒº╣ Provider: Disposing...
AudioController: Disposing reactive proxy...
ÔÅ╣´©Å TTS: Stop requested (current state: TtsState.idle) at 2025-12-23 15:37:31.994128
00:06 +252 -1: C:/Users/cesar/Devocional_nuevo/test/controllers/tts_timer_pause_resume_test.dart: TTS Timer Pause/Resume Behavior should handle multiple pause/resume cycles correctly
ÔÅ©´©Å [TTS Controller] Posici├│n actual antes de pausar: 0s
[TTS Controller] Pausing timer - session elapsed: 0s, total accumulated: 0s
00:06 +252 -1: C:/Users/cesar/Devocional_nuevo/test/critical_coverage/devocional_provider_working_test.dart: DevocionalProvider Robust Tests changing language updates data and version defaults
AudioController: Reactive proxy disposed
Ô£à Provider: Disposed
00:06 +252 -1: C:/Users/cesar/Devocional_nuevo/test/controllers/tts_timer_pause_resume_test.dart: TTS Timer Pause/Resume Behavior should handle multiple pause/resume cycles correctly
ÔÅ©´©Å [TTS Controller] Estado final: TtsPlayerState.paused
00:06 +253 -1: C:/Users/cesar/Devocional_nuevo/test/controllers/tts_timer_pause_resume_test.dart: TTS Timer Pause/Resume Behavior should handle multiple pause/resume cycles correctly
ÔÅ©´©Å [TTS Controller] Posici├│n acumulada guardada: 0s
00:06 +253 -1: C:/Users/cesar/Devocional_nuevo/test/critical_coverage/devocional_provider_working_test.dart: DevocionalProvider Robust Tests changing language updates data and version defaults
ÔÜá´©Å TTS: Stop error (continuing with reset): MissingPluginException(No implementation found for method stop on channel flutter_tts)
Ô£à TTS: Stop completed at 2025-12-23 15:37:32.001042
00:06 +253 -1: C:/Users/cesar/Devocional_nuevo/test/controllers/tts_timer_pause_resume_test.dart: TTS Timer Pause/Resume Behavior should handle multiple pause/resume cycles correctly
ÔÅ©´©Å [TTS Controller] ========== FIN PAUSE() ==========
00:06 +253 -1: C:/Users/cesar/Devocional_nuevo/test/critical_coverage/devocional_provider_working_test.dart: DevocionalProvider Robust Tests changing language updates data and version defaults
­ƒº╣ TTS: Service disposed at 2025-12-23 15:37:32.001042
00:06 +253 -1: C:/Users/cesar/Devocional_nuevo/test/critical_coverage/devocional_provider_working_test.dart: DevocionalProvider Robust Tests changing version updates data
­ƒÅù´©Å Provider: Constructor iniciado
AudioController: Initializing reactive proxy...
AudioController: Reactive proxy initialized
Ô£à Provider: Constructor completado
Error loading from local storage: MissingPluginException(No implementation found for method getApplicationDocumentsDirectory on channel plugins.flutter.io/path_provider)
Loading from API for language: en, version: KJV
­ƒöì Requesting URL: https://raw.githubusercontent.com/develop4God/Devocionales-json/refs/heads/main/Devocional_year_2025_en_KJV.json
Error en _fetchAllDevocionalesForLanguage: Exception: Failed to load from API: 400
­ƒîÉ TTS: Language context set to en (NVI)
ÔÜá´©Å TTS: Cannot update language - service not initialized
Error loading from local storage: MissingPluginException(No implementation found for method getApplicationDocumentsDirectory on channel plugins.flutter.io/path_provider)
Loading from API for language: en, version: NVI
­ƒöì Requesting URL: https://raw.githubusercontent.com/develop4God/Devocionales-json/refs/heads/main/Devocional_year_2025_en_NVI.json
Error en _fetchAllDevocionalesForLanguage: Exception: Failed to load from API: 400
­ƒº╣ Provider: Disposing...
AudioController: Disposing reactive proxy...
ÔÅ╣´©Å TTS: Stop requested (current state: TtsState.idle) at 2025-12-23 15:37:32.129158
AudioController: Reactive proxy disposed
Ô£à Provider: Disposed
00:07 +254 -1: C:/Users/cesar/Devocional_nuevo/test/controllers/tts_timer_pause_resume_test.dart: TTS Timer Pause/Resume Behavior should handle multiple pause/resume cycles correctly
00:07 +254 -1: C:/Users/cesar/Devocional_nuevo/test/critical_coverage/devocional_provider_working_test.dart: DevocionalProvider Robust Tests changing version updates data
ÔÜá´©Å TTS: Stop error (continuing with reset): MissingPluginException(No implementation found for method stop on channel flutter_tts)
Ô£à TTS: Stop completed at 2025-12-23 15:37:32.130669
­ƒº╣ TTS: Service disposed at 2025-12-23 15:37:32.130669
00:07 +254 -1: C:/Users/cesar/Devocional_nuevo/test/critical_coverage/devocional_provider_working_test.dart: DevocionalProvider Robust Tests favorite management works correctly
­ƒÅù´©Å Provider: Constructor iniciado
AudioController: Initializing reactive proxy...
AudioController: Reactive proxy initialized
00:07 +254 -1: C:/Users/cesar/Devocional_nuevo/test/controllers/tts_timer_pause_resume_test.dart: TTS Timer Pause/Resume Behavior should handle multiple pause/resume cycles correctly
ÔûÂ´©Å [TTS Controller] ========== PLAY() LLAMADO ==========
ÔûÂ´©Å [TTS Controller] Estado previo: TtsPlayerState.paused
ÔûÂ´©Å [TTS Controller] Posici├│n acumulada: 0s
ÔûÂ´©Å [TTS Controller] Texto completo: 68 caracteres
ÔÅ│ [TTS Controller] Cambiando estado a LOADING
­ƒÄÜ´©Å [TTS Controller] Velocidad aplicada: mini=1.0 (settings=0.5)
ÔûÂ´©Å [TTS Controller] REANUDANDO desde posici├│n: 0s
ÔûÂ´©Å [TTS Controller] Saltando 0/10 palabras, quedan 10 palabras
­ƒÄñ [TTS Controller] Llamando flutterTts.speak() con 68 caracteres
­ƒÄñ [TTS Controller] flutterTts.speak() completado (async)
ÔûÂ´©Å [TTS Controller] Cambiando estado de LOADING a PLAYING
ÔÅ▒´©Å [TTS Controller] Iniciando timer manualmente (fallback)
ÔÅ▒´©Å [TTS Controller] ========== INICIANDO TIMER DE PROGRESO ==========
ÔÅ▒´©Å [TTS Controller] Timer anterior cancelado (si exist├¡a)
ÔÅ▒´©Å [TTS Controller] Hora de inicio: 2025-12-23T15:37:32.727234
ÔÅ▒´©Å [TTS Controller] Posici├│n acumulada: 0s
ÔÅ▒´©Å [TTS Controller] Duraci├│n total: 4s
ÔÅ▒´©Å [TTS Controller] Timer creado y corriendo cada 500ms
ÔÅ▒´©Å [TTS Controller] ========== TIMER INICIADO ==========
ÔûÂ´©Å [TTS Controller] Estado final: TtsPlayerState.playing
ÔûÂ´©Å [TTS Controller] ========== FIN PLAY() ==========
00:07 +255 -1: C:/Users/cesar/Devocional_nuevo/test/controllers/tts_timer_pause_resume_test.dart: TTS Timer Pause/Resume Behavior should handle multiple pause/resume cycles correctly
00:07 +256 -1: C:/Users/cesar/Devocional_nuevo/test/controllers/tts_timer_pause_resume_test.dart: TTS Timer Pause/Resume Behavior should handle multiple pause/resume cycles correctly
00:07 +257 -1: C:/Users/cesar/Devocional_nuevo/test/controllers/tts_timer_pause_resume_test.dart: TTS Timer Pause/Resume Behavior should handle multiple pause/resume cycles correctly
00:07 +258 -1: C:/Users/cesar/Devocional_nuevo/test/controllers/tts_timer_pause_resume_test.dart: TTS Timer Pause/Resume Behavior should handle multiple pause/resume cycles correctly
00:07 +259 -1: C:/Users/cesar/Devocional_nuevo/test/controllers/tts_timer_pause_resume_test.dart: TTS Timer Pause/Resume Behavior should handle multiple pause/resume cycles correctly
00:07 +260 -1: C:/Users/cesar/Devocional_nuevo/test/controllers/tts_timer_pause_resume_test.dart: TTS Timer Pause/Resume Behavior should handle multiple pause/resume cycles correctly
00:07 +261 -1: C:/Users/cesar/Devocional_nuevo/test/controllers/tts_timer_pause_resume_test.dart: TTS Timer Pause/Resume Behavior should handle multiple pause/resume cycles correctly
00:08 +262 -1: C:/Users/cesar/Devocional_nuevo/test/controllers/tts_timer_pause_resume_test.dart: TTS Timer Pause/Resume Behavior should handle multiple pause/resume cycles correctly
00:08 +263 -1: C:/Users/cesar/Devocional_nuevo/test/controllers/tts_timer_pause_resume_test.dart: TTS Timer Pause/Resume Behavior should handle multiple pause/resume cycles correctly
00:08 +264 -1: C:/Users/cesar/Devocional_nuevo/test/controllers/tts_timer_pause_resume_test.dart: TTS Timer Pause/Resume Behavior should handle multiple pause/resume cycles correctly
00:08 +265 -1: C:/Users/cesar/Devocional_nuevo/test/controllers/tts_timer_pause_resume_test.dart: TTS Timer Pause/Resume Behavior should handle multiple pause/resume cycles correctly
00:08 +266 -1: C:/Users/cesar/Devocional_nuevo/test/controllers/tts_timer_pause_resume_test.dart: TTS Timer Pause/Resume Behavior should handle multiple pause/resume cycles correctly
00:08 +267 -1: C:/Users/cesar/Devocional_nuevo/test/controllers/tts_timer_pause_resume_test.dart: TTS Timer Pause/Resume Behavior should handle multiple pause/resume cycles correctly
00:08 +268 -1: C:/Users/cesar/Devocional_nuevo/test/controllers/tts_timer_pause_resume_test.dart: TTS Timer Pause/Resume Behavior should handle multiple pause/resume cycles correctly
00:08 +269 -1: C:/Users/cesar/Devocional_nuevo/test/controllers/tts_timer_pause_resume_test.dart: TTS Timer Pause/Resume Behavior should handle multiple pause/resume cycles correctly
00:08 +270 -1: C:/Users/cesar/Devocional_nuevo/test/controllers/tts_timer_pause_resume_test.dart: TTS Timer Pause/Resume Behavior should handle multiple pause/resume cycles correctly
00:08 +271 -1: C:/Users/cesar/Devocional_nuevo/test/controllers/tts_timer_pause_resume_test.dart: TTS Timer Pause/Resume Behavior should handle multiple pause/resume cycles correctly
00:08 +272 -1: C:/Users/cesar/Devocional_nuevo/test/controllers/tts_timer_pause_resume_test.dart: TTS Timer Pause/Resume Behavior should handle multiple pause/resume cycles correctly
00:08 +273 -1: C:/Users/cesar/Devocional_nuevo/test/controllers/tts_timer_pause_resume_test.dart: TTS Timer Pause/Resume Behavior should handle multiple pause/resume cycles correctly
00:08 +274 -1: C:/Users/cesar/Devocional_nuevo/test/controllers/tts_timer_pause_resume_test.dart: TTS Timer Pause/Resume Behavior should handle multiple pause/resume cycles correctly
00:08 +275 -1: C:/Users/cesar/Devocional_nuevo/test/controllers/tts_timer_pause_resume_test.dart: TTS Timer Pause/Resume Behavior should handle multiple pause/resume cycles correctly
00:08 +276 -1: C:/Users/cesar/Devocional_nuevo/test/controllers/tts_timer_pause_resume_test.dart: TTS Timer Pause/Resume Behavior should handle multiple pause/resume cycles correctly
00:08 +277 -1: C:/Users/cesar/Devocional_nuevo/test/controllers/tts_timer_pause_resume_test.dart: TTS Timer Pause/Resume Behavior should handle multiple pause/resume cycles correctly
00:08 +278 -1: C:/Users/cesar/Devocional_nuevo/test/controllers/tts_timer_pause_resume_test.dart: TTS Timer Pause/Resume Behavior should handle multiple pause/resume cycles correctly
00:08 +279 -1: C:/Users/cesar/Devocional_nuevo/test/controllers/tts_timer_pause_resume_test.dart: TTS Timer Pause/Resume Behavior should handle multiple pause/resume cycles correctly
00:08 +280 -1: C:/Users/cesar/Devocional_nuevo/test/controllers/tts_timer_pause_resume_test.dart: TTS Timer Pause/Resume Behavior should handle multiple pause/resume cycles correctly
00:08 +281 -1: C:/Users/cesar/Devocional_nuevo/test/controllers/tts_timer_pause_resume_test.dart: TTS Timer Pause/Resume Behavior should handle multiple pause/resume cycles correctly
00:08 +282 -1: C:/Users/cesar/Devocional_nuevo/test/controllers/tts_timer_pause_resume_test.dart: TTS Timer Pause/Resume Behavior should handle multiple pause/resume cycles correctly
00:08 +282 -1: C:/Users/cesar/Devocional_nuevo/test/critical_coverage/devocional_provider_working_test.dart: DevocionalProvider Robust Tests favorite management works correctly
Ô£à Provider: Constructor completado
Error loading from local storage: MissingPluginException(No implementation found for method getApplicationDocumentsDirectory on channel plugins.flutter.io/path_provider)
Loading from API for language: en, version: KJV
­ƒöì Requesting URL: https://raw.githubusercontent.com/develop4God/Devocionales-json/refs/heads/main/Devocional_year_2025_en_KJV.json
Error en _fetchAllDevocionalesForLanguage: Exception: Failed to load from API: 400
­ƒº╣ Provider: Disposing...
AudioController: Disposing reactive proxy...
ÔÅ╣´©Å TTS: Stop requested (current state: TtsState.idle) at 2025-12-23 15:37:33.136301
AudioController: Reactive proxy disposed
Ô£à Provider: Disposed
00:08 +283 -1: C:/Users/cesar/Devocional_nuevo/test/controllers/tts_timer_pause_resume_test.dart: TTS Timer Pause/Resume Behavior should handle multiple pause/resume cycles correctly
00:08 +283 -1: C:/Users/cesar/Devocional_nuevo/test/critical_coverage/devocional_provider_working_test.dart: DevocionalProvider Robust Tests favorite management works correctly
ÔÜá´©Å TTS: Stop error (continuing with reset): MissingPluginException(No implementation found for method stop on channel flutter_tts)
Ô£à TTS: Stop completed at 2025-12-23 15:37:33.150340
­ƒº╣ TTS: Service disposed at 2025-12-23 15:37:33.150340
00:08 +283 -1: C:/Users/cesar/Devocional_nuevo/test/critical_coverage/devocional_provider_working_test.dart: DevocionalProvider Robust Tests audio methods delegate without error
­ƒÅù´©Å Provider: Constructor iniciado
AudioController: Initializing reactive proxy...
AudioController: Reactive proxy initialized
Ô£à Provider: Constructor completado
Error loading from local storage: MissingPluginException(No implementation found for method getApplicationDocumentsDirectory on channel plugins.flutter.io/path_provider)
Loading from API for language: en, version: KJV
­ƒöì Requesting URL: https://raw.githubusercontent.com/develop4God/Devocionales-json/refs/heads/main/Devocional_year_2025_en_KJV.json
Error en _fetchAllDevocionalesForLanguage: Exception: Failed to load from API: 400
­ƒÄÁ Provider: playDevotional llamado para audio_test
­ƒîÉ TTS: Language context set to en (KJV)
ÔÜá´©Å TTS: Cannot update language - service not initialized
­ƒÄÁ AudioController: playDevotional(audio_test) called
­ƒÄÁ Current state before play: currentId=null, state=TtsState.idle, isActive=false
AudioController: Starting operation: playDevotional
­ƒÄñ TTS: Starting devotional audio_test at 2025-12-23 15:37:33.161620
­ƒöº TTS: Initializing service...
­ƒöº TTS: Loading config - Language: en-US, Rate: 0.5
ÔØî TTS: Initialization failed: MissingPluginException(No implementation found for method setLanguage on channel flutter_tts)
ÔØî TTS: speakDevotional failed: MissingPluginException(No implementation found for method setLanguage on channel flutter_tts) at 2025-12-23 15:37:33.164616
AudioController: Error playing devotional: MissingPluginException(No implementation found for method setLanguage on channel flutter_tts)
AudioController: Resetting operationInProgress
AudioController: Cannot pause - not playing (state: TtsState.idle)
AudioController: Cannot resume - not paused (state: TtsState.idle)
AudioController: Stop requested (state: TtsState.idle)
AudioController: Applying IMMEDIATE stop...
AudioController: Immediate stop applied - calling service async
ÔÅ╣´©Å TTS: Stop requested (current state: TtsState.error) at 2025-12-23 15:37:33.166619
AudioController: Immediate stop completed
AudioController: Toggle for audio_test (current: null, state: TtsState.idle)
AudioController: Different devotional or idle state - starting new
­ƒÄÁ AudioController: playDevotional(audio_test) called
­ƒÄÁ Current state before play: currentId=null, state=TtsState.idle, isActive=false
AudioController: Starting operation: playDevotional
­ƒÄñ TTS: Starting devotional audio_test at 2025-12-23 15:37:33.167618
­ƒöº TTS: Initializing service...
­ƒöº TTS: Loading config - Language: en-US, Rate: 0.5
ÔÜá´©Å TTS: Stop error (continuing with reset): MissingPluginException(No implementation found for method stop on channel flutter_tts)
Ô£à TTS: Stop completed at 2025-12-23 15:37:33.169616
AudioController: Service stop completed asynchronously
ÔØî TTS: Initialization failed: MissingPluginException(No implementation found for method setLanguage on channel flutter_tts)
ÔØî TTS: speakDevotional failed: MissingPluginException(No implementation found for method setLanguage on channel flutter_tts) at 2025-12-23 15:37:33.169616
AudioController: Error playing devotional: MissingPluginException(No implementation found for method setLanguage on channel flutter_tts)
AudioController: Resetting operationInProgress
­ƒöº TTS: Initializing service...
­ƒöº TTS: Loading config - Language: en-US, Rate: 0.5
ÔØî TTS: Initialization failed: MissingPluginException(No implementation found for method setLanguage on channel flutter_tts)
AudioController: Error getting languages: MissingPluginException(No implementation found for method setLanguage on channel flutter_tts)
ÔØî VoiceSettings: Failed to get available voices: MissingPluginException(No implementation found for method getVoices on channel flutter_tts)
ÔØî VoiceSettings: Failed to get voices for es: MissingPluginException(No implementation found for method getVoices on channel flutter_tts)
­ƒöº TTS: Initializing service...
­ƒöº TTS: Loading config - Language: en-US, Rate: 0.5
ÔØî TTS: Initialization failed: MissingPluginException(No implementation found for method setLanguage on channel flutter_tts)
AudioController: Error setting language: MissingPluginException(No implementation found for method setLanguage on channel flutter_tts)
­ƒöº TTS: Initializing service...
­ƒöº TTS: Loading config - Language: en-US, Rate: 0.5
ÔØî TTS: Initialization failed: MissingPluginException(No implementation found for method setLanguage on channel flutter_tts)
AudioController: Error setting voice: MissingPluginException(No implementation found for method setLanguage on channel flutter_tts)
­ƒöº TTS: Initializing service...
­ƒöº TTS: Loading config - Language: en-US, Rate: 0.5
ÔØî TTS: Initialization failed: MissingPluginException(No implementation found for method setLanguage on channel flutter_tts)
AudioController: Error setting speech rate: MissingPluginException(No implementation found for method setLanguage on channel flutter_tts)
­ƒº╣ Provider: Disposing...
AudioController: Disposing reactive proxy...
ÔÅ╣´©Å TTS: Stop requested (current state: TtsState.error) at 2025-12-23 15:37:33.186116
AudioController: Reactive proxy disposed
Ô£à Provider: Disposed
00:08 +284 -1: C:/Users/cesar/Devocional_nuevo/test/controllers/tts_timer_pause_resume_test.dart: TTS Timer Pause/Resume Behavior should handle multiple pause/resume cycles correctly
00:08 +284 -1: C:/Users/cesar/Devocional_nuevo/test/critical_coverage/devocional_provider_working_test.dart: DevocionalProvider Robust Tests audio methods delegate without error
ÔÜá´©Å TTS: Stop error (continuing with reset): MissingPluginException(No implementation found for method stop on channel flutter_tts)
Ô£à TTS: Stop completed at 2025-12-23 15:37:33.189116
­ƒº╣ TTS: Service disposed at 2025-12-23 15:37:33.190116
00:08 +284 -1: C:/Users/cesar/Devocional_nuevo/test/critical_coverage/devocional_provider_working_test.dart: DevocionalProvider Robust Tests reading tracking and recording works correctly
­ƒÅù´©Å Provider: Constructor iniciado
00:08 +284 -1: C:/Users/cesar/Devocional_nuevo/test/controllers/tts_timer_pause_resume_test.dart: TTS Timer Pause/Resume Behavior should handle multiple pause/resume cycles correctly
ÔÅ▒´©Å [TTS Controller] TICK - Posici├│n: 1s / 4s
ÔÅ©´©Å [TTS Controller] ========== PAUSE() LLAMADO ==========
ÔÅ©´©Å [TTS Controller] Estado previo: TtsPlayerState.playing
ÔÅ©´©Å [TTS Controller] Posici├│n actual antes de pausar: 1s
[TTS Controller] Pausing timer - session elapsed: 0s, total accumulated: 1s
ÔÅ©´©Å [TTS Controller] Estado final: TtsPlayerState.paused
ÔÅ©´©Å [TTS Controller] Posici├│n acumulada guardada: 1s
ÔÅ©´©Å [TTS Controller] ========== FIN PAUSE() ==========
00:08 +284 -1: C:/Users/cesar/Devocional_nuevo/test/critical_coverage/devocional_provider_working_test.dart: DevocionalProvider Robust Tests reading tracking and recording works correctly
AudioController: Initializing reactive proxy...
AudioController: Reactive proxy initialized
Ô£à Provider: Constructor completado
Error loading from local storage: MissingPluginException(No implementation found for method getApplicationDocumentsDirectory on channel plugins.flutter.io/path_provider)
Loading from API for language: en, version: KJV
­ƒöì Requesting URL: https://raw.githubusercontent.com/develop4God/Devocionales-json/refs/heads/main/Devocional_year_2025_en_KJV.json
Error en _fetchAllDevocionalesForLanguage: Exception: Failed to load from API: 400
[TRACKER] pause() - acumulado: 0 segundos, session: 0, startTime: 2025-12-23 15:37:33.222269, pausedTime: 2025-12-23 15:37:33.223267
[TRACKER] resume() - acumulado antes de reanudar: 0 segundos, pausedTime: 2025-12-23 15:37:33.223267
­ƒÄ» [STATS] Registro por lectura: track_id
­ƒÄ» [STATS] Iniciando registro de devocional: track_id, fuente: read
­ƒÄ» [STATS] Criterios: tiempo=0, scroll=0.0, escuchado=0.0, cumple=false
­ƒÄ» [STATS] Devocional no cumple criterio, no se suma: track_id
Error creating auto-backup: MissingPluginException(No implementation found for method getApplicationDocumentsDirectory on channel plugins.flutter.io/path_provider)
Auto-backup created (490700.6 hours since last)
Ô£à Recorded devotional read: track_id
­ƒº╣ Provider: Disposing...
AudioController: Disposing reactive proxy...
ÔÅ╣´©Å TTS: Stop requested (current state: TtsState.idle) at 2025-12-23 15:37:33.243086
AudioController: Reactive proxy disposed
Ô£à Provider: Disposed
00:08 +285 -1: C:/Users/cesar/Devocional_nuevo/test/controllers/tts_timer_pause_resume_test.dart: TTS Timer Pause/Resume Behavior should handle multiple pause/resume cycles correctly
00:08 +285 -1: C:/Users/cesar/Devocional_nuevo/test/critical_coverage/devocional_provider_working_test.dart: DevocionalProvider Robust Tests reading tracking and recording works correctly
ÔÜá´©Å TTS: Stop error (continuing with reset): MissingPluginException(No implementation found for method stop on channel flutter_tts)
Ô£à TTS: Stop completed at 2025-12-23 15:37:33.246094
­ƒº╣ TTS: Service disposed at 2025-12-23 15:37:33.247094
00:08 +285 -1: C:/Users/cesar/Devocional_nuevo/test/critical_coverage/devocional_provider_working_test.dart: DevocionalProvider Robust Tests offline download and storage lifecycle
­ƒÅù´©Å Provider: Constructor iniciado
AudioController: Initializing reactive proxy...
AudioController: Reactive proxy initialized
Ô£à Provider: Constructor completado
Error loading from local storage: MissingPluginException(No implementation found for method getApplicationDocumentsDirectory on channel plugins.flutter.io/path_provider)
Loading from API for language: en, version: KJV
­ƒöì Requesting URL: https://raw.githubusercontent.com/develop4God/Devocionales-json/refs/heads/main/Devocional_year_2025_en_KJV.json
Error en _fetchAllDevocionalesForLanguage: Exception: Failed to load from API: 400
­ƒöì Requesting URL: https://raw.githubusercontent.com/develop4God/Devocionales-json/refs/heads/main/Devocional_year_2025_en_KJV.json
­ƒöì Language: en, Version: KJV
ÔØî HTTP Error 400: 
ÔØî Error in downloadAndStoreDevocionales: Exception: HTTP Error 400: 
­ƒöä Trying version fallback for en KJV
­ƒöä Available versions for en: [KJV, NIV]
­ƒöä Versions to try in order: [NIV]
­ƒöä Trying fallback version: NIV
­ƒöì Requesting URL: https://raw.githubusercontent.com/develop4God/Devocionales-json/refs/heads/main/Devocional_year_2025_en_NIV.json
­ƒöì Language: en, Version: NIV
ÔØî HTTP Error 400: 
ÔØî Error in downloadAndStoreDevocionales: Exception: HTTP Error 400: 
ÔØî All version fallbacks failed for en
Error checking local file: MissingPluginException(No implementation found for method getApplicationDocumentsDirectory on channel plugins.flutter.io/path_provider)
­ƒöì Requesting URL: https://raw.githubusercontent.com/develop4God/Devocionales-json/refs/heads/main/Devocional_year_2025_en_KJV.json
­ƒöì Language: en, Version: KJV
ÔØî HTTP Error 400: 
ÔØî Error in downloadAndStoreDevocionales: Exception: HTTP Error 400: 
Error deleting local files: MissingPluginException(No implementation found for method getApplicationDocumentsDirectory on channel plugins.flutter.io/path_provider)
Error checking local file: MissingPluginException(No implementation found for method getApplicationDocumentsDirectory on channel plugins.flutter.io/path_provider)
­ƒº╣ Provider: Disposing...
AudioController: Disposing reactive proxy...
ÔÅ╣´©Å TTS: Stop requested (current state: TtsState.idle) at 2025-12-23 15:37:33.264616
AudioController: Reactive proxy disposed
Ô£à Provider: Disposed
00:08 +286 -1: C:/Users/cesar/Devocional_nuevo/test/controllers/tts_timer_pause_resume_test.dart: TTS Timer Pause/Resume Behavior should handle multiple pause/resume cycles correctly
00:08 +286 -1: C:/Users/cesar/Devocional_nuevo/test/critical_coverage/devocional_provider_working_test.dart: DevocionalProvider Robust Tests offline download and storage lifecycle
ÔÜá´©Å TTS: Stop error (continuing with reset): MissingPluginException(No implementation found for method stop on channel flutter_tts)
Ô£à TTS: Stop completed at 2025-12-23 15:37:33.265615
­ƒº╣ TTS: Service disposed at 2025-12-23 15:37:33.265615
00:08 +286 -1: C:/Users/cesar/Devocional_nuevo/test/critical_coverage/devocional_provider_working_test.dart: DevocionalProvider Robust Tests error handling in loading data
­ƒÅù´©Å Provider: Constructor iniciado
AudioController: Initializing reactive proxy...
AudioController: Reactive proxy initialized
Ô£à Provider: Constructor completado
Error loading from local storage: MissingPluginException(No implementation found for method getApplicationDocumentsDirectory on channel plugins.flutter.io/path_provider)
Loading from API for language: en, version: KJV
­ƒöì Requesting URL: https://raw.githubusercontent.com/develop4God/Devocionales-json/refs/heads/main/Devocional_year_2025_en_KJV.json
Error en _fetchAllDevocionalesForLanguage: Exception: Failed to load from API: 400
­ƒÅù´©Å Provider: Constructor iniciado
AudioController: Initializing reactive proxy...
AudioController: Reactive proxy initialized
Ô£à Provider: Constructor completado
Error loading from local storage: MissingPluginException(No implementation found for method getApplicationDocumentsDirectory on channel plugins.flutter.io/path_provider)
Loading from API for language: es, version: bad_version
­ƒöì Requesting URL: https://raw.githubusercontent.com/develop4God/Devocionales-json/refs/heads/main/Devocional_year_2025_es_bad_version.json
Error en _fetchAllDevocionalesForLanguage: Exception: Failed to load from API: 400
­ƒº╣ Provider: Disposing...
AudioController: Disposing reactive proxy...
ÔÅ╣´©Å TTS: Stop requested (current state: TtsState.idle) at 2025-12-23 15:37:33.285336
AudioController: Reactive proxy disposed
Ô£à Provider: Disposed
00:08 +287 -1: C:/Users/cesar/Devocional_nuevo/test/controllers/tts_timer_pause_resume_test.dart: TTS Timer Pause/Resume Behavior should handle multiple pause/resume cycles correctly
00:08 +287 -1: C:/Users/cesar/Devocional_nuevo/test/critical_coverage/devocional_provider_working_test.dart: DevocionalProvider Robust Tests error handling in loading data
ÔÜá´©Å TTS: Stop error (continuing with reset): MissingPluginException(No implementation found for method stop on channel flutter_tts)
Ô£à TTS: Stop completed at 2025-12-23 15:37:33.286350
­ƒº╣ TTS: Service disposed at 2025-12-23 15:37:33.286350
00:08 +287 -1: C:/Users/cesar/Devocional_nuevo/test/critical_coverage/devocional_provider_working_test.dart: DevocionalProvider Robust Tests invitation dialog preference management
­ƒÅù´©Å Provider: Constructor iniciado
AudioController: Initializing reactive proxy...
AudioController: Reactive proxy initialized
Ô£à Provider: Constructor completado
Error loading from local storage: MissingPluginException(No implementation found for method getApplicationDocumentsDirectory on channel plugins.flutter.io/path_provider)
Loading from API for language: en, version: KJV
­ƒöì Requesting URL: https://raw.githubusercontent.com/develop4God/Devocionales-json/refs/heads/main/Devocional_year_2025_en_KJV.json
Error en _fetchAllDevocionalesForLanguage: Exception: Failed to load from API: 400
­ƒº╣ Provider: Disposing...
AudioController: Disposing reactive proxy...
ÔÅ╣´©Å TTS: Stop requested (current state: TtsState.idle) at 2025-12-23 15:37:33.299551
AudioController: Reactive proxy disposed
Ô£à Provider: Disposed
00:08 +288 -1: C:/Users/cesar/Devocional_nuevo/test/controllers/tts_timer_pause_resume_test.dart: TTS Timer Pause/Resume Behavior should handle multiple pause/resume cycles correctly
00:08 +288 -1: C:/Users/cesar/Devocional_nuevo/test/critical_coverage/devocional_provider_working_test.dart: DevocionalProvider Robust Tests invitation dialog preference management
ÔÜá´©Å TTS: Stop error (continuing with reset): MissingPluginException(No implementation found for method stop on channel flutter_tts)
Ô£à TTS: Stop completed at 2025-12-23 15:37:33.300552
­ƒº╣ TTS: Service disposed at 2025-12-23 15:37:33.301551
00:08 +288 -1: C:/Users/cesar/Devocional_nuevo/test/critical_coverage/devocional_provider_working_test.dart: DevocionalProvider Robust Tests utility methods behave correctly
­ƒÅù´©Å Provider: Constructor iniciado
AudioController: Initializing reactive proxy...
AudioController: Reactive proxy initialized
Ô£à Provider: Constructor completado
Error loading from local storage: MissingPluginException(No implementation found for method getApplicationDocumentsDirectory on channel plugins.flutter.io/path_provider)
Loading from API for language: en, version: KJV
­ƒöì Requesting URL: https://raw.githubusercontent.com/develop4God/Devocionales-json/refs/heads/main/Devocional_year_2025_en_KJV.json
Error en _fetchAllDevocionalesForLanguage: Exception: Failed to load from API: 400
­ƒöì Requesting URL: https://raw.githubusercontent.com/develop4God/Devocionales-json/refs/heads/main/Devocional_year_2025_en_KJV.json
­ƒöì Language: en, Version: KJV
ÔØî HTTP Error 400: 
ÔØî Error in downloadAndStoreDevocionales: Exception: HTTP Error 400: 
­ƒöì Requesting URL: https://raw.githubusercontent.com/develop4God/Devocionales-json/refs/heads/main/Devocional_year_2026_en_KJV.json
­ƒöì Language: en, Version: KJV
ÔØî HTTP Error 400: 
ÔØî Error in downloadAndStoreDevocionales: Exception: HTTP Error 400: 
­ƒº╣ Provider: Disposing...
AudioController: Disposing reactive proxy...
ÔÅ╣´©Å TTS: Stop requested (current state: TtsState.idle) at 2025-12-23 15:37:33.312763
AudioController: Reactive proxy disposed
Ô£à Provider: Disposed
00:08 +289 -1: C:/Users/cesar/Devocional_nuevo/test/controllers/tts_timer_pause_resume_test.dart: TTS Timer Pause/Resume Behavior should handle multiple pause/resume cycles correctly
00:08 +289 -1: C:/Users/cesar/Devocional_nuevo/test/critical_coverage/devocional_provider_working_test.dart: DevocionalProvider Robust Tests utility methods behave correctly
ÔÜá´©Å TTS: Stop error (continuing with reset): MissingPluginException(No implementation found for method stop on channel flutter_tts)
Ô£à TTS: Stop completed at 2025-12-23 15:37:33.313758
­ƒº╣ TTS: Service disposed at 2025-12-23 15:37:33.314822
00:08 +289 -1: C:/Users/cesar/Devocional_nuevo/test/critical_coverage/devocional_provider_working_test.dart: DevocionalProvider Robust Tests Japanese version codes are correctly configured
­ƒÅù´©Å Provider: Constructor iniciado
AudioController: Initializing reactive proxy...
AudioController: Reactive proxy initialized
Ô£à Provider: Constructor completado
Error loading from local storage: MissingPluginException(No implementation found for method getApplicationDocumentsDirectory on channel plugins.flutter.io/path_provider)
Loading from API for language: en, version: KJV
­ƒöì Requesting URL: https://raw.githubusercontent.com/develop4God/Devocionales-json/refs/heads/main/Devocional_year_2025_en_KJV.json
Error en _fetchAllDevocionalesForLanguage: Exception: Failed to load from API: 400
­ƒîÉ TTS: Language context set to ja (µû░µö╣Þ¿│2003)
ÔÜá´©Å TTS: Cannot update language - service not initialized
Error loading from local storage: MissingPluginException(No implementation found for method getApplicationDocumentsDirectory on channel plugins.flutter.io/path_provider)
Loading from API for language: ja, version: µû░µö╣Þ¿│2003
­ƒöì Requesting URL: https://raw.githubusercontent.com/develop4God/Devocionales-json/refs/heads/main/Devocional_year_2025_ja_µû░µö╣Þ¿│2003.json
Error en _fetchAllDevocionalesForLanguage: Exception: Failed to load from API: 400
00:08 +289 -1: C:/Users/cesar/Devocional_nuevo/test/controllers/tts_timer_pause_resume_test.dart: TTS Timer Pause/Resume Behavior should handle multiple pause/resume cycles correctly
00:08 +290 -1: C:/Users/cesar/Devocional_nuevo/test/controllers/tts_timer_pause_resume_test.dart: TTS Timer Pause/Resume Behavior should handle multiple pause/resume cycles correctly
00:08 +291 -1: C:/Users/cesar/Devocional_nuevo/test/controllers/tts_timer_pause_resume_test.dart: TTS Timer Pause/Resume Behavior should handle multiple pause/resume cycles correctly
00:08 +292 -1: C:/Users/cesar/Devocional_nuevo/test/controllers/tts_timer_pause_resume_test.dart: TTS Timer Pause/Resume Behavior should handle multiple pause/resume cycles correctly
00:08 +293 -1: C:/Users/cesar/Devocional_nuevo/test/controllers/tts_timer_pause_resume_test.dart: TTS Timer Pause/Resume Behavior should handle multiple pause/resume cycles correctly
00:08 +294 -1: C:/Users/cesar/Devocional_nuevo/test/controllers/tts_timer_pause_resume_test.dart: TTS Timer Pause/Resume Behavior should handle multiple pause/resume cycles correctly
00:08 +295 -1: C:/Users/cesar/Devocional_nuevo/test/controllers/tts_timer_pause_resume_test.dart: TTS Timer Pause/Resume Behavior should handle multiple pause/resume cycles correctly
00:08 +296 -1: C:/Users/cesar/Devocional_nuevo/test/controllers/tts_timer_pause_resume_test.dart: TTS Timer Pause/Resume Behavior should handle multiple pause/resume cycles correctly
00:08 +297 -1: C:/Users/cesar/Devocional_nuevo/test/controllers/tts_timer_pause_resume_test.dart: TTS Timer Pause/Resume Behavior should handle multiple pause/resume cycles correctly
00:08 +298 -1: C:/Users/cesar/Devocional_nuevo/test/controllers/tts_timer_pause_resume_test.dart: TTS Timer Pause/Resume Behavior should handle multiple pause/resume cycles correctly
00:08 +299 -1: C:/Users/cesar/Devocional_nuevo/test/controllers/tts_timer_pause_resume_test.dart: TTS Timer Pause/Resume Behavior should handle multiple pause/resume cycles correctly
00:08 +300 -1: C:/Users/cesar/Devocional_nuevo/test/controllers/tts_timer_pause_resume_test.dart: TTS Timer Pause/Resume Behavior should handle multiple pause/resume cycles correctly
00:08 +300 -1: C:/Users/cesar/Devocional_nuevo/test/critical_coverage/devocional_provider_working_test.dart: DevocionalProvider Robust Tests error handling in loading data
AudioController: Force syncing state: TtsState.idle -> TtsState.stopping
AudioController: Force update triggered - currentState: TtsState.stopping, operationInProgress: false
00:08 +300 -1: C:/Users/cesar/Devocional_nuevo/test/controllers/tts_timer_pause_resume_test.dart: TTS Timer Pause/Resume Behavior should handle multiple pause/resume cycles correctly
ÔûÂ´©Å [TTS Controller] ========== PLAY() LLAMADO ==========
ÔûÂ´©Å [TTS Controller] Estado previo: TtsPlayerState.paused
ÔûÂ´©Å [TTS Controller] Posici├│n acumulada: 1s
ÔûÂ´©Å [TTS Controller] Texto completo: 68 caracteres
ÔÅ│ [TTS Controller] Cambiando estado a LOADING
00:08 +300 -1: C:/Users/cesar/Devocional_nuevo/test/critical_coverage/devocional_provider_working_test.dart: DevocionalProvider Robust Tests Japanese version codes are correctly configured
­ƒîÉ TTS: Language context set to ja (Òâ¬ÒâôÒâ│Òé░ÒâÉÒéñÒâûÒâ½)
ÔÜá´©Å TTS: Cannot update language - service not initialized
Error loading from local storage: MissingPluginException(No implementation found for method getApplicationDocumentsDirectory on channel plugins.flutter.io/path_provider)
Loading from API for language: ja, version: Òâ¬ÒâôÒâ│Òé░ÒâÉÒéñÒâûÒâ½
­ƒöì Requesting URL: https://raw.githubusercontent.com/develop4God/Devocionales-json/refs/heads/main/Devocional_year_2025_ja_Òâ¬ÒâôÒâ│Òé░ÒâÉÒéñÒâûÒâ½.json
Error en _fetchAllDevocionalesForLanguage: Exception: Failed to load from API: 400
­ƒº╣ Provider: Disposing...
AudioController: Disposing reactive proxy...
ÔÅ╣´©Å TTS: Stop requested (current state: TtsState.idle) at 2025-12-23 15:37:33.748849
AudioController: Reactive proxy disposed
Ô£à Provider: Disposed
00:08 +301 -1: C:/Users/cesar/Devocional_nuevo/test/controllers/tts_timer_pause_resume_test.dart: TTS Timer Pause/Resume Behavior should handle multiple pause/resume cycles correctly
00:08 +301 -1: C:/Users/cesar/Devocional_nuevo/test/critical_coverage/devocional_provider_working_test.dart: DevocionalProvider Robust Tests Japanese version codes are correctly configured
ÔÜá´©Å TTS: Stop error (continuing with reset): MissingPluginException(No implementation found for method stop on channel flutter_tts)
Ô£à TTS: Stop completed at 2025-12-23 15:37:33.749837
­ƒº╣ TTS: Service disposed at 2025-12-23 15:37:33.749837
00:08 +301 -1: C:/Users/cesar/Devocional_nuevo/test/controllers/tts_timer_pause_resume_test.dart: TTS Timer Pause/Resume Behavior should handle multiple pause/resume cycles correctly
­ƒÄÜ´©Å [TTS Controller] Velocidad aplicada: mini=1.0 (settings=0.5)
ÔûÂ´©Å [TTS Controller] REANUDANDO desde posici├│n: 1s
ÔûÂ´©Å [TTS Controller] Saltando 3/10 palabras, quedan 7 palabras
­ƒÄñ [TTS Controller] Llamando flutterTts.speak() con 45 caracteres
­ƒÄñ [TTS Controller] flutterTts.speak() completado (async)
ÔûÂ´©Å [TTS Controller] Cambiando estado de LOADING a PLAYING
ÔÅ▒´©Å [TTS Controller] Iniciando timer manualmente (fallback)
ÔÅ▒´©Å [TTS Controller] ========== INICIANDO TIMER DE PROGRESO ==========
ÔÅ▒´©Å [TTS Controller] Timer anterior cancelado (si exist├¡a)
ÔÅ▒´©Å [TTS Controller] Hora de inicio: 2025-12-23T15:37:33.949973
ÔÅ▒´©Å [TTS Controller] Posici├│n acumulada: 1s
ÔÅ▒´©Å [TTS Controller] Duraci├│n total: 4s
ÔÅ▒´©Å [TTS Controller] Timer creado y corriendo cada 500ms
ÔÅ▒´©Å [TTS Controller] ========== TIMER INICIADO ==========
ÔûÂ´©Å [TTS Controller] Estado final: TtsPlayerState.playing
ÔûÂ´©Å [TTS Controller] ========== FIN PLAY() ==========
00:09 +302 -1: C:/Users/cesar/Devocional_nuevo/test/controllers/tts_timer_pause_resume_test.dart: TTS Timer Pause/Resume Behavior should handle multiple pause/resume cycles correctly
00:09 +303 -1: C:/Users/cesar/Devocional_nuevo/test/controllers/tts_timer_pause_resume_test.dart: TTS Timer Pause/Resume Behavior should handle multiple pause/resume cycles correctly
00:09 +304 -1: C:/Users/cesar/Devocional_nuevo/test/controllers/tts_timer_pause_resume_test.dart: TTS Timer Pause/Resume Behavior should handle multiple pause/resume cycles correctly
00:09 +305 -1: C:/Users/cesar/Devocional_nuevo/test/controllers/tts_timer_pause_resume_test.dart: TTS Timer Pause/Resume Behavior should handle multiple pause/resume cycles correctly
00:09 +306 -1: C:/Users/cesar/Devocional_nuevo/test/controllers/tts_timer_pause_resume_test.dart: TTS Timer Pause/Resume Behavior should handle multiple pause/resume cycles correctly
00:09 +307 -1: C:/Users/cesar/Devocional_nuevo/test/controllers/tts_timer_pause_resume_test.dart: TTS Timer Pause/Resume Behavior should handle multiple pause/resume cycles correctly
00:09 +308 -1: C:/Users/cesar/Devocional_nuevo/test/controllers/tts_timer_pause_resume_test.dart: TTS Timer Pause/Resume Behavior should handle multiple pause/resume cycles correctly
00:09 +309 -1: C:/Users/cesar/Devocional_nuevo/test/controllers/tts_timer_pause_resume_test.dart: TTS Timer Pause/Resume Behavior should handle multiple pause/resume cycles correctly
00:09 +310 -1: C:/Users/cesar/Devocional_nuevo/test/controllers/tts_timer_pause_resume_test.dart: TTS Timer Pause/Resume Behavior should handle multiple pause/resume cycles correctly
00:09 +311 -1: C:/Users/cesar/Devocional_nuevo/test/controllers/tts_timer_pause_resume_test.dart: TTS Timer Pause/Resume Behavior should handle multiple pause/resume cycles correctly
00:09 +312 -1: C:/Users/cesar/Devocional_nuevo/test/controllers/tts_timer_pause_resume_test.dart: TTS Timer Pause/Resume Behavior should handle multiple pause/resume cycles correctly
00:09 +313 -1: C:/Users/cesar/Devocional_nuevo/test/controllers/tts_timer_pause_resume_test.dart: TTS Timer Pause/Resume Behavior should handle multiple pause/resume cycles correctly
00:09 +314 -1: C:/Users/cesar/Devocional_nuevo/test/controllers/tts_timer_pause_resume_test.dart: TTS Timer Pause/Resume Behavior should handle multiple pause/resume cycles correctly
00:09 +315 -1: C:/Users/cesar/Devocional_nuevo/test/controllers/tts_timer_pause_resume_test.dart: TTS Timer Pause/Resume Behavior should handle multiple pause/resume cycles correctly
00:09 +316 -1: C:/Users/cesar/Devocional_nuevo/test/controllers/tts_timer_pause_resume_test.dart: TTS Timer Pause/Resume Behavior should handle multiple pause/resume cycles correctly
00:09 +317 -1: C:/Users/cesar/Devocional_nuevo/test/controllers/tts_timer_pause_resume_test.dart: TTS Timer Pause/Resume Behavior should handle multiple pause/resume cycles correctly
00:09 +318 -1: C:/Users/cesar/Devocional_nuevo/test/controllers/tts_timer_pause_resume_test.dart: TTS Timer Pause/Resume Behavior should handle multiple pause/resume cycles correctly
00:09 +319 -1: C:/Users/cesar/Devocional_nuevo/test/controllers/tts_timer_pause_resume_test.dart: TTS Timer Pause/Resume Behavior should handle multiple pause/resume cycles correctly
00:09 +320 -1: C:/Users/cesar/Devocional_nuevo/test/controllers/tts_timer_pause_resume_test.dart: TTS Timer Pause/Resume Behavior should handle multiple pause/resume cycles correctly
00:09 +321 -1: C:/Users/cesar/Devocional_nuevo/test/controllers/tts_timer_pause_resume_test.dart: TTS Timer Pause/Resume Behavior should handle multiple pause/resume cycles correctly
00:09 +322 -1: C:/Users/cesar/Devocional_nuevo/test/controllers/tts_timer_pause_resume_test.dart: TTS Timer Pause/Resume Behavior should handle multiple pause/resume cycles correctly
00:09 +323 -1: C:/Users/cesar/Devocional_nuevo/test/controllers/tts_timer_pause_resume_test.dart: TTS Timer Pause/Resume Behavior should handle multiple pause/resume cycles correctly
00:09 +324 -1: C:/Users/cesar/Devocional_nuevo/test/controllers/tts_timer_pause_resume_test.dart: TTS Timer Pause/Resume Behavior should handle multiple pause/resume cycles correctly
00:09 +325 -1: C:/Users/cesar/Devocional_nuevo/test/controllers/tts_timer_pause_resume_test.dart: TTS Timer Pause/Resume Behavior should handle multiple pause/resume cycles correctly
00:09 +326 -1: C:/Users/cesar/Devocional_nuevo/test/controllers/tts_timer_pause_resume_test.dart: TTS Timer Pause/Resume Behavior should handle multiple pause/resume cycles correctly
00:09 +327 -1: C:/Users/cesar/Devocional_nuevo/test/controllers/tts_timer_pause_resume_test.dart: TTS Timer Pause/Resume Behavior should handle multiple pause/resume cycles correctly
00:09 +328 -1: C:/Users/cesar/Devocional_nuevo/test/controllers/tts_timer_pause_resume_test.dart: TTS Timer Pause/Resume Behavior should handle multiple pause/resume cycles correctly
00:09 +329 -1: C:/Users/cesar/Devocional_nuevo/test/controllers/tts_timer_pause_resume_test.dart: TTS Timer Pause/Resume Behavior should handle multiple pause/resume cycles correctly
00:09 +330 -1: C:/Users/cesar/Devocional_nuevo/test/controllers/tts_timer_pause_resume_test.dart: TTS Timer Pause/Resume Behavior should handle multiple pause/resume cycles correctly
00:09 +331 -1: C:/Users/cesar/Devocional_nuevo/test/controllers/tts_timer_pause_resume_test.dart: TTS Timer Pause/Resume Behavior should handle multiple pause/resume cycles correctly
00:09 +332 -1: C:/Users/cesar/Devocional_nuevo/test/controllers/tts_timer_pause_resume_test.dart: TTS Timer Pause/Resume Behavior should handle multiple pause/resume cycles correctly
00:09 +333 -1: C:/Users/cesar/Devocional_nuevo/test/controllers/tts_timer_pause_resume_test.dart: TTS Timer Pause/Resume Behavior should handle multiple pause/resume cycles correctly
ÔÅ▒´©Å [TTS Controller] TICK - Posici├│n: 1s / 4s
[TEST] Position cycle 0: 0s
[TEST] Position cycle 1: 1s
[TEST] Position cycle 1: 1s
[TEST] Position cycle 2: 1s
[TTS Controller] stop() llamado, estado previo: TtsPlayerState.playing
00:09 +334 -1: C:/Users/cesar/Devocional_nuevo/test/controllers/tts_timer_pause_resume_test.dart: TTS Timer Pause/Resume Behavior should handle multiple pause/resume cycles correctly
[TTS Controller] estado actual: TtsPlayerState.idle
00:09 +335 -1: C:/Users/cesar/Devocional_nuevo/test/controllers/tts_timer_pause_resume_test.dart: TTS Timer Pause/Resume Behavior should handle multiple pause/resume cycles correctly
00:09 +336 -1: C:/Users/cesar/Devocional_nuevo/test/controllers/tts_timer_pause_resume_test.dart: TTS Timer Pause/Resume Behavior should handle multiple pause/resume cycles correctly
00:09 +337 -1: C:/Users/cesar/Devocional_nuevo/test/controllers/tts_timer_pause_resume_test.dart: TTS Timer Pause/Resume Behavior should handle multiple pause/resume cycles correctly
00:09 +338 -1: C:/Users/cesar/Devocional_nuevo/test/controllers/tts_timer_pause_resume_test.dart: TTS Timer Pause/Resume Behavior should handle multiple pause/resume cycles correctly
00:09 +339 -1: C:/Users/cesar/Devocional_nuevo/test/controllers/tts_timer_pause_resume_test.dart: TTS Timer Pause/Resume Behavior should handle multiple pause/resume cycles correctly
00:09 +340 -1: C:/Users/cesar/Devocional_nuevo/test/controllers/tts_timer_pause_resume_test.dart: TTS Timer Pause/Resume Behavior should handle multiple pause/resume cycles correctly
00:09 +341 -1: C:/Users/cesar/Devocional_nuevo/test/controllers/tts_timer_pause_resume_test.dart: TTS Timer Pause/Resume Behavior should handle multiple pause/resume cycles correctly
00:09 +342 -1: C:/Users/cesar/Devocional_nuevo/test/controllers/tts_timer_pause_resume_test.dart: TTS Timer Pause/Resume Behavior should reset timer correctly after stop
­ƒöº [TTS Controller] Inicializado playbackRate: mini=1.0 (settings=0.5)
­ƒôØ [TTS Controller] setText llamado con 45 caracteres, idioma: en
­ƒôØ [TTS Controller] Palabras: 6 -> 2 segundos estimados
­ƒôØ [TTS Controller] Duraci├│n total estimada: 2s
­ƒôØ [TTS Controller] Posici├│n inicializada a 0:00
ÔûÂ´©Å [TTS Controller] ========== PLAY() LLAMADO ==========
ÔûÂ´©Å [TTS Controller] Estado previo: TtsPlayerState.idle
ÔûÂ´©Å [TTS Controller] Posici├│n acumulada: 0s
ÔûÂ´©Å [TTS Controller] Texto completo: 45 caracteres
ÔÅ│ [TTS Controller] Cambiando estado a LOADING
00:09 +343 -1: C:/Users/cesar/Devocional_nuevo/test/controllers/tts_timer_pause_resume_test.dart: TTS Timer Pause/Resume Behavior should reset timer correctly after stop
00:09 +344 -1: C:/Users/cesar/Devocional_nuevo/test/controllers/tts_timer_pause_resume_test.dart: TTS Timer Pause/Resume Behavior should reset timer correctly after stop
00:09 +345 -1: C:/Users/cesar/Devocional_nuevo/test/controllers/tts_timer_pause_resume_test.dart: TTS Timer Pause/Resume Behavior should reset timer correctly after stop
00:09 +346 -1: C:/Users/cesar/Devocional_nuevo/test/controllers/tts_timer_pause_resume_test.dart: TTS Timer Pause/Resume Behavior should reset timer correctly after stop
00:09 +347 -1: C:/Users/cesar/Devocional_nuevo/test/controllers/tts_timer_pause_resume_test.dart: TTS Timer Pause/Resume Behavior should reset timer correctly after stop
00:09 +348 -1: C:/Users/cesar/Devocional_nuevo/test/controllers/tts_timer_pause_resume_test.dart: TTS Timer Pause/Resume Behavior should reset timer correctly after stop
­ƒÄÜ´©Å [TTS Controller] Velocidad aplicada: mini=1.0 (settings=0.5)
ÔûÂ´©Å [TTS Controller] INICIANDO desde el principio
­ƒÄñ [TTS Controller] Llamando flutterTts.speak() con 45 caracteres
­ƒÄñ [TTS Controller] flutterTts.speak() completado (async)
ÔûÂ´©Å [TTS Controller] Cambiando estado de LOADING a PLAYING
ÔÅ▒´©Å [TTS Controller] Iniciando timer manualmente (fallback)
ÔÅ▒´©Å [TTS Controller] ========== INICIANDO TIMER DE PROGRESO ==========
ÔÅ▒´©Å [TTS Controller] Timer anterior cancelado (si exist├¡a)
00:09 +349 -1: C:/Users/cesar/Devocional_nuevo/test/controllers/tts_timer_pause_resume_test.dart: TTS Timer Pause/Resume Behavior should reset timer correctly after stop
ÔÅ▒´©Å [TTS Controller] Hora de inicio: 2025-12-23T15:37:34.997023
ÔÅ▒´©Å [TTS Controller] Posici├│n acumulada: 0s
ÔÅ▒´©Å [TTS Controller] Duraci├│n total: 2s
ÔÅ▒´©Å [TTS Controller] Timer creado y corriendo cada 500ms
ÔÅ▒´©Å [TTS Controller] ========== TIMER INICIADO ==========
ÔûÂ´©Å [TTS Controller] Estado final: TtsPlayerState.playing
ÔûÂ´©Å [TTS Controller] ========== FIN PLAY() ==========
00:09 +350 -1: C:/Users/cesar/Devocional_nuevo/test/controllers/tts_timer_pause_resume_test.dart: TTS Timer Pause/Resume Behavior should reset timer correctly after stop
00:09 +351 -1: C:/Users/cesar/Devocional_nuevo/test/controllers/tts_timer_pause_resume_test.dart: TTS Timer Pause/Resume Behavior should reset timer correctly after stop
00:10 +352 -1: C:/Users/cesar/Devocional_nuevo/test/controllers/tts_timer_pause_resume_test.dart: TTS Timer Pause/Resume Behavior should reset timer correctly after stop
00:10 +353 -1: C:/Users/cesar/Devocional_nuevo/test/controllers/tts_timer_pause_resume_test.dart: TTS Timer Pause/Resume Behavior should reset timer correctly after stop
00:10 +354 -1: C:/Users/cesar/Devocional_nuevo/test/controllers/tts_timer_pause_resume_test.dart: TTS Timer Pause/Resume Behavior should reset timer correctly after stop
00:10 +355 -1: C:/Users/cesar/Devocional_nuevo/test/controllers/tts_timer_pause_resume_test.dart: TTS Timer Pause/Resume Behavior should reset timer correctly after stop
00:10 +356 -1: C:/Users/cesar/Devocional_nuevo/test/controllers/tts_timer_pause_resume_test.dart: TTS Timer Pause/Resume Behavior should reset timer correctly after stop
00:10 +357 -1: C:/Users/cesar/Devocional_nuevo/test/controllers/tts_timer_pause_resume_test.dart: TTS Timer Pause/Resume Behavior should reset timer correctly after stop
00:10 +357 -1: C:/Users/cesar/Devocional_nuevo/test/critical_coverage/prayer_user_flows_test.dart: Prayer Model - User Behavior Tests fromJson handles missing and malformed data gracefully
Error parsing created date: not-a-date, using DateTime.now(). Error: FormatException: Invalid date format
not-a-date
00:10 +358 -1: C:/Users/cesar/Devocional_nuevo/test/controllers/tts_timer_pause_resume_test.dart: TTS Timer Pause/Resume Behavior should reset timer correctly after stop
00:10 +359 -1: C:/Users/cesar/Devocional_nuevo/test/controllers/tts_timer_pause_resume_test.dart: TTS Timer Pause/Resume Behavior should reset timer correctly after stop
00:10 +360 -1: C:/Users/cesar/Devocional_nuevo/test/controllers/tts_timer_pause_resume_test.dart: TTS Timer Pause/Resume Behavior should reset timer correctly after stop
00:10 +361 -1: C:/Users/cesar/Devocional_nuevo/test/controllers/tts_timer_pause_resume_test.dart: TTS Timer Pause/Resume Behavior should reset timer correctly after stop
00:10 +362 -1: C:/Users/cesar/Devocional_nuevo/test/controllers/tts_timer_pause_resume_test.dart: TTS Timer Pause/Resume Behavior should reset timer correctly after stop
00:10 +363 -1: C:/Users/cesar/Devocional_nuevo/test/controllers/tts_timer_pause_resume_test.dart: TTS Timer Pause/Resume Behavior should reset timer correctly after stop
00:10 +364 -1: C:/Users/cesar/Devocional_nuevo/test/controllers/tts_timer_pause_resume_test.dart: TTS Timer Pause/Resume Behavior should reset timer correctly after stop
00:10 +365 -1: C:/Users/cesar/Devocional_nuevo/test/controllers/tts_timer_pause_resume_test.dart: TTS Timer Pause/Resume Behavior should reset timer correctly after stop
00:10 +366 -1: C:/Users/cesar/Devocional_nuevo/test/controllers/tts_timer_pause_resume_test.dart: TTS Timer Pause/Resume Behavior should reset timer correctly after stop
00:10 +367 -1: C:/Users/cesar/Devocional_nuevo/test/controllers/tts_timer_pause_resume_test.dart: TTS Timer Pause/Resume Behavior should reset timer correctly after stop
00:10 +368 -1: C:/Users/cesar/Devocional_nuevo/test/controllers/tts_timer_pause_resume_test.dart: TTS Timer Pause/Resume Behavior should reset timer correctly after stop
00:10 +369 -1: C:/Users/cesar/Devocional_nuevo/test/controllers/tts_timer_pause_resume_test.dart: TTS Timer Pause/Resume Behavior should reset timer correctly after stop
00:10 +370 -1: C:/Users/cesar/Devocional_nuevo/test/controllers/tts_timer_pause_resume_test.dart: TTS Timer Pause/Resume Behavior should reset timer correctly after stop
ÔÅ▒´©Å [TTS Controller] TICK - Posici├│n: 0s / 2s
00:10 +371 -1: C:/Users/cesar/Devocional_nuevo/test/controllers/tts_timer_pause_resume_test.dart: TTS Timer Pause/Resume Behavior should reset timer correctly after stop
00:10 +372 -1: C:/Users/cesar/Devocional_nuevo/test/controllers/tts_timer_pause_resume_test.dart: TTS Timer Pause/Resume Behavior should reset timer correctly after stop
00:10 +373 -1: C:/Users/cesar/Devocional_nuevo/test/controllers/tts_timer_pause_resume_test.dart: TTS Timer Pause/Resume Behavior should reset timer correctly after stop
00:10 +374 -1: C:/Users/cesar/Devocional_nuevo/test/controllers/tts_timer_pause_resume_test.dart: TTS Timer Pause/Resume Behavior should reset timer correctly after stop
00:10 +375 -1: C:/Users/cesar/Devocional_nuevo/test/controllers/tts_timer_pause_resume_test.dart: TTS Timer Pause/Resume Behavior should reset timer correctly after stop
00:10 +376 -1: C:/Users/cesar/Devocional_nuevo/test/controllers/tts_timer_pause_resume_test.dart: TTS Timer Pause/Resume Behavior should reset timer correctly after stop
00:10 +377 -1: C:/Users/cesar/Devocional_nuevo/test/controllers/tts_timer_pause_resume_test.dart: TTS Timer Pause/Resume Behavior should reset timer correctly after stop
00:10 +378 -1: C:/Users/cesar/Devocional_nuevo/test/controllers/tts_timer_pause_resume_test.dart: TTS Timer Pause/Resume Behavior should reset timer correctly after stop
00:10 +379 -1: C:/Users/cesar/Devocional_nuevo/test/controllers/tts_timer_pause_resume_test.dart: TTS Timer Pause/Resume Behavior should reset timer correctly after stop
00:10 +380 -1: C:/Users/cesar/Devocional_nuevo/test/controllers/tts_timer_pause_resume_test.dart: TTS Timer Pause/Resume Behavior should reset timer correctly after stop
00:10 +381 -1: C:/Users/cesar/Devocional_nuevo/test/controllers/tts_timer_pause_resume_test.dart: TTS Timer Pause/Resume Behavior should reset timer correctly after stop
00:10 +382 -1: C:/Users/cesar/Devocional_nuevo/test/controllers/tts_timer_pause_resume_test.dart: TTS Timer Pause/Resume Behavior should reset timer correctly after stop
00:10 +383 -1: C:/Users/cesar/Devocional_nuevo/test/controllers/tts_timer_pause_resume_test.dart: TTS Timer Pause/Resume Behavior should reset timer correctly after stop
00:10 +384 -1: C:/Users/cesar/Devocional_nuevo/test/controllers/tts_timer_pause_resume_test.dart: TTS Timer Pause/Resume Behavior should reset timer correctly after stop
00:10 +385 -1: C:/Users/cesar/Devocional_nuevo/test/controllers/tts_timer_pause_resume_test.dart: TTS Timer Pause/Resume Behavior should reset timer correctly after stop
00:10 +386 -1: C:/Users/cesar/Devocional_nuevo/test/controllers/tts_timer_pause_resume_test.dart: TTS Timer Pause/Resume Behavior should reset timer correctly after stop
00:10 +387 -1: C:/Users/cesar/Devocional_nuevo/test/controllers/tts_timer_pause_resume_test.dart: TTS Timer Pause/Resume Behavior should reset timer correctly after stop
00:10 +388 -1: C:/Users/cesar/Devocional_nuevo/test/controllers/tts_timer_pause_resume_test.dart: TTS Timer Pause/Resume Behavior should reset timer correctly after stop
00:10 +389 -1: C:/Users/cesar/Devocional_nuevo/test/controllers/tts_timer_pause_resume_test.dart: TTS Timer Pause/Resume Behavior should reset timer correctly after stop
00:10 +390 -1: C:/Users/cesar/Devocional_nuevo/test/controllers/tts_timer_pause_resume_test.dart: TTS Timer Pause/Resume Behavior should reset timer correctly after stop
00:10 +391 -1: C:/Users/cesar/Devocional_nuevo/test/controllers/tts_timer_pause_resume_test.dart: TTS Timer Pause/Resume Behavior should reset timer correctly after stop
00:10 +392 -1: C:/Users/cesar/Devocional_nuevo/test/controllers/tts_timer_pause_resume_test.dart: TTS Timer Pause/Resume Behavior should reset timer correctly after stop
00:10 +393 -1: C:/Users/cesar/Devocional_nuevo/test/controllers/tts_timer_pause_resume_test.dart: TTS Timer Pause/Resume Behavior should reset timer correctly after stop
00:10 +394 -1: C:/Users/cesar/Devocional_nuevo/test/controllers/tts_timer_pause_resume_test.dart: TTS Timer Pause/Resume Behavior should reset timer correctly after stop
[TTS Controller] stop() llamado, estado previo: TtsPlayerState.playing
[TTS Controller] estado actual: TtsPlayerState.idle
ÔûÂ´©Å [TTS Controller] ========== PLAY() LLAMADO ==========
ÔûÂ´©Å [TTS Controller] Estado previo: TtsPlayerState.idle
ÔûÂ´©Å [TTS Controller] Posici├│n acumulada: 0s
ÔûÂ´©Å [TTS Controller] Texto completo: 45 caracteres
ÔÅ│ [TTS Controller] Cambiando estado a LOADING
00:11 +395 -1: C:/Users/cesar/Devocional_nuevo/test/controllers/tts_timer_pause_resume_test.dart: TTS Timer Pause/Resume Behavior should reset timer correctly after stop
00:11 +396 -1: C:/Users/cesar/Devocional_nuevo/test/controllers/tts_timer_pause_resume_test.dart: TTS Timer Pause/Resume Behavior should reset timer correctly after stop
00:11 +397 -1: C:/Users/cesar/Devocional_nuevo/test/controllers/tts_timer_pause_resume_test.dart: TTS Timer Pause/Resume Behavior should reset timer correctly after stop
00:11 +398 -1: C:/Users/cesar/Devocional_nuevo/test/controllers/tts_timer_pause_resume_test.dart: TTS Timer Pause/Resume Behavior should reset timer correctly after stop
00:11 +399 -1: C:/Users/cesar/Devocional_nuevo/test/controllers/tts_timer_pause_resume_test.dart: TTS Timer Pause/Resume Behavior should reset timer correctly after stop
00:11 +400 -1: C:/Users/cesar/Devocional_nuevo/test/controllers/tts_timer_pause_resume_test.dart: TTS Timer Pause/Resume Behavior should reset timer correctly after stop
00:11 +401 -1: C:/Users/cesar/Devocional_nuevo/test/controllers/tts_timer_pause_resume_test.dart: TTS Timer Pause/Resume Behavior should reset timer correctly after stop
00:11 +402 -1: C:/Users/cesar/Devocional_nuevo/test/controllers/tts_timer_pause_resume_test.dart: TTS Timer Pause/Resume Behavior should reset timer correctly after stop
00:11 +403 -1: C:/Users/cesar/Devocional_nuevo/test/controllers/tts_timer_pause_resume_test.dart: TTS Timer Pause/Resume Behavior should reset timer correctly after stop
00:11 +404 -1: C:/Users/cesar/Devocional_nuevo/test/controllers/tts_timer_pause_resume_test.dart: TTS Timer Pause/Resume Behavior should reset timer correctly after stop
00:11 +405 -1: C:/Users/cesar/Devocional_nuevo/test/controllers/tts_timer_pause_resume_test.dart: TTS Timer Pause/Resume Behavior should reset timer correctly after stop
00:11 +406 -1: C:/Users/cesar/Devocional_nuevo/test/controllers/tts_timer_pause_resume_test.dart: TTS Timer Pause/Resume Behavior should reset timer correctly after stop
00:11 +407 -1: C:/Users/cesar/Devocional_nuevo/test/controllers/tts_timer_pause_resume_test.dart: TTS Timer Pause/Resume Behavior should reset timer correctly after stop
00:11 +408 -1: C:/Users/cesar/Devocional_nuevo/test/controllers/tts_timer_pause_resume_test.dart: TTS Timer Pause/Resume Behavior should reset timer correctly after stop
00:11 +409 -1: C:/Users/cesar/Devocional_nuevo/test/controllers/tts_timer_pause_resume_test.dart: TTS Timer Pause/Resume Behavior should reset timer correctly after stop
00:11 +410 -1: C:/Users/cesar/Devocional_nuevo/test/controllers/tts_timer_pause_resume_test.dart: TTS Timer Pause/Resume Behavior should reset timer correctly after stop
00:11 +411 -1: C:/Users/cesar/Devocional_nuevo/test/controllers/tts_timer_pause_resume_test.dart: TTS Timer Pause/Resume Behavior should reset timer correctly after stop
00:11 +412 -1: C:/Users/cesar/Devocional_nuevo/test/controllers/tts_timer_pause_resume_test.dart: TTS Timer Pause/Resume Behavior should reset timer correctly after stop
00:11 +413 -1: C:/Users/cesar/Devocional_nuevo/test/controllers/tts_timer_pause_resume_test.dart: TTS Timer Pause/Resume Behavior should reset timer correctly after stop
­ƒÄÜ´©Å [TTS Controller] Velocidad aplicada: mini=1.0 (settings=0.5)
ÔûÂ´©Å [TTS Controller] INICIANDO desde el principio
­ƒÄñ [TTS Controller] Llamando flutterTts.speak() con 45 caracteres
­ƒÄñ [TTS Controller] flutterTts.speak() completado (async)
ÔûÂ´©Å [TTS Controller] Cambiando estado de LOADING a PLAYING
ÔÅ▒´©Å [TTS Controller] Iniciando timer manualmente (fallback)
ÔÅ▒´©Å [TTS Controller] ========== INICIANDO TIMER DE PROGRESO ==========
ÔÅ▒´©Å [TTS Controller] Timer anterior cancelado (si exist├¡a)
ÔÅ▒´©Å [TTS Controller] Hora de inicio: 2025-12-23T15:37:36.218559
ÔÅ▒´©Å [TTS Controller] Posici├│n acumulada: 0s
ÔÅ▒´©Å [TTS Controller] Duraci├│n total: 2s
ÔÅ▒´©Å [TTS Controller] Timer creado y corriendo cada 500ms
ÔÅ▒´©Å [TTS Controller] ========== TIMER INICIADO ==========
00:11 +414 -1: C:/Users/cesar/Devocional_nuevo/test/controllers/tts_timer_pause_resume_test.dart: TTS Timer Pause/Resume Behavior should reset timer correctly after stop
ÔûÂ´©Å [TTS Controller] Estado final: TtsPlayerState.playing
ÔûÂ´©Å [TTS Controller] ========== FIN PLAY() ==========
00:11 +415 -1: C:/Users/cesar/Devocional_nuevo/test/controllers/tts_timer_pause_resume_test.dart: TTS Timer Pause/Resume Behavior should reset timer correctly after stop
00:11 +416 -1: C:/Users/cesar/Devocional_nuevo/test/controllers/tts_timer_pause_resume_test.dart: TTS Timer Pause/Resume Behavior should reset timer correctly after stop
00:11 +417 -1: C:/Users/cesar/Devocional_nuevo/test/controllers/tts_timer_pause_resume_test.dart: TTS Timer Pause/Resume Behavior should reset timer correctly after stop
00:11 +418 -1: C:/Users/cesar/Devocional_nuevo/test/controllers/tts_timer_pause_resume_test.dart: TTS Timer Pause/Resume Behavior should reset timer correctly after stop
00:11 +419 -1: C:/Users/cesar/Devocional_nuevo/test/controllers/tts_timer_pause_resume_test.dart: TTS Timer Pause/Resume Behavior should reset timer correctly after stop
00:11 +420 -1: C:/Users/cesar/Devocional_nuevo/test/controllers/tts_timer_pause_resume_test.dart: TTS Timer Pause/Resume Behavior should reset timer correctly after stop
00:11 +421 -1: C:/Users/cesar/Devocional_nuevo/test/controllers/tts_timer_pause_resume_test.dart: TTS Timer Pause/Resume Behavior should reset timer correctly after stop
00:11 +422 -1: C:/Users/cesar/Devocional_nuevo/test/controllers/tts_timer_pause_resume_test.dart: TTS Timer Pause/Resume Behavior should reset timer correctly after stop
00:11 +423 -1: C:/Users/cesar/Devocional_nuevo/test/controllers/tts_timer_pause_resume_test.dart: TTS Timer Pause/Resume Behavior should reset timer correctly after stop
00:11 +424 -1: C:/Users/cesar/Devocional_nuevo/test/controllers/tts_timer_pause_resume_test.dart: TTS Timer Pause/Resume Behavior should reset timer correctly after stop
00:11 +425 -1: C:/Users/cesar/Devocional_nuevo/test/controllers/tts_timer_pause_resume_test.dart: TTS Timer Pause/Resume Behavior should reset timer correctly after stop
00:11 +425 -1: C:/Users/cesar/Devocional_nuevo/test/critical_coverage/spiritual_stats_service_working_test.dart: SpiritualStatsService Working Tests should record devotional read with proper API
­ƒÄ» [STATS] Registro por lectura: test_devotional_001
­ƒÄ» [STATS] Iniciando registro de devocional: test_devotional_001, fuente: read
­ƒÄ» [STATS] Criterios: tiempo=60, scroll=80.0, escuchado=0.0, cumple=true
­ƒÄ» [STATS] Nueva fecha de lectura agregada: 2025-12-23 00:00:00.000
Achievement unlocked: achievements.first_read_title
Deleted old backup: /mock_documents\spiritual_stats_auto_1766522198452.json
Auto-backup created: spiritual_stats_auto_1766522256610.json
Auto-backup created (490700.6 hours since last)
­ƒÄ» [STATS] Devocional guardado: test_devotional_001, total ahora: 1
00:11 +426 -1: C:/Users/cesar/Devocional_nuevo/test/controllers/tts_timer_pause_resume_test.dart: TTS Timer Pause/Resume Behavior should reset timer correctly after stop
00:11 +426 -1: C:/Users/cesar/Devocional_nuevo/test/critical_coverage/spiritual_stats_service_working_test.dart: SpiritualStatsService Working Tests should handle duplicate devotional reads correctly
­ƒÄ» [STATS] Registro por lectura: duplicate_test
­ƒÄ» [STATS] Iniciando registro de devocional: duplicate_test, fuente: read
­ƒÄ» [STATS] Criterios: tiempo=60, scroll=80.0, escuchado=0.0, cumple=true
­ƒÄ» [STATS] Nueva fecha de lectura agregada: 2025-12-23 00:00:00.000
Achievement unlocked: achievements.first_read_title
Deleted old backup: /mock_documents\spiritual_stats_auto_1766522198451.json
Auto-backup created: spiritual_stats_auto_1766522256670.json
Auto-backup created (490700.6 hours since last)
­ƒÄ» [STATS] Devocional guardado: duplicate_test, total ahora: 1
­ƒÄ» [STATS] Registro por lectura: duplicate_test
­ƒÄ» [STATS] Iniciando registro de devocional: duplicate_test, fuente: read
­ƒÄ» [STATS] Criterios: tiempo=60, scroll=80.0, escuchado=0.0, cumple=true
­ƒÄ» [STATS] Devocional ya registrado: duplicate_test
00:11 +427 -1: C:/Users/cesar/Devocional_nuevo/test/controllers/tts_timer_pause_resume_test.dart: TTS Timer Pause/Resume Behavior should reset timer correctly after stop
00:11 +427 -1: C:/Users/cesar/Devocional_nuevo/test/critical_coverage/spiritual_stats_service_working_test.dart: SpiritualStatsService Working Tests should validate reading criteria - minimum 30s and 70% scroll
­ƒÄ» [STATS] Registro por lectura: criteria_test_short_time
­ƒÄ» [STATS] Iniciando registro de devocional: criteria_test_short_time, fuente: read
­ƒÄ» [STATS] Criterios: tiempo=25, scroll=80.0, escuchado=0.0, cumple=false
­ƒÄ» [STATS] Devocional no cumple criterio, no se suma: criteria_test_short_time
­ƒÄ» [STATS] Registro por lectura: criteria_test_low_scroll
­ƒÄ» [STATS] Iniciando registro de devocional: criteria_test_low_scroll, fuente: read
­ƒÄ» [STATS] Criterios: tiempo=60, scroll=65.0, escuchado=0.0, cumple=true
­ƒÄ» [STATS] Nueva fecha de lectura agregada: 2025-12-23 00:00:00.000
Achievement unlocked: achievements.first_read_title
Deleted old backup: /mock_documents\spiritual_stats_auto_1766522198450.json
Auto-backup created: spiritual_stats_auto_1766522256693.json
Auto-backup created (490700.6 hours since last)
­ƒÄ» [STATS] Devocional guardado: criteria_test_low_scroll, total ahora: 1
­ƒÄ» [STATS] Registro por lectura: criteria_test_valid
­ƒÄ» [STATS] Iniciando registro de devocional: criteria_test_valid, fuente: read
­ƒÄ» [STATS] Criterios: tiempo=60, scroll=80.0, escuchado=0.0, cumple=true
­ƒÄ» [STATS] Devocional guardado: criteria_test_valid, total ahora: 2
00:11 +428 -1: C:/Users/cesar/Devocional_nuevo/test/controllers/tts_timer_pause_resume_test.dart: TTS Timer Pause/Resume Behavior should reset timer correctly after stop
00:11 +428 -1: C:/Users/cesar/Devocional_nuevo/test/critical_coverage/spiritual_stats_service_working_test.dart: SpiritualStatsService Working Tests should handle edge cases for reading thresholds
­ƒÄ» [STATS] Registro por lectura: edge_cases_exact_30s
­ƒÄ» [STATS] Iniciando registro de devocional: edge_cases_exact_30s, fuente: read
­ƒÄ» [STATS] Criterios: tiempo=30, scroll=70.0, escuchado=0.0, cumple=false
­ƒÄ» [STATS] Devocional no cumple criterio, no se suma: edge_cases_exact_30s
­ƒÄ» [STATS] Registro por lectura: edge_cases_just_above
­ƒÄ» [STATS] Iniciando registro de devocional: edge_cases_just_above, fuente: read
­ƒÄ» [STATS] Criterios: tiempo=31, scroll=70.1, escuchado=0.0, cumple=false
­ƒÄ» [STATS] Devocional no cumple criterio, no se suma: edge_cases_just_above
­ƒÄ» [STATS] Registro por lectura: edge_cases_just_below
­ƒÄ» [STATS] Iniciando registro de devocional: edge_cases_just_below, fuente: read
­ƒÄ» [STATS] Criterios: tiempo=29, scroll=69.9, escuchado=0.0, cumple=false
­ƒÄ» [STATS] Devocional no cumple criterio, no se suma: edge_cases_just_below
00:11 +429 -1: C:/Users/cesar/Devocional_nuevo/test/controllers/tts_timer_pause_resume_test.dart: TTS Timer Pause/Resume Behavior should reset timer correctly after stop
ÔÅ▒´©Å [TTS Controller] TICK - Posici├│n: 0s / 2s
00:11 +429 -1: C:/Users/cesar/Devocional_nuevo/test/critical_coverage/spiritual_stats_service_working_test.dart: SpiritualStatsService Working Tests should handle consecutive daily readings for streak calculation
­ƒÄ» [STATS] Registro por lectura: streak_day_1
­ƒÄ» [STATS] Iniciando registro de devocional: streak_day_1, fuente: read
­ƒÄ» [STATS] Criterios: tiempo=60, scroll=80.0, escuchado=0.0, cumple=true
­ƒÄ» [STATS] Nueva fecha de lectura agregada: 2025-12-23 00:00:00.000
Achievement unlocked: achievements.first_read_title
Deleted old backup: /mock_documents\spiritual_stats_auto_1766522198420.json
Auto-backup created: spiritual_stats_auto_1766522256729.json
Auto-backup created (490700.6 hours since last)
­ƒÄ» [STATS] Devocional guardado: streak_day_1, total ahora: 1
­ƒÄ» [STATS] Registro por lectura: streak_day_2
­ƒÄ» [STATS] Iniciando registro de devocional: streak_day_2, fuente: read
­ƒÄ» [STATS] Criterios: tiempo=60, scroll=80.0, escuchado=0.0, cumple=true
­ƒÄ» [STATS] Devocional guardado: streak_day_2, total ahora: 2
00:11 +430 -1: C:/Users/cesar/Devocional_nuevo/test/controllers/tts_timer_pause_resume_test.dart: TTS Timer Pause/Resume Behavior should reset timer correctly after stop
00:11 +430 -1: C:/Users/cesar/Devocional_nuevo/test/critical_coverage/spiritual_stats_service_working_test.dart: SpiritualStatsService Working Tests should handle concurrent reading operations correctly
­ƒÄ» [STATS] Registro por lectura: concurrent_test_0
­ƒÄ» [STATS] Iniciando registro de devocional: concurrent_test_0, fuente: read
­ƒÄ» [STATS] Registro por lectura: concurrent_test_1
­ƒÄ» [STATS] Iniciando registro de devocional: concurrent_test_1, fuente: read
­ƒÄ» [STATS] Registro por lectura: concurrent_test_2
­ƒÄ» [STATS] Iniciando registro de devocional: concurrent_test_2, fuente: read
­ƒÄ» [STATS] Registro por lectura: concurrent_test_3
­ƒÄ» [STATS] Iniciando registro de devocional: concurrent_test_3, fuente: read
­ƒÄ» [STATS] Registro por lectura: concurrent_test_4
­ƒÄ» [STATS] Iniciando registro de devocional: concurrent_test_4, fuente: read
­ƒÄ» [STATS] Criterios: tiempo=60, scroll=80.0, escuchado=0.0, cumple=true
­ƒÄ» [STATS] Criterios: tiempo=60, scroll=80.0, escuchado=0.0, cumple=true
­ƒÄ» [STATS] Criterios: tiempo=60, scroll=80.0, escuchado=0.0, cumple=true
­ƒÄ» [STATS] Criterios: tiempo=60, scroll=80.0, escuchado=0.0, cumple=true
­ƒÄ» [STATS] Criterios: tiempo=60, scroll=80.0, escuchado=0.0, cumple=true
­ƒÄ» [STATS] Nueva fecha de lectura agregada: 2025-12-23 00:00:00.000
Achievement unlocked: achievements.first_read_title
­ƒÄ» [STATS] Nueva fecha de lectura agregada: 2025-12-23 00:00:00.000
Achievement unlocked: achievements.first_read_title
­ƒÄ» [STATS] Nueva fecha de lectura agregada: 2025-12-23 00:00:00.000
Achievement unlocked: achievements.first_read_title
­ƒÄ» [STATS] Nueva fecha de lectura agregada: 2025-12-23 00:00:00.000
Achievement unlocked: achievements.first_read_title
­ƒÄ» [STATS] Nueva fecha de lectura agregada: 2025-12-23 00:00:00.000
Achievement unlocked: achievements.first_read_title
Auto-backup created: spiritual_stats_auto_1766522256760.json
Auto-backup created (490700.6 hours since last)
­ƒÄ» [STATS] Devocional guardado: concurrent_test_3, total ahora: 1
Auto-backup created: spiritual_stats_auto_1766522256760.json
Auto-backup created (490700.6 hours since last)
­ƒÄ» [STATS] Devocional guardado: concurrent_test_4, total ahora: 1
Auto-backup created: spiritual_stats_auto_1766522256760.json
Auto-backup created (490700.6 hours since last)
­ƒÄ» [STATS] Devocional guardado: concurrent_test_0, total ahora: 1
Deleted old backup: /mock_documents\spiritual_stats_auto_1766522198357.json
Deleted old backup: /mock_documents\spiritual_stats_auto_1766522198382.json
Auto-backup created: spiritual_stats_auto_1766522256759.json
Auto-backup created (490700.6 hours since last)
­ƒÄ» [STATS] Devocional guardado: concurrent_test_2, total ahora: 1
Error cleaning up old backups: PathNotFoundException: Cannot delete file, path = '/mock_documents\spiritual_stats_auto_1766522198382.json' (OS Error: El sistema no puede encontrar el archivo especificado, errno = 2)
Auto-backup created: spiritual_stats_auto_1766522256759.json
Auto-backup created (490700.6 hours since last)
­ƒÄ» [STATS] Devocional guardado: concurrent_test_1, total ahora: 1
00:11 +431 -1: C:/Users/cesar/Devocional_nuevo/test/controllers/tts_timer_pause_resume_test.dart: TTS Timer Pause/Resume Behavior should reset timer correctly after stop
00:11 +432 -1: C:/Users/cesar/Devocional_nuevo/test/controllers/tts_timer_pause_resume_test.dart: TTS Timer Pause/Resume Behavior should reset timer correctly after stop
00:11 +433 -1: C:/Users/cesar/Devocional_nuevo/test/controllers/tts_timer_pause_resume_test.dart: TTS Timer Pause/Resume Behavior should reset timer correctly after stop
00:11 +433 -1: C:/Users/cesar/Devocional_nuevo/test/critical_coverage/spiritual_stats_service_working_test.dart: SpiritualStatsService Working Tests should handle favorites count tracking
­ƒÄ» [STATS] Registro por lectura: favorites_test
­ƒÄ» [STATS] Iniciando registro de devocional: favorites_test, fuente: read
­ƒÄ» [STATS] Criterios: tiempo=60, scroll=80.0, escuchado=0.0, cumple=true
­ƒÄ» [STATS] Nueva fecha de lectura agregada: 2025-12-23 00:00:00.000
Achievement unlocked: achievements.first_read_title
Achievement unlocked: achievements.first_favorite_title
Deleted old backup: /mock_documents\spiritual_stats_auto_1766522198299.json
Auto-backup created: spiritual_stats_auto_1766522256860.json
Auto-backup created (490700.6 hours since last)
­ƒÄ» [STATS] Devocional guardado: favorites_test, total ahora: 1
00:11 +434 -1: C:/Users/cesar/Devocional_nuevo/test/controllers/tts_timer_pause_resume_test.dart: TTS Timer Pause/Resume Behavior should reset timer correctly after stop
00:11 +434 -1: C:/Users/cesar/Devocional_nuevo/test/critical_coverage/spiritual_stats_service_working_test.dart: SpiritualStatsService Working Tests should handle auto backup settings
Deleted old backup: /mock_documents\spiritual_stats_auto_1766522256878.json
Auto-backup created: spiritual_stats_auto_1766522256878.json
Auto-backup enabled
Auto-backup disabled
00:11 +435 -1: C:/Users/cesar/Devocional_nuevo/test/controllers/tts_timer_pause_resume_test.dart: TTS Timer Pause/Resume Behavior should reset timer correctly after stop
00:11 +435 -1: C:/Users/cesar/Devocional_nuevo/test/critical_coverage/spiritual_stats_service_working_test.dart: SpiritualStatsService Working Tests should handle JSON backup settings
Manual JSON backup created: /mock_documents/spiritual_stats_backup.json
00:11 +436 -1: C:/Users/cesar/Devocional_nuevo/test/controllers/tts_timer_pause_resume_test.dart: TTS Timer Pause/Resume Behavior should reset timer correctly after stop
00:11 +437 -1: C:/Users/cesar/Devocional_nuevo/test/controllers/tts_timer_pause_resume_test.dart: TTS Timer Pause/Resume Behavior should reset timer correctly after stop
00:11 +437 -1: C:/Users/cesar/Devocional_nuevo/test/critical_coverage/spiritual_stats_service_working_test.dart: SpiritualStatsService Working Tests should record daily app visits correctly
Deleted old backup: /mock_documents\spiritual_stats_auto_1766522256897.json
Auto-backup created: spiritual_stats_auto_1766522256897.json
Auto-backup created (490700.6 hours since last)
Nueva visita diaria registrada. Racha: 1
00:11 +438 -1: C:/Users/cesar/Devocional_nuevo/test/controllers/tts_timer_pause_resume_test.dart: TTS Timer Pause/Resume Behavior should reset timer correctly after stop
00:11 +438 -1: C:/Users/cesar/Devocional_nuevo/test/critical_coverage/spiritual_stats_service_working_test.dart: SpiritualStatsService Working Tests should save and load stats properly
Deleted old backup: /mock_documents\spiritual_stats_auto_1766522256911.json
Auto-backup created: spiritual_stats_auto_1766522256911.json
Auto-backup created (490700.6 hours since last)
00:11 +439 -1: C:/Users/cesar/Devocional_nuevo/test/controllers/tts_timer_pause_resume_test.dart: TTS Timer Pause/Resume Behavior should reset timer correctly after stop
00:11 +439 -1: C:/Users/cesar/Devocional_nuevo/test/critical_coverage/spiritual_stats_service_working_test.dart: SpiritualStatsService Working Tests should persist data across service instances
­ƒÄ» [STATS] Registro por lectura: persistence_test
­ƒÄ» [STATS] Iniciando registro de devocional: persistence_test, fuente: read
­ƒÄ» [STATS] Criterios: tiempo=60, scroll=80.0, escuchado=0.0, cumple=true
­ƒÄ» [STATS] Nueva fecha de lectura agregada: 2025-12-23 00:00:00.000
Achievement unlocked: achievements.first_read_title
Deleted old backup: /mock_documents\spiritual_stats_auto_1766522256926.json
Auto-backup created: spiritual_stats_auto_1766522256926.json
Auto-backup created (490700.6 hours since last)
­ƒÄ» [STATS] Devocional guardado: persistence_test, total ahora: 1
00:11 +440 -1: C:/Users/cesar/Devocional_nuevo/test/controllers/tts_timer_pause_resume_test.dart: TTS Timer Pause/Resume Behavior should reset timer correctly after stop
00:11 +441 -1: C:/Users/cesar/Devocional_nuevo/test/controllers/tts_timer_pause_resume_test.dart: TTS Timer Pause/Resume Behavior should reset timer correctly after stop
00:11 +441 -1: C:/Users/cesar/Devocional_nuevo/test/critical_coverage/spiritual_stats_service_working_test.dart: SpiritualStatsService Working Tests should handle reading time and scroll tracking
­ƒÄ» [STATS] Registro por lectura: tracking_test
­ƒÄ» [STATS] Iniciando registro de devocional: tracking_test, fuente: read
­ƒÄ» [STATS] Criterios: tiempo=120, scroll=95.5, escuchado=0.0, cumple=true
­ƒÄ» [STATS] Nueva fecha de lectura agregada: 2025-12-23 00:00:00.000
Achievement unlocked: achievements.first_read_title
Deleted old backup: /mock_documents\spiritual_stats_auto_1766522256952.json
Auto-backup created: spiritual_stats_auto_1766522256952.json
Auto-backup created (490700.6 hours since last)
­ƒÄ» [STATS] Devocional guardado: tracking_test, total ahora: 1
00:11 +442 -1: C:/Users/cesar/Devocional_nuevo/test/controllers/tts_timer_pause_resume_test.dart: TTS Timer Pause/Resume Behavior should reset timer correctly after stop
00:11 +442 -1: C:/Users/cesar/Devocional_nuevo/test/critical_coverage/spiritual_stats_service_working_test.dart: SpiritualStatsService Working Tests should handle multiple devotional readings
­ƒÄ» [STATS] Registro por lectura: multi_test_0
­ƒÄ» [STATS] Iniciando registro de devocional: multi_test_0, fuente: read
­ƒÄ» [STATS] Criterios: tiempo=60, scroll=80.0, escuchado=0.0, cumple=true
­ƒÄ» [STATS] Nueva fecha de lectura agregada: 2025-12-23 00:00:00.000
Achievement unlocked: achievements.first_read_title
Deleted old backup: /mock_documents\spiritual_stats_auto_1766522256974.json
Auto-backup created: spiritual_stats_auto_1766522256974.json
Auto-backup created (490700.6 hours since last)
­ƒÄ» [STATS] Devocional guardado: multi_test_0, total ahora: 1
­ƒÄ» [STATS] Registro por lectura: multi_test_1
­ƒÄ» [STATS] Iniciando registro de devocional: multi_test_1, fuente: read
­ƒÄ» [STATS] Criterios: tiempo=70, scroll=81.0, escuchado=0.0, cumple=true
­ƒÄ» [STATS] Devocional guardado: multi_test_1, total ahora: 2
­ƒÄ» [STATS] Registro por lectura: multi_test_2
­ƒÄ» [STATS] Iniciando registro de devocional: multi_test_2, fuente: read
­ƒÄ» [STATS] Criterios: tiempo=80, scroll=82.0, escuchado=0.0, cumple=true
­ƒÄ» [STATS] Devocional guardado: multi_test_2, total ahora: 3
­ƒÄ» [STATS] Registro por lectura: multi_test_3
­ƒÄ» [STATS] Iniciando registro de devocional: multi_test_3, fuente: read
­ƒÄ» [STATS] Criterios: tiempo=90, scroll=83.0, escuchado=0.0, cumple=true
­ƒÄ» [STATS] Devocional guardado: multi_test_3, total ahora: 4
­ƒÄ» [STATS] Registro por lectura: multi_test_4
­ƒÄ» [STATS] Iniciando registro de devocional: multi_test_4, fuente: read
00:11 +442 -1: C:/Users/cesar/Devocional_nuevo/test/critical_coverage/thanksgiving_bloc_working_test.dart: ThanksgivingBloc Tests should add a new thanksgiving
Error backing up thanksgivings to file: MissingPluginException(No implementation found for method getApplicationDocumentsDirectory on channel plugins.flutter.io/path_provider)
00:11 +442 -1: C:/Users/cesar/Devocional_nuevo/test/critical_coverage/spiritual_stats_service_working_test.dart: SpiritualStatsService Working Tests should handle multiple devotional readings
­ƒÄ» [STATS] Criterios: tiempo=100, scroll=84.0, escuchado=0.0, cumple=true
00:11 +443 -1: C:/Users/cesar/Devocional_nuevo/test/controllers/tts_timer_pause_resume_test.dart: TTS Timer Pause/Resume Behavior should reset timer correctly after stop
00:11 +443 -1: C:/Users/cesar/Devocional_nuevo/test/critical_coverage/spiritual_stats_service_working_test.dart: SpiritualStatsService Working Tests should handle multiple devotional readings
­ƒÄ» [STATS] Devocional guardado: multi_test_4, total ahora: 5
00:11 +444 -1: C:/Users/cesar/Devocional_nuevo/test/controllers/tts_timer_pause_resume_test.dart: TTS Timer Pause/Resume Behavior should reset timer correctly after stop
00:11 +445 -1: C:/Users/cesar/Devocional_nuevo/test/controllers/tts_timer_pause_resume_test.dart: TTS Timer Pause/Resume Behavior should reset timer correctly after stop
00:11 +445 -1: C:/Users/cesar/Devocional_nuevo/test/critical_coverage/thanksgiving_bloc_working_test.dart: ThanksgivingBloc Tests should edit an existing thanksgiving
Error backing up thanksgivings to file: MissingPluginException(No implementation found for method getApplicationDocumentsDirectory on channel plugins.flutter.io/path_provider)
Error backing up thanksgivings to file: MissingPluginException(No implementation found for method getApplicationDocumentsDirectory on channel plugins.flutter.io/path_provider)
00:11 +446 -1: C:/Users/cesar/Devocional_nuevo/test/controllers/tts_timer_pause_resume_test.dart: TTS Timer Pause/Resume Behavior should reset timer correctly after stop
00:11 +446 -1: C:/Users/cesar/Devocional_nuevo/test/critical_coverage/thanksgiving_bloc_working_test.dart: ThanksgivingBloc Tests should delete a thanksgiving
Error backing up thanksgivings to file: MissingPluginException(No implementation found for method getApplicationDocumentsDirectory on channel plugins.flutter.io/path_provider)
Error backing up thanksgivings to file: MissingPluginException(No implementation found for method getApplicationDocumentsDirectory on channel plugins.flutter.io/path_provider)
00:11 +447 -1: C:/Users/cesar/Devocional_nuevo/test/controllers/tts_timer_pause_resume_test.dart: TTS Timer Pause/Resume Behavior should reset timer correctly after stop
[TEST] Position after restart: 0s
[TTS Controller] stop() llamado, estado previo: TtsPlayerState.playing
[TTS Controller] estado actual: TtsPlayerState.idle
00:12 +447 -1: C:/Users/cesar/Devocional_nuevo/test/critical_coverage/thanksgiving_bloc_working_test.dart: ThanksgivingBloc Tests should refresh thanksgivings
Error backing up thanksgivings to file: MissingPluginException(No implementation found for method getApplicationDocumentsDirectory on channel plugins.flutter.io/path_provider)
00:12 +448 -1: C:/Users/cesar/Devocional_nuevo/test/controllers/tts_timer_pause_resume_test.dart: TTS Timer Pause/Resume Behavior should reset timer correctly after stop
00:12 +449 -1: C:/Users/cesar/Devocional_nuevo/test/controllers/tts_timer_pause_resume_test.dart: TTS Timer Pause/Resume Behavior should reset timer correctly after stop
00:12 +449 -1: C:/Users/cesar/Devocional_nuevo/test/critical_coverage/thanksgiving_bloc_working_test.dart: ThanksgivingBloc Tests should sort thanksgivings by creation date (newest first)
Error backing up thanksgivings to file: MissingPluginException(No implementation found for method getApplicationDocumentsDirectory on channel plugins.flutter.io/path_provider)
Error backing up thanksgivings to file: MissingPluginException(No implementation found for method getApplicationDocumentsDirectory on channel plugins.flutter.io/path_provider)
00:12 +450 -1: C:/Users/cesar/Devocional_nuevo/test/controllers/tts_timer_pause_resume_test.dart: TTS Timer Pause/Resume Behavior should reset timer correctly after stop
00:12 +450 -1: C:/Users/cesar/Devocional_nuevo/test/critical_coverage/thanksgiving_bloc_working_test.dart: ThanksgivingBloc Tests should persist thanksgivings to storage
Error backing up thanksgivings to file: MissingPluginException(No implementation found for method getApplicationDocumentsDirectory on channel plugins.flutter.io/path_provider)
00:12 +451 -1: C:/Users/cesar/Devocional_nuevo/test/controllers/tts_timer_pause_resume_test.dart: TTS Timer Pause/Resume Behavior should reset timer correctly after stop
00:12 +452 -1: C:/Users/cesar/Devocional_nuevo/test/controllers/tts_timer_pause_resume_test.dart: TTS Timer Pause/Resume Behavior should handle pause immediately after play
­ƒöº [TTS Controller] Inicializado playbackRate: mini=1.0 (settings=0.5)
­ƒôØ [TTS Controller] setText llamado con 35 caracteres, idioma: en
­ƒôØ [TTS Controller] Palabras: 5 -> 2 segundos estimados
­ƒôØ [TTS Controller] Duraci├│n total estimada: 2s
­ƒôØ [TTS Controller] Posici├│n inicializada a 0:00
ÔûÂ´©Å [TTS Controller] ========== PLAY() LLAMADO ==========
ÔûÂ´©Å [TTS Controller] Estado previo: TtsPlayerState.idle
ÔûÂ´©Å [TTS Controller] Posici├│n acumulada: 0s
ÔûÂ´©Å [TTS Controller] Texto completo: 35 caracteres
ÔÅ│ [TTS Controller] Cambiando estado a LOADING
00:12 +453 -1: C:/Users/cesar/Devocional_nuevo/test/controllers/tts_timer_pause_resume_test.dart: TTS Timer Pause/Resume Behavior should handle pause immediately after play
00:12 +454 -1: C:/Users/cesar/Devocional_nuevo/test/controllers/tts_timer_pause_resume_test.dart: TTS Timer Pause/Resume Behavior should handle pause immediately after play
00:12 +455 -1: C:/Users/cesar/Devocional_nuevo/test/controllers/tts_timer_pause_resume_test.dart: TTS Timer Pause/Resume Behavior should handle pause immediately after play
00:12 +456 -1: C:/Users/cesar/Devocional_nuevo/test/controllers/tts_timer_pause_resume_test.dart: TTS Timer Pause/Resume Behavior should handle pause immediately after play
00:12 +456 -1: C:/Users/cesar/Devocional_nuevo/test/critical_coverage/thanksgiving_user_flows_test.dart: Thanksgiving Model - User Behavior Tests fromJson handles missing and malformed data gracefully
Error parsing created date: invalid-date, using DateTime.now(). Error: FormatException: Invalid date format
invalid-date
00:12 +457 -1: C:/Users/cesar/Devocional_nuevo/test/controllers/tts_timer_pause_resume_test.dart: TTS Timer Pause/Resume Behavior should handle pause immediately after play
00:12 +458 -1: C:/Users/cesar/Devocional_nuevo/test/controllers/tts_timer_pause_resume_test.dart: TTS Timer Pause/Resume Behavior should handle pause immediately after play
00:12 +459 -1: C:/Users/cesar/Devocional_nuevo/test/controllers/tts_timer_pause_resume_test.dart: TTS Timer Pause/Resume Behavior should handle pause immediately after play
00:12 +460 -1: C:/Users/cesar/Devocional_nuevo/test/controllers/tts_timer_pause_resume_test.dart: TTS Timer Pause/Resume Behavior should handle pause immediately after play
00:12 +461 -1: C:/Users/cesar/Devocional_nuevo/test/controllers/tts_timer_pause_resume_test.dart: TTS Timer Pause/Resume Behavior should handle pause immediately after play
00:12 +462 -1: C:/Users/cesar/Devocional_nuevo/test/controllers/tts_timer_pause_resume_test.dart: TTS Timer Pause/Resume Behavior should handle pause immediately after play
00:12 +463 -1: C:/Users/cesar/Devocional_nuevo/test/controllers/tts_timer_pause_resume_test.dart: TTS Timer Pause/Resume Behavior should handle pause immediately after play
00:12 +464 -1: C:/Users/cesar/Devocional_nuevo/test/controllers/tts_timer_pause_resume_test.dart: TTS Timer Pause/Resume Behavior should handle pause immediately after play
00:12 +465 -1: C:/Users/cesar/Devocional_nuevo/test/controllers/tts_timer_pause_resume_test.dart: TTS Timer Pause/Resume Behavior should handle pause immediately after play
00:12 +466 -1: C:/Users/cesar/Devocional_nuevo/test/controllers/tts_timer_pause_resume_test.dart: TTS Timer Pause/Resume Behavior should handle pause immediately after play
00:12 +467 -1: C:/Users/cesar/Devocional_nuevo/test/controllers/tts_timer_pause_resume_test.dart: TTS Timer Pause/Resume Behavior should handle pause immediately after play
00:12 +468 -1: C:/Users/cesar/Devocional_nuevo/test/controllers/tts_timer_pause_resume_test.dart: TTS Timer Pause/Resume Behavior should handle pause immediately after play
00:12 +469 -1: C:/Users/cesar/Devocional_nuevo/test/controllers/tts_timer_pause_resume_test.dart: TTS Timer Pause/Resume Behavior should handle pause immediately after play
00:12 +470 -1: C:/Users/cesar/Devocional_nuevo/test/controllers/tts_timer_pause_resume_test.dart: TTS Timer Pause/Resume Behavior should handle pause immediately after play
00:12 +471 -1: C:/Users/cesar/Devocional_nuevo/test/controllers/tts_timer_pause_resume_test.dart: TTS Timer Pause/Resume Behavior should handle pause immediately after play
00:12 +472 -1: C:/Users/cesar/Devocional_nuevo/test/controllers/tts_timer_pause_resume_test.dart: TTS Timer Pause/Resume Behavior should handle pause immediately after play
00:12 +473 -1: C:/Users/cesar/Devocional_nuevo/test/controllers/tts_timer_pause_resume_test.dart: TTS Timer Pause/Resume Behavior should handle pause immediately after play
­ƒÄÜ´©Å [TTS Controller] Velocidad aplicada: mini=1.0 (settings=0.5)
ÔûÂ´©Å [TTS Controller] INICIANDO desde el principio
­ƒÄñ [TTS Controller] Llamando flutterTts.speak() con 35 caracteres
­ƒÄñ [TTS Controller] flutterTts.speak() completado (async)
ÔûÂ´©Å [TTS Controller] Cambiando estado de LOADING a PLAYING
ÔÅ▒´©Å [TTS Controller] Iniciando timer manualmente (fallback)
ÔÅ▒´©Å [TTS Controller] ========== INICIANDO TIMER DE PROGRESO ==========
ÔÅ▒´©Å [TTS Controller] Timer anterior cancelado (si exist├¡a)
ÔÅ▒´©Å [TTS Controller] Hora de inicio: 2025-12-23T15:37:37.567017
ÔÅ▒´©Å [TTS Controller] Posici├│n acumulada: 0s
ÔÅ▒´©Å [TTS Controller] Duraci├│n total: 2s
ÔÅ▒´©Å [TTS Controller] Timer creado y corriendo cada 500ms
ÔÅ▒´©Å [TTS Controller] ========== TIMER INICIADO ==========
ÔûÂ´©Å [TTS Controller] Estado final: TtsPlayerState.playing
ÔûÂ´©Å [TTS Controller] ========== FIN PLAY() ==========
ÔÅ©´©Å [TTS Controller] ========== PAUSE() LLAMADO ==========
ÔÅ©´©Å [TTS Controller] Estado previo: TtsPlayerState.playing
ÔÅ©´©Å [TTS Controller] Posici├│n actual antes de pausar: 0s
[TTS Controller] Pausing timer - session elapsed: 0s, total accumulated: 0s
ÔÅ©´©Å [TTS Controller] Estado final: TtsPlayerState.paused
ÔÅ©´©Å [TTS Controller] Posici├│n acumulada guardada: 0s
ÔÅ©´©Å [TTS Controller] ========== FIN PAUSE() ==========
ÔûÂ´©Å [TTS Controller] ========== PLAY() LLAMADO ==========
ÔûÂ´©Å [TTS Controller] Estado previo: TtsPlayerState.paused
ÔûÂ´©Å [TTS Controller] Posici├│n acumulada: 0s
ÔûÂ´©Å [TTS Controller] Texto completo: 35 caracteres
ÔÅ│ [TTS Controller] Cambiando estado a LOADING
00:12 +474 -1: C:/Users/cesar/Devocional_nuevo/test/controllers/tts_timer_pause_resume_test.dart: TTS Timer Pause/Resume Behavior should handle pause immediately after play
00:12 +475 -1: C:/Users/cesar/Devocional_nuevo/test/controllers/tts_timer_pause_resume_test.dart: TTS Timer Pause/Resume Behavior should handle pause immediately after play
00:12 +476 -1: C:/Users/cesar/Devocional_nuevo/test/controllers/tts_timer_pause_resume_test.dart: TTS Timer Pause/Resume Behavior should handle pause immediately after play
00:12 +477 -1: C:/Users/cesar/Devocional_nuevo/test/controllers/tts_timer_pause_resume_test.dart: TTS Timer Pause/Resume Behavior should handle pause immediately after play
00:12 +478 -1: C:/Users/cesar/Devocional_nuevo/test/controllers/tts_timer_pause_resume_test.dart: TTS Timer Pause/Resume Behavior should handle pause immediately after play
00:12 +479 -1: C:/Users/cesar/Devocional_nuevo/test/controllers/tts_timer_pause_resume_test.dart: TTS Timer Pause/Resume Behavior should handle pause immediately after play
00:12 +480 -1: C:/Users/cesar/Devocional_nuevo/test/controllers/tts_timer_pause_resume_test.dart: TTS Timer Pause/Resume Behavior should handle pause immediately after play
00:12 +481 -1: C:/Users/cesar/Devocional_nuevo/test/controllers/tts_timer_pause_resume_test.dart: TTS Timer Pause/Resume Behavior should handle pause immediately after play
00:12 +482 -1: C:/Users/cesar/Devocional_nuevo/test/controllers/tts_timer_pause_resume_test.dart: TTS Timer Pause/Resume Behavior should handle pause immediately after play
00:12 +483 -1: C:/Users/cesar/Devocional_nuevo/test/controllers/tts_timer_pause_resume_test.dart: TTS Timer Pause/Resume Behavior should handle pause immediately after play
00:12 +484 -1: C:/Users/cesar/Devocional_nuevo/test/controllers/tts_timer_pause_resume_test.dart: TTS Timer Pause/Resume Behavior should handle pause immediately after play
00:12 +485 -1: C:/Users/cesar/Devocional_nuevo/test/controllers/tts_timer_pause_resume_test.dart: TTS Timer Pause/Resume Behavior should handle pause immediately after play
00:12 +486 -1: C:/Users/cesar/Devocional_nuevo/test/controllers/tts_timer_pause_resume_test.dart: TTS Timer Pause/Resume Behavior should handle pause immediately after play
00:12 +487 -1: C:/Users/cesar/Devocional_nuevo/test/controllers/tts_timer_pause_resume_test.dart: TTS Timer Pause/Resume Behavior should handle pause immediately after play
00:12 +488 -1: C:/Users/cesar/Devocional_nuevo/test/controllers/tts_timer_pause_resume_test.dart: TTS Timer Pause/Resume Behavior should handle pause immediately after play
00:12 +489 -1: C:/Users/cesar/Devocional_nuevo/test/controllers/tts_timer_pause_resume_test.dart: TTS Timer Pause/Resume Behavior should handle pause immediately after play
­ƒÄÜ´©Å [TTS Controller] Velocidad aplicada: mini=1.0 (settings=0.5)
ÔûÂ´©Å [TTS Controller] REANUDANDO desde posici├│n: 0s
ÔûÂ´©Å [TTS Controller] Saltando 0/5 palabras, quedan 5 palabras
­ƒÄñ [TTS Controller] Llamando flutterTts.speak() con 35 caracteres
­ƒÄñ [TTS Controller] flutterTts.speak() completado (async)
ÔûÂ´©Å [TTS Controller] Cambiando estado de LOADING a PLAYING
ÔÅ▒´©Å [TTS Controller] Iniciando timer manualmente (fallback)
ÔÅ▒´©Å [TTS Controller] ========== INICIANDO TIMER DE PROGRESO ==========
ÔÅ▒´©Å [TTS Controller] Timer anterior cancelado (si exist├¡a)
ÔÅ▒´©Å [TTS Controller] Hora de inicio: 2025-12-23T15:37:38.087128
ÔÅ▒´©Å [TTS Controller] Posici├│n acumulada: 0s
ÔÅ▒´©Å [TTS Controller] Duraci├│n total: 2s
ÔÅ▒´©Å [TTS Controller] Timer creado y corriendo cada 500ms
ÔÅ▒´©Å [TTS Controller] ========== TIMER INICIADO ==========
ÔûÂ´©Å [TTS Controller] Estado final: TtsPlayerState.playing
ÔûÂ´©Å [TTS Controller] ========== FIN PLAY() ==========
00:13 +490 -1: C:/Users/cesar/Devocional_nuevo/test/controllers/tts_timer_pause_resume_test.dart: TTS Timer Pause/Resume Behavior should handle pause immediately after play
00:13 +491 -1: C:/Users/cesar/Devocional_nuevo/test/controllers/tts_timer_pause_resume_test.dart: TTS Timer Pause/Resume Behavior should handle pause immediately after play
00:13 +492 -1: C:/Users/cesar/Devocional_nuevo/test/controllers/tts_timer_pause_resume_test.dart: TTS Timer Pause/Resume Behavior should handle pause immediately after play
00:13 +493 -1: C:/Users/cesar/Devocional_nuevo/test/controllers/tts_timer_pause_resume_test.dart: TTS Timer Pause/Resume Behavior should handle pause immediately after play
00:13 +494 -1: C:/Users/cesar/Devocional_nuevo/test/controllers/tts_timer_pause_resume_test.dart: TTS Timer Pause/Resume Behavior should handle pause immediately after play
00:13 +495 -1: C:/Users/cesar/Devocional_nuevo/test/controllers/tts_timer_pause_resume_test.dart: TTS Timer Pause/Resume Behavior should handle pause immediately after play
00:13 +496 -1: C:/Users/cesar/Devocional_nuevo/test/controllers/tts_timer_pause_resume_test.dart: TTS Timer Pause/Resume Behavior should handle pause immediately after play
00:13 +497 -1: C:/Users/cesar/Devocional_nuevo/test/controllers/tts_timer_pause_resume_test.dart: TTS Timer Pause/Resume Behavior should handle pause immediately after play
00:13 +498 -1: C:/Users/cesar/Devocional_nuevo/test/controllers/tts_timer_pause_resume_test.dart: TTS Timer Pause/Resume Behavior should handle pause immediately after play
00:13 +499 -1: C:/Users/cesar/Devocional_nuevo/test/controllers/tts_timer_pause_resume_test.dart: TTS Timer Pause/Resume Behavior should handle pause immediately after play
00:13 +500 -1: C:/Users/cesar/Devocional_nuevo/test/controllers/tts_timer_pause_resume_test.dart: TTS Timer Pause/Resume Behavior should handle pause immediately after play
00:13 +501 -1: C:/Users/cesar/Devocional_nuevo/test/controllers/tts_timer_pause_resume_test.dart: TTS Timer Pause/Resume Behavior should handle pause immediately after play
00:13 +502 -1: C:/Users/cesar/Devocional_nuevo/test/controllers/tts_timer_pause_resume_test.dart: TTS Timer Pause/Resume Behavior should handle pause immediately after play
00:13 +503 -1: C:/Users/cesar/Devocional_nuevo/test/controllers/tts_timer_pause_resume_test.dart: TTS Timer Pause/Resume Behavior should handle pause immediately after play
00:13 +504 -1: C:/Users/cesar/Devocional_nuevo/test/controllers/tts_timer_pause_resume_test.dart: TTS Timer Pause/Resume Behavior should handle pause immediately after play
00:13 +505 -1: C:/Users/cesar/Devocional_nuevo/test/controllers/tts_timer_pause_resume_test.dart: TTS Timer Pause/Resume Behavior should handle pause immediately after play
00:13 +506 -1: C:/Users/cesar/Devocional_nuevo/test/controllers/tts_timer_pause_resume_test.dart: TTS Timer Pause/Resume Behavior should handle pause immediately after play
00:13 +507 -1: C:/Users/cesar/Devocional_nuevo/test/controllers/tts_timer_pause_resume_test.dart: TTS Timer Pause/Resume Behavior should handle pause immediately after play
00:13 +508 -1: C:/Users/cesar/Devocional_nuevo/test/controllers/tts_timer_pause_resume_test.dart: TTS Timer Pause/Resume Behavior should handle pause immediately after play
00:13 +509 -1: C:/Users/cesar/Devocional_nuevo/test/controllers/tts_timer_pause_resume_test.dart: TTS Timer Pause/Resume Behavior should handle pause immediately after play
00:13 +510 -1: C:/Users/cesar/Devocional_nuevo/test/controllers/tts_timer_pause_resume_test.dart: TTS Timer Pause/Resume Behavior should handle pause immediately after play
00:13 +511 -1: C:/Users/cesar/Devocional_nuevo/test/controllers/tts_timer_pause_resume_test.dart: TTS Timer Pause/Resume Behavior should handle pause immediately after play
00:13 +512 -1: C:/Users/cesar/Devocional_nuevo/test/controllers/tts_timer_pause_resume_test.dart: TTS Timer Pause/Resume Behavior should handle pause immediately after play
00:13 +513 -1: C:/Users/cesar/Devocional_nuevo/test/controllers/tts_timer_pause_resume_test.dart: TTS Timer Pause/Resume Behavior should handle pause immediately after play
00:13 +514 -1: C:/Users/cesar/Devocional_nuevo/test/controllers/tts_timer_pause_resume_test.dart: TTS Timer Pause/Resume Behavior should handle pause immediately after play
00:13 +515 -1: C:/Users/cesar/Devocional_nuevo/test/controllers/tts_timer_pause_resume_test.dart: TTS Timer Pause/Resume Behavior should handle pause immediately after play
00:13 +516 -1: C:/Users/cesar/Devocional_nuevo/test/controllers/tts_timer_pause_resume_test.dart: TTS Timer Pause/Resume Behavior should handle pause immediately after play
ÔÅ▒´©Å [TTS Controller] TICK - Posici├│n: 0s / 2s
00:13 +517 -1: C:/Users/cesar/Devocional_nuevo/test/controllers/tts_timer_pause_resume_test.dart: TTS Timer Pause/Resume Behavior should handle pause immediately after play
00:13 +518 -1: C:/Users/cesar/Devocional_nuevo/test/controllers/tts_timer_pause_resume_test.dart: TTS Timer Pause/Resume Behavior should handle pause immediately after play
00:13 +519 -1: C:/Users/cesar/Devocional_nuevo/test/controllers/tts_timer_pause_resume_test.dart: TTS Timer Pause/Resume Behavior should handle pause immediately after play
00:13 +520 -1: C:/Users/cesar/Devocional_nuevo/test/controllers/tts_timer_pause_resume_test.dart: TTS Timer Pause/Resume Behavior should handle pause immediately after play
00:13 +521 -1: C:/Users/cesar/Devocional_nuevo/test/controllers/tts_timer_pause_resume_test.dart: TTS Timer Pause/Resume Behavior should handle pause immediately after play
00:13 +522 -1: C:/Users/cesar/Devocional_nuevo/test/controllers/tts_timer_pause_resume_test.dart: TTS Timer Pause/Resume Behavior should handle pause immediately after play
00:13 +523 -1: C:/Users/cesar/Devocional_nuevo/test/controllers/tts_timer_pause_resume_test.dart: TTS Timer Pause/Resume Behavior should handle pause immediately after play
00:13 +524 -1: C:/Users/cesar/Devocional_nuevo/test/controllers/tts_timer_pause_resume_test.dart: TTS Timer Pause/Resume Behavior should handle pause immediately after play
00:13 +525 -1: C:/Users/cesar/Devocional_nuevo/test/controllers/tts_timer_pause_resume_test.dart: TTS Timer Pause/Resume Behavior should handle pause immediately after play
00:13 +526 -1: C:/Users/cesar/Devocional_nuevo/test/controllers/tts_timer_pause_resume_test.dart: TTS Timer Pause/Resume Behavior should handle pause immediately after play
00:13 +527 -1: C:/Users/cesar/Devocional_nuevo/test/controllers/tts_timer_pause_resume_test.dart: TTS Timer Pause/Resume Behavior should handle pause immediately after play
00:13 +528 -1: C:/Users/cesar/Devocional_nuevo/test/controllers/tts_timer_pause_resume_test.dart: TTS Timer Pause/Resume Behavior should handle pause immediately after play
00:13 +529 -1: C:/Users/cesar/Devocional_nuevo/test/controllers/tts_timer_pause_resume_test.dart: TTS Timer Pause/Resume Behavior should handle pause immediately after play
00:13 +530 -1: C:/Users/cesar/Devocional_nuevo/test/controllers/tts_timer_pause_resume_test.dart: TTS Timer Pause/Resume Behavior should handle pause immediately after play
00:13 +531 -1: C:/Users/cesar/Devocional_nuevo/test/controllers/tts_timer_pause_resume_test.dart: TTS Timer Pause/Resume Behavior should handle pause immediately after play
00:13 +532 -1: C:/Users/cesar/Devocional_nuevo/test/controllers/tts_timer_pause_resume_test.dart: TTS Timer Pause/Resume Behavior should handle pause immediately after play
00:13 +533 -1: C:/Users/cesar/Devocional_nuevo/test/controllers/tts_timer_pause_resume_test.dart: TTS Timer Pause/Resume Behavior should handle pause immediately after play
00:13 +534 -1: C:/Users/cesar/Devocional_nuevo/test/controllers/tts_timer_pause_resume_test.dart: TTS Timer Pause/Resume Behavior should handle pause immediately after play
00:13 +535 -1: C:/Users/cesar/Devocional_nuevo/test/controllers/tts_timer_pause_resume_test.dart: TTS Timer Pause/Resume Behavior should handle pause immediately after play
00:13 +536 -1: C:/Users/cesar/Devocional_nuevo/test/controllers/tts_timer_pause_resume_test.dart: TTS Timer Pause/Resume Behavior should handle pause immediately after play
00:13 +537 -1: C:/Users/cesar/Devocional_nuevo/test/controllers/tts_timer_pause_resume_test.dart: TTS Timer Pause/Resume Behavior should handle pause immediately after play
00:13 +538 -1: C:/Users/cesar/Devocional_nuevo/test/controllers/tts_timer_pause_resume_test.dart: TTS Timer Pause/Resume Behavior should handle pause immediately after play
[TTS Controller] stop() llamado, estado previo: TtsPlayerState.playing
[TTS Controller] estado actual: TtsPlayerState.idle
00:13 +539 -1: C:/Users/cesar/Devocional_nuevo/test/controllers/tts_timer_pause_resume_test.dart: (tearDownAll)
00:14 +539 -1: C:/Users/cesar/Devocional_nuevo/test/devocional_reading_logic_test.dart: Devotional Reading Logic Tests DevocionalProvider recordDevocionalRead works correctly
­ƒÄ» [STATS] Registro por lectura: test_devotional_123
­ƒÄ» [STATS] Iniciando registro de devocional: test_devotional_123, fuente: read
­ƒÄ» [STATS] Criterios: tiempo=60, scroll=0.8, escuchado=0.0, cumple=true
­ƒÄ» [STATS] Nueva fecha de lectura agregada: 2025-12-23 00:00:00.000
Achievement unlocked: achievements.first_read_title
Error creating auto-backup: MissingPluginException(No implementation found for method getApplicationDocumentsDirectory on channel plugins.flutter.io/path_provider)
Auto-backup created (490700.6 hours since last)
­ƒÄ» [STATS] Devocional guardado: test_devotional_123, total ahora: 1
00:14 +540 -1: C:/Users/cesar/Devocional_nuevo/test/devocional_reading_logic_test.dart: Devotional Reading Logic Tests Empty devotional ID is handled gracefully
­ƒÄ» [STATS] Registro por lectura: 
­ƒÄ» [STATS] Iniciando registro de devocional: , fuente: read
­ƒÄ» [STATS] DevocionalId vac├¡o, no se registra
00:14 +541 -1: C:/Users/cesar/Devocional_nuevo/test/devocional_reading_logic_test.dart: Devotional Reading Logic Tests Real usage pattern: unique consecutive tracking
­ƒÄ» [STATS] Registro por lectura: devotional_2025_01_01
­ƒÄ» [STATS] Iniciando registro de devocional: devotional_2025_01_01, fuente: read
­ƒÄ» [STATS] Criterios: tiempo=60, scroll=0.8, escuchado=0.0, cumple=true
­ƒÄ» [STATS] Nueva fecha de lectura agregada: 2025-12-23 00:00:00.000
Achievement unlocked: achievements.first_read_title
Error creating auto-backup: MissingPluginException(No implementation found for method getApplicationDocumentsDirectory on channel plugins.flutter.io/path_provider)
Auto-backup created (490700.6 hours since last)
­ƒÄ» [STATS] Devocional guardado: devotional_2025_01_01, total ahora: 1
­ƒÄ» [STATS] Registro por lectura: devotional_2025_01_02
­ƒÄ» [STATS] Iniciando registro de devocional: devotional_2025_01_02, fuente: read
­ƒÄ» [STATS] Criterios: tiempo=60, scroll=0.8, escuchado=0.0, cumple=true
­ƒÄ» [STATS] Devocional guardado: devotional_2025_01_02, total ahora: 2
­ƒÄ» [STATS] Registro por lectura: devotional_2025_01_03
­ƒÄ» [STATS] Iniciando registro de devocional: devotional_2025_01_03, fuente: read
­ƒÄ» [STATS] Criterios: tiempo=60, scroll=0.8, escuchado=0.0, cumple=true
­ƒÄ» [STATS] Devocional guardado: devotional_2025_01_03, total ahora: 3
00:14 +542 -1: C:/Users/cesar/Devocional_nuevo/test/devocional_reading_logic_test.dart: Devotional Reading Logic Tests Rapid tapping prevention works
­ƒÄ» [STATS] Registro por lectura: rapid_tap_test
­ƒÄ» [STATS] Iniciando registro de devocional: rapid_tap_test, fuente: read
­ƒÄ» [STATS] Criterios: tiempo=60, scroll=0.8, escuchado=0.0, cumple=true
­ƒÄ» [STATS] Nueva fecha de lectura agregada: 2025-12-23 00:00:00.000
Achievement unlocked: achievements.first_read_title
Error creating auto-backup: MissingPluginException(No implementation found for method getApplicationDocumentsDirectory on channel plugins.flutter.io/path_provider)
Auto-backup created (490700.6 hours since last)
­ƒÄ» [STATS] Devocional guardado: rapid_tap_test, total ahora: 1
­ƒÄ» [STATS] Registro por lectura: rapid_tap_test
­ƒÄ» [STATS] Iniciando registro de devocional: rapid_tap_test, fuente: read
­ƒÄ» [STATS] Criterios: tiempo=60, scroll=0.8, escuchado=0.0, cumple=true
­ƒÄ» [STATS] Devocional ya registrado: rapid_tap_test
­ƒÄ» [STATS] Registro por lectura: rapid_tap_test
­ƒÄ» [STATS] Iniciando registro de devocional: rapid_tap_test, fuente: read
­ƒÄ» [STATS] Criterios: tiempo=60, scroll=0.8, escuchado=0.0, cumple=true
­ƒÄ» [STATS] Devocional ya registrado: rapid_tap_test
­ƒÄ» [STATS] Registro por lectura: rapid_tap_test
­ƒÄ» [STATS] Iniciando registro de devocional: rapid_tap_test, fuente: read
­ƒÄ» [STATS] Criterios: tiempo=60, scroll=0.8, escuchado=0.0, cumple=true
­ƒÄ» [STATS] Devocional ya registrado: rapid_tap_test
00:14 +543 -1: C:/Users/cesar/Devocional_nuevo/test/devocional_reading_logic_test.dart: Devotional Reading Logic Tests Legitimate re-reading after time delay is not prevented
­ƒÄ» [STATS] Registro por lectura: time_test
­ƒÄ» [STATS] Iniciando registro de devocional: time_test, fuente: read
­ƒÄ» [STATS] Criterios: tiempo=60, scroll=0.8, escuchado=0.0, cumple=true
­ƒÄ» [STATS] Nueva fecha de lectura agregada: 2025-12-23 00:00:00.000
Achievement unlocked: achievements.first_read_title
Error creating auto-backup: MissingPluginException(No implementation found for method getApplicationDocumentsDirectory on channel plugins.flutter.io/path_provider)
Auto-backup created (490700.6 hours since last)
­ƒÄ» [STATS] Devocional guardado: time_test, total ahora: 1
00:14 +544 -1: C:/Users/cesar/Devocional_nuevo/test/devocional_reading_logic_test.dart: Devotional Reading Logic Tests Favorites count integration with devotional reading
­ƒÄ» [STATS] Registro por lectura: favorites_integration_test
­ƒÄ» [STATS] Iniciando registro de devocional: favorites_integration_test, fuente: read
­ƒÄ» [STATS] Criterios: tiempo=60, scroll=0.8, escuchado=0.0, cumple=true
­ƒÄ» [STATS] Nueva fecha de lectura agregada: 2025-12-23 00:00:00.000
Achievement unlocked: achievements.first_read_title
Achievement unlocked: achievements.first_favorite_title
Error creating auto-backup: MissingPluginException(No implementation found for method getApplicationDocumentsDirectory on channel plugins.flutter.io/path_provider)
Auto-backup created (490700.6 hours since last)
­ƒÄ» [STATS] Devocional guardado: favorites_integration_test, total ahora: 1
00:14 +545 -1: C:/Users/cesar/Devocional_nuevo/test/devocional_reading_logic_test.dart: Devotional Reading Logic Tests Achievement unlocking during devotional reading
­ƒÄ» [STATS] Registro por lectura: achievement_test_1
­ƒÄ» [STATS] Iniciando registro de devocional: achievement_test_1, fuente: read
­ƒÄ» [STATS] Criterios: tiempo=60, scroll=0.8, escuchado=0.0, cumple=true
­ƒÄ» [STATS] Nueva fecha de lectura agregada: 2025-12-23 00:00:00.000
Achievement unlocked: achievements.first_read_title
Error creating auto-backup: MissingPluginException(No implementation found for method getApplicationDocumentsDirectory on channel plugins.flutter.io/path_provider)
Auto-backup created (490700.6 hours since last)
­ƒÄ» [STATS] Devocional guardado: achievement_test_1, total ahora: 1
00:14 +546 -1: C:/Users/cesar/Devocional_nuevo/test/devocional_reading_logic_test.dart: Devotional Reading Logic Tests Streak calculation across multiple days simulation
­ƒÄ» [STATS] Registro por lectura: day_1_devotional
­ƒÄ» [STATS] Iniciando registro de devocional: day_1_devotional, fuente: read
­ƒÄ» [STATS] Criterios: tiempo=60, scroll=0.8, escuchado=0.0, cumple=true
­ƒÄ» [STATS] Nueva fecha de lectura agregada: 2025-12-23 00:00:00.000
Achievement unlocked: achievements.first_read_title
Error creating auto-backup: MissingPluginException(No implementation found for method getApplicationDocumentsDirectory on channel plugins.flutter.io/path_provider)
Auto-backup created (490700.6 hours since last)
­ƒÄ» [STATS] Devocional guardado: day_1_devotional, total ahora: 1
­ƒÄ» [STATS] Registro por lectura: day_1_devotional_2
­ƒÄ» [STATS] Iniciando registro de devocional: day_1_devotional_2, fuente: read
­ƒÄ» [STATS] Criterios: tiempo=60, scroll=0.8, escuchado=0.0, cumple=true
­ƒÄ» [STATS] Devocional guardado: day_1_devotional_2, total ahora: 2
00:14 +547 -1: C:/Users/cesar/Devocional_nuevo/test/devocional_reading_logic_test.dart: Devotional Reading Logic Tests Service handles malformed data gracefully
­ƒÄ» [STATS] Registro por lectura: 
­ƒÄ» [STATS] Iniciando registro de devocional: , fuente: read
­ƒÄ» [STATS] DevocionalId vac├¡o, no se registra
00:14 +548 -1: C:/Users/cesar/Devocional_nuevo/test/devocional_reading_logic_test.dart: Devotional Reading Logic Tests Multiple achievements unlock correctly
­ƒÄ» [STATS] Registro por lectura: devotional_1
­ƒÄ» [STATS] Iniciando registro de devocional: devotional_1, fuente: read
­ƒÄ» [STATS] Criterios: tiempo=60, scroll=0.8, escuchado=0.0, cumple=true
­ƒÄ» [STATS] Nueva fecha de lectura agregada: 2025-12-23 00:00:00.000
Achievement unlocked: achievements.first_read_title
Error creating auto-backup: MissingPluginException(No implementation found for method getApplicationDocumentsDirectory on channel plugins.flutter.io/path_provider)
Auto-backup created (490700.6 hours since last)
­ƒÄ» [STATS] Devocional guardado: devotional_1, total ahora: 1
­ƒÄ» [STATS] Registro por lectura: devotional_2
­ƒÄ» [STATS] Iniciando registro de devocional: devotional_2, fuente: read
­ƒÄ» [STATS] Criterios: tiempo=60, scroll=0.8, escuchado=0.0, cumple=true
­ƒÄ» [STATS] Devocional guardado: devotional_2, total ahora: 2
­ƒÄ» [STATS] Registro por lectura: devotional_3
­ƒÄ» [STATS] Iniciando registro de devocional: devotional_3, fuente: read
­ƒÄ» [STATS] Criterios: tiempo=60, scroll=0.8, escuchado=0.0, cumple=true
­ƒÄ» [STATS] Devocional guardado: devotional_3, total ahora: 3
­ƒÄ» [STATS] Registro por lectura: devotional_4
­ƒÄ» [STATS] Iniciando registro de devocional: devotional_4, fuente: read
­ƒÄ» [STATS] Criterios: tiempo=60, scroll=0.8, escuchado=0.0, cumple=true
­ƒÄ» [STATS] Devocional guardado: devotional_4, total ahora: 4
­ƒÄ» [STATS] Registro por lectura: devotional_5
­ƒÄ» [STATS] Iniciando registro de devocional: devotional_5, fuente: read
­ƒÄ» [STATS] Criterios: tiempo=60, scroll=0.8, escuchado=0.0, cumple=true
­ƒÄ» [STATS] Devocional guardado: devotional_5, total ahora: 5
­ƒÄ» [STATS] Registro por lectura: devotional_6
­ƒÄ» [STATS] Iniciando registro de devocional: devotional_6, fuente: read
­ƒÄ» [STATS] Criterios: tiempo=60, scroll=0.8, escuchado=0.0, cumple=true
­ƒÄ» [STATS] Devocional guardado: devotional_6, total ahora: 6
­ƒÄ» [STATS] Registro por lectura: devotional_7
­ƒÄ» [STATS] Iniciando registro de devocional: devotional_7, fuente: read
­ƒÄ» [STATS] Criterios: tiempo=60, scroll=0.8, escuchado=0.0, cumple=true
Achievement unlocked: achievements.week_reader_title
­ƒÄ» [STATS] Devocional guardado: devotional_7, total ahora: 7
00:14 +549 -1: C:/Users/cesar/Devocional_nuevo/test/integration/chinese_user_journey_test.dart: Chinese Language - Complete User Journey Tests User switches to Chinese and gets proper TTS configuration
­ƒöä [proactiveAssignVoiceOnInit] Inicializando TTS para idioma: en
­ƒöä [proactiveAssignVoiceOnInit] No hay voz guardada v├ílida, asignando autom├íticamente...
­ƒÄÁ [autoAssignDefaultVoice] ┬┐Ya hay voz guardada para "en"? false
00:15 +549 -2: C:/Users/cesar/Devocional_nuevo/test/integration/chinese_user_journey_test.dart: Chinese Language - Complete User Journey Tests User switches to Chinese and gets proper TTS configuration [E]
  MissingPluginException(No implementation found for method getVoices on channel flutter_tts)
  package:flutter/src/services/platform_channel.dart 365:7  MethodChannel._invokeMethod
  
00:15 +549 -2: C:/Users/cesar/Devocional_nuevo/test/integration/chinese_user_journey_test.dart: Chinese Language - Complete User Journey Tests Chinese Bible references are formatted correctly for TTS
00:15 +550 -2: C:/Users/cesar/Devocional_nuevo/test/integration/chinese_user_journey_test.dart: Chinese Language - Complete User Journey Tests Chinese voice settings are properly validated and applied
­ƒöè VoiceSettings: hasUserSavedVoice(zh): false
00:15 +551 -2: C:/Users/cesar/Devocional_nuevo/test/integration/chinese_user_journey_test.dart: Chinese Language - Complete User Journey Tests Complete user flow: Spanish ÔåÆ Chinese ÔåÆ Back to Spanish
­ƒöä [proactiveAssignVoiceOnInit] Inicializando TTS para idioma: en
­ƒöä [proactiveAssignVoiceOnInit] No hay voz guardada v├ílida, asignando autom├íticamente...
­ƒÄÁ [autoAssignDefaultVoice] ┬┐Ya hay voz guardada para "en"? false
00:15 +551 -3: C:/Users/cesar/Devocional_nuevo/test/integration/chinese_user_journey_test.dart: Chinese Language - Complete User Journey Tests Complete user flow: Spanish ÔåÆ Chinese ÔåÆ Back to Spanish [E]
  MissingPluginException(No implementation found for method getVoices on channel flutter_tts)
  package:flutter/src/services/platform_channel.dart 365:7  MethodChannel._invokeMethod
  
00:15 +551 -3: C:/Users/cesar/Devocional_nuevo/test/integration/chinese_user_journey_test.dart: Chinese Language - Complete User Journey Tests Chinese language persists across app restarts
­ƒöä [proactiveAssignVoiceOnInit] Inicializando TTS para idioma: en
­ƒöä [proactiveAssignVoiceOnInit] No hay voz guardada v├ílida, asignando autom├íticamente...
­ƒÄÁ [autoAssignDefaultVoice] ┬┐Ya hay voz guardada para "en"? false
00:15 +551 -4: C:/Users/cesar/Devocional_nuevo/test/integration/chinese_user_journey_test.dart: Chinese Language - Complete User Journey Tests Chinese language persists across app restarts [E]
  MissingPluginException(No implementation found for method getVoices on channel flutter_tts)
  package:flutter/src/services/platform_channel.dart 365:7  MethodChannel._invokeMethod
  
00:15 +551 -4: C:/Users/cesar/Devocional_nuevo/test/integration/chinese_user_journey_test.dart: Chinese Language - Complete User Journey Tests All 6 languages are available and properly ordered
00:15 +552 -4: C:/Users/cesar/Devocional_nuevo/test/integration/chinese_user_journey_test.dart: Chinese Language - Complete User Journey Tests Chinese text formatting handles both simplified and traditional
00:15 +553 -4: C:/Users/cesar/Devocional_nuevo/test/integration/chinese_user_journey_test.dart: Chinese Language - Complete User Journey Tests Voice proactive assignment triggers on Chinese language change
­ƒöä [proactiveAssignVoiceOnInit] Inicializando TTS para idioma: zh
­ƒöä [proactiveAssignVoiceOnInit] No hay voz guardada v├ílida, asignando autom├íticamente...
­ƒÄÁ [autoAssignDefaultVoice] ┬┐Ya hay voz guardada para "zh"? false
00:15 +553 -5: C:/Users/cesar/Devocional_nuevo/test/integration/japanese_devotional_loading_test.dart: (setUpAll)
00:15 +553 -5: C:/Users/cesar/Devocional_nuevo/test/integration/chinese_user_journey_test.dart: Chinese Language - Complete User Journey Tests Voice proactive assignment triggers on Chinese language change [E]
  MissingPluginException(No implementation found for method getVoices on channel flutter_tts)
  package:flutter/src/services/platform_channel.dart 365:7  MethodChannel._invokeMethod
  
00:15 +553 -5: C:/Users/cesar/Devocional_nuevo/test/integration/japanese_devotional_loading_test.dart: Japanese Devotional Version Integration Tests Constants class has correct Japanese version codes
­ƒÅù´©Å Provider: Constructor iniciado
AudioController: Initializing reactive proxy...
AudioController: Reactive proxy initialized
Ô£à Provider: Constructor completado
­ƒº╣ Provider: Disposing...
AudioController: Disposing reactive proxy...
ÔÅ╣´©Å TTS: Stop requested (current state: TtsState.idle) at 2025-12-23 15:37:40.532140
AudioController: Reactive proxy disposed
Ô£à Provider: Disposed
Ô£à TTS: Stop completed at 2025-12-23 15:37:40.549289
­ƒº╣ TTS: Service disposed at 2025-12-23 15:37:40.550289
00:15 +554 -5: C:/Users/cesar/Devocional_nuevo/test/integration/japanese_devotional_loading_test.dart: Japanese Devotional Version Integration Tests URL generation uses correct Japanese version codes
­ƒÅù´©Å Provider: Constructor iniciado
AudioController: Initializing reactive proxy...
AudioController: Reactive proxy initialized
Ô£à Provider: Constructor completado
­ƒº╣ Provider: Disposing...
AudioController: Disposing reactive proxy...
ÔÅ╣´©Å TTS: Stop requested (current state: TtsState.idle) at 2025-12-23 15:37:40.563860
AudioController: Reactive proxy disposed
Ô£à Provider: Disposed
Ô£à TTS: Stop completed at 2025-12-23 15:37:40.564531
­ƒº╣ TTS: Service disposed at 2025-12-23 15:37:40.564531
00:15 +555 -5: C:/Users/cesar/Devocional_nuevo/test/integration/japanese_devotional_loading_test.dart: Japanese Devotional Version Integration Tests Copyright utils have correct Japanese version copyrights
­ƒÅù´©Å Provider: Constructor iniciado
AudioController: Initializing reactive proxy...
AudioController: Reactive proxy initialized
Ô£à Provider: Constructor completado
­ƒº╣ Provider: Disposing...
AudioController: Disposing reactive proxy...
ÔÅ╣´©Å TTS: Stop requested (current state: TtsState.idle) at 2025-12-23 15:37:40.573633
AudioController: Reactive proxy disposed
Ô£à Provider: Disposed
Ô£à TTS: Stop completed at 2025-12-23 15:37:40.573633
­ƒº╣ TTS: Service disposed at 2025-12-23 15:37:40.573633
00:15 +556 -5: C:/Users/cesar/Devocional_nuevo/test/integration/japanese_devotional_loading_test.dart: Japanese Devotional Version Integration Tests Bible version display names are correct for Japanese
­ƒÅù´©Å Provider: Constructor iniciado
AudioController: Initializing reactive proxy...
AudioController: Reactive proxy initialized
Ô£à Provider: Constructor completado
­ƒº╣ Provider: Disposing...
AudioController: Disposing reactive proxy...
ÔÅ╣´©Å TTS: Stop requested (current state: TtsState.idle) at 2025-12-23 15:37:40.589773
AudioController: Reactive proxy disposed
Ô£à Provider: Disposed
Ô£à TTS: Stop completed at 2025-12-23 15:37:40.590771
­ƒº╣ TTS: Service disposed at 2025-12-23 15:37:40.591175
00:15 +557 -5: C:/Users/cesar/Devocional_nuevo/test/integration/japanese_devotional_loading_test.dart: Japanese Devotional Version Integration Tests Provider loads Japanese versions correctly
­ƒÅù´©Å Provider: Constructor iniciado
AudioController: Initializing reactive proxy...
AudioController: Reactive proxy initialized
Ô£à Provider: Constructor completado
Loading from API for language: en, version: KJV
­ƒöì Requesting URL: https://raw.githubusercontent.com/develop4God/Devocionales-json/refs/heads/main/Devocional_year_2025_en_KJV.json
Error en _fetchAllDevocionalesForLanguage: Exception: Failed to load from API: 400
­ƒîÉ TTS: Language context set to ja (µû░µö╣Þ¿│2003)
ÔÜá´©Å TTS: Cannot update language - service not initialized
Loading from API for language: ja, version: µû░µö╣Þ¿│2003
­ƒöì Requesting URL: https://raw.githubusercontent.com/develop4God/Devocionales-json/refs/heads/main/Devocional_year_2025_ja_µû░µö╣Þ¿│2003.json
Error en _fetchAllDevocionalesForLanguage: Exception: Failed to load from API: 400
00:15 +558 -5: C:/Users/cesar/Devocional_nuevo/test/integration/japanese_devotional_loading_test.dart: Japanese Devotional Version Integration Tests Provider loads Japanese versions correctly
00:15 +559 -5: C:/Users/cesar/Devocional_nuevo/test/integration/japanese_devotional_loading_test.dart: Japanese Devotional Version Integration Tests Provider loads Japanese versions correctly
00:15 +560 -5: C:/Users/cesar/Devocional_nuevo/test/integration/japanese_devotional_loading_test.dart: Japanese Devotional Version Integration Tests Provider loads Japanese versions correctly
00:15 +561 -5: C:/Users/cesar/Devocional_nuevo/test/integration/japanese_devotional_loading_test.dart: Japanese Devotional Version Integration Tests Provider loads Japanese versions correctly
00:15 +562 -5: C:/Users/cesar/Devocional_nuevo/test/integration/japanese_devotional_loading_test.dart: Japanese Devotional Version Integration Tests Provider loads Japanese versions correctly
­ƒº╣ Provider: Disposing...
AudioController: Disposing reactive proxy...
ÔÅ╣´©Å TTS: Stop requested (current state: TtsState.idle) at 2025-12-23 15:37:40.973651
AudioController: Reactive proxy disposed
Ô£à Provider: Disposed
Ô£à TTS: Stop completed at 2025-12-23 15:37:40.974649
­ƒº╣ TTS: Service disposed at 2025-12-23 15:37:40.974649
00:15 +563 -5: C:/Users/cesar/Devocional_nuevo/test/migration/no_singleton_antipatterns_test.dart: Migration Safety Tests - No Singleton Antipatterns Codebase does not reference LocalizationService.resetInstance()
00:15 +563 -5: C:/Users/cesar/Devocional_nuevo/test/integration/japanese_devotional_loading_test.dart: Japanese Devotional Version Integration Tests Provider can switch between Japanese versions
­ƒÅù´©Å Provider: Constructor iniciado
AudioController: Initializing reactive proxy...
AudioController: Reactive proxy initialized
Ô£à Provider: Constructor completado
Loading from API for language: en, version: KJV
­ƒöì Requesting URL: https://raw.githubusercontent.com/develop4God/Devocionales-json/refs/heads/main/Devocional_year_2025_en_KJV.json
Error en _fetchAllDevocionalesForLanguage: Exception: Failed to load from API: 400
­ƒîÉ TTS: Language context set to ja (µû░µö╣Þ¿│2003)
ÔÜá´©Å TTS: Cannot update language - service not initialized
Loading from API for language: ja, version: µû░µö╣Þ¿│2003
­ƒöì Requesting URL: https://raw.githubusercontent.com/develop4God/Devocionales-json/refs/heads/main/Devocional_year_2025_ja_µû░µö╣Þ¿│2003.json
Error en _fetchAllDevocionalesForLanguage: Exception: Failed to load from API: 400
00:16 +564 -5: C:/Users/cesar/Devocional_nuevo/test/integration/japanese_devotional_loading_test.dart: Japanese Devotional Version Integration Tests Provider can switch between Japanese versions
00:16 +565 -5: C:/Users/cesar/Devocional_nuevo/test/integration/japanese_devotional_loading_test.dart: Japanese Devotional Version Integration Tests Provider can switch between Japanese versions
00:16 +566 -5: C:/Users/cesar/Devocional_nuevo/test/integration/japanese_devotional_loading_test.dart: Japanese Devotional Version Integration Tests Provider can switch between Japanese versions
00:16 +567 -5: C:/Users/cesar/Devocional_nuevo/test/integration/japanese_devotional_loading_test.dart: Japanese Devotional Version Integration Tests Provider can switch between Japanese versions
00:16 +568 -5: C:/Users/cesar/Devocional_nuevo/test/integration/japanese_devotional_loading_test.dart: Japanese Devotional Version Integration Tests Provider can switch between Japanese versions
­ƒîÉ TTS: Language context set to ja (Òâ¬ÒâôÒâ│Òé░ÒâÉÒéñÒâûÒâ½)
ÔÜá´©Å TTS: Cannot update language - service not initialized
Loading from API for language: ja, version: Òâ¬ÒâôÒâ│Òé░ÒâÉÒéñÒâûÒâ½
­ƒöì Requesting URL: https://raw.githubusercontent.com/develop4God/Devocionales-json/refs/heads/main/Devocional_year_2025_ja_Òâ¬ÒâôÒâ│Òé░ÒâÉÒéñÒâûÒâ½.json
Error en _fetchAllDevocionalesForLanguage: Exception: Failed to load from API: 400
­ƒîÉ TTS: Language context set to ja (µû░µö╣Þ¿│2003)
ÔÜá´©Å TTS: Cannot update language - service not initialized
Loading from API for language: ja, version: µû░µö╣Þ¿│2003
­ƒöì Requesting URL: https://raw.githubusercontent.com/develop4God/Devocionales-json/refs/heads/main/Devocional_year_2025_ja_µû░µö╣Þ¿│2003.json
Error en _fetchAllDevocionalesForLanguage: Exception: Failed to load from API: 400
­ƒº╣ Provider: Disposing...
AudioController: Disposing reactive proxy...
ÔÅ╣´©Å TTS: Stop requested (current state: TtsState.idle) at 2025-12-23 15:37:41.908031
AudioController: Reactive proxy disposed
Ô£à Provider: Disposed
Ô£à TTS: Stop completed at 2025-12-23 15:37:41.908031
­ƒº╣ TTS: Service disposed at 2025-12-23 15:37:41.908031
00:16 +569 -5: C:/Users/cesar/Devocional_nuevo/test/pages/debug_flag_page_test.dart: DebugVoiceFlagPage Borrar flag de voz llama clearUserSavedVoiceFlag y muestra SnackBar
00:16 +569 -5: C:/Users/cesar/Devocional_nuevo/test/integration/japanese_devotional_loading_test.dart: Japanese Devotional Version Integration Tests Complete flow: Language selection -> Version change -> URL generation
­ƒÅù´©Å Provider: Constructor iniciado
AudioController: Initializing reactive proxy...
AudioController: Reactive proxy initialized
Ô£à Provider: Constructor completado
Loading from API for language: en, version: KJV
­ƒöì Requesting URL: https://raw.githubusercontent.com/develop4God/Devocionales-json/refs/heads/main/Devocional_year_2025_en_KJV.json
Error en _fetchAllDevocionalesForLanguage: Exception: Failed to load from API: 400
­ƒîÉ TTS: Language context set to ja (µû░µö╣Þ¿│2003)
ÔÜá´©Å TTS: Cannot update language - service not initialized
Loading from API for language: ja, version: µû░µö╣Þ¿│2003
­ƒöì Requesting URL: https://raw.githubusercontent.com/develop4God/Devocionales-json/refs/heads/main/Devocional_year_2025_ja_µû░µö╣Þ¿│2003.json
Error en _fetchAllDevocionalesForLanguage: Exception: Failed to load from API: 400
­ƒîÉ TTS: Language context set to ja (Òâ¬ÒâôÒâ│Òé░ÒâÉÒéñÒâûÒâ½)
ÔÜá´©Å TTS: Cannot update language - service not initialized
Loading from API for language: ja, version: Òâ¬ÒâôÒâ│Òé░ÒâÉÒéñÒâûÒâ½
­ƒöì Requesting URL: https://raw.githubusercontent.com/develop4God/Devocionales-json/refs/heads/main/Devocional_year_2025_ja_Òâ¬ÒâôÒâ│Òé░ÒâÉÒéñÒâûÒâ½.json
Error en _fetchAllDevocionalesForLanguage: Exception: Failed to load from API: 400
00:17 +570 -5: C:/Users/cesar/Devocional_nuevo/test/pages/debug_flag_page_test.dart: DebugVoiceFlagPage Borrar flag de voz llama clearUserSavedVoiceFlag y muestra SnackBar
00:17 +571 -5: C:/Users/cesar/Devocional_nuevo/test/pages/debug_flag_page_test.dart: DebugVoiceFlagPage Borrar flag de voz llama clearUserSavedVoiceFlag y muestra SnackBar
00:17 +572 -5: C:/Users/cesar/Devocional_nuevo/test/pages/debug_flag_page_test.dart: DebugVoiceFlagPage Borrar flag de voz llama clearUserSavedVoiceFlag y muestra SnackBar
00:17 +573 -5: C:/Users/cesar/Devocional_nuevo/test/pages/debug_flag_page_test.dart: DebugVoiceFlagPage Borrar flag de voz llama clearUserSavedVoiceFlag y muestra SnackBar
00:17 +574 -5: C:/Users/cesar/Devocional_nuevo/test/pages/debug_flag_page_test.dart: DebugVoiceFlagPage Borrar flag de voz llama clearUserSavedVoiceFlag y muestra SnackBar
00:17 +575 -5: C:/Users/cesar/Devocional_nuevo/test/pages/debug_flag_page_test.dart: DebugVoiceFlagPage Borrar flag de voz llama clearUserSavedVoiceFlag y muestra SnackBar
00:17 +576 -5: C:/Users/cesar/Devocional_nuevo/test/pages/debug_flag_page_test.dart: DebugVoiceFlagPage Borrar flag de voz llama clearUserSavedVoiceFlag y muestra SnackBar
00:17 +577 -5: C:/Users/cesar/Devocional_nuevo/test/pages/debug_flag_page_test.dart: DebugVoiceFlagPage Borrar flag de voz llama clearUserSavedVoiceFlag y muestra SnackBar
00:17 +578 -5: C:/Users/cesar/Devocional_nuevo/test/pages/debug_flag_page_test.dart: DebugVoiceFlagPage Borrar flag de voz llama clearUserSavedVoiceFlag y muestra SnackBar
00:17 +579 -5: C:/Users/cesar/Devocional_nuevo/test/pages/debug_flag_page_test.dart: DebugVoiceFlagPage Borrar flag de voz llama clearUserSavedVoiceFlag y muestra SnackBar
00:17 +580 -5: C:/Users/cesar/Devocional_nuevo/test/pages/debug_flag_page_test.dart: DebugVoiceFlagPage Borrar flag de voz llama clearUserSavedVoiceFlag y muestra SnackBar
00:17 +581 -5: C:/Users/cesar/Devocional_nuevo/test/pages/debug_flag_page_test.dart: DebugVoiceFlagPage Borrar flag de voz llama clearUserSavedVoiceFlag y muestra SnackBar
00:17 +582 -5: C:/Users/cesar/Devocional_nuevo/test/pages/debug_flag_page_test.dart: DebugVoiceFlagPage Borrar flag de voz llama clearUserSavedVoiceFlag y muestra SnackBar
00:17 +583 -5: C:/Users/cesar/Devocional_nuevo/test/pages/debug_flag_page_test.dart: DebugVoiceFlagPage Borrar flag de voz llama clearUserSavedVoiceFlag y muestra SnackBar
00:17 +584 -5: C:/Users/cesar/Devocional_nuevo/test/pages/debug_flag_page_test.dart: DebugVoiceFlagPage Borrar flag de voz llama clearUserSavedVoiceFlag y muestra SnackBar
00:17 +585 -5: C:/Users/cesar/Devocional_nuevo/test/pages/debug_flag_page_test.dart: DebugVoiceFlagPage Borrar flag de voz llama clearUserSavedVoiceFlag y muestra SnackBar
00:17 +586 -5: C:/Users/cesar/Devocional_nuevo/test/pages/debug_flag_page_test.dart: DebugVoiceFlagPage Borrar flag de voz llama clearUserSavedVoiceFlag y muestra SnackBar
00:17 +586 -5: C:/Users/cesar/Devocional_nuevo/test/integration/japanese_devotional_loading_test.dart: Japanese Devotional Version Integration Tests Complete flow: Language selection -> Version change -> URL generation
­ƒº╣ Provider: Disposing...
AudioController: Disposing reactive proxy...
ÔÅ╣´©Å TTS: Stop requested (current state: TtsState.idle) at 2025-12-23 15:37:42.524394
AudioController: Reactive proxy disposed
Ô£à Provider: Disposed
Ô£à TTS: Stop completed at 2025-12-23 15:37:42.525935
­ƒº╣ TTS: Service disposed at 2025-12-23 15:37:42.527026
00:17 +587 -5: C:/Users/cesar/Devocional_nuevo/test/pages/debug_flag_page_test.dart: DebugVoiceFlagPage Borrar flag de voz llama clearUserSavedVoiceFlag y muestra SnackBar
00:17 +588 -5: C:/Users/cesar/Devocional_nuevo/test/pages/debug_flag_page_test.dart: DebugVoiceFlagPage Borrar flag de voz llama clearUserSavedVoiceFlag y muestra SnackBar
00:17 +588 -5: C:/Users/cesar/Devocional_nuevo/test/integration/japanese_devotional_loading_test.dart: Japanese Devotional Version Integration Tests Switching from another language to Japanese uses correct default
­ƒÅù´©Å Provider: Constructor iniciado
AudioController: Initializing reactive proxy...
AudioController: Reactive proxy initialized
Ô£à Provider: Constructor completado
Loading from API for language: en, version: KJV
­ƒöì Requesting URL: https://raw.githubusercontent.com/develop4God/Devocionales-json/refs/heads/main/Devocional_year_2025_en_KJV.json
Error en _fetchAllDevocionalesForLanguage: Exception: Failed to load from API: 400
00:17 +589 -5: C:/Users/cesar/Devocional_nuevo/test/progress_page_overflow_test.dart: Progress Page Responsive Layout Tests - Real User Behavior Responsive layout adapts to small screen (320x568)
00:17 +590 -5: C:/Users/cesar/Devocional_nuevo/test/integration/japanese_devotional_loading_test.dart: Japanese Devotional Version Integration Tests Switching from another language to Japanese uses correct default
00:17 +591 -5: C:/Users/cesar/Devocional_nuevo/test/integration/japanese_devotional_loading_test.dart: Japanese Devotional Version Integration Tests Switching from another language to Japanese uses correct default
00:17 +592 -5: C:/Users/cesar/Devocional_nuevo/test/integration/japanese_devotional_loading_test.dart: Japanese Devotional Version Integration Tests Switching from another language to Japanese uses correct default
­ƒîÉ TTS: Language context set to ja (µû░µö╣Þ¿│2003)
ÔÜá´©Å TTS: Cannot update language - service not initialized
Loading from API for language: ja, version: µû░µö╣Þ¿│2003
­ƒöì Requesting URL: https://raw.githubusercontent.com/develop4God/Devocionales-json/refs/heads/main/Devocional_year_2025_ja_µû░µö╣Þ¿│2003.json
Error en _fetchAllDevocionalesForLanguage: Exception: Failed to load from API: 400
00:17 +593 -5: C:/Users/cesar/Devocional_nuevo/test/integration/japanese_devotional_loading_test.dart: Japanese Devotional Version Integration Tests Switching from another language to Japanese uses correct default
­ƒº╣ Provider: Disposing...
AudioController: Disposing reactive proxy...
ÔÅ╣´©Å TTS: Stop requested (current state: TtsState.idle) at 2025-12-23 15:37:43.157824
AudioController: Reactive proxy disposed
Ô£à Provider: Disposed
Ô£à TTS: Stop completed at 2025-12-23 15:37:43.157824
­ƒº╣ TTS: Service disposed at 2025-12-23 15:37:43.157824
00:18 +594 -5: C:/Users/cesar/Devocional_nuevo/test/integration/japanese_devotional_loading_test.dart: (tearDownAll)
00:18 +594 -5: C:/Users/cesar/Devocional_nuevo/test/services/analytics_service_test.dart: AnalyticsService logTtsPlay should log tts_play event
­ƒôè Analytics: tts_play event logged
00:18 +595 -5: C:/Users/cesar/Devocional_nuevo/test/services/analytics_service_test.dart: AnalyticsService logTtsPlay should not throw on analytics error
ÔØî Analytics error #1 in tts_play: Exception: Analytics error
00:18 +596 -5: C:/Users/cesar/Devocional_nuevo/test/services/analytics_service_test.dart: AnalyticsService logDevocionalComplete should log devotional_read_complete event with required parameters
­ƒôè Analytics: devotional_read_complete event logged for dev_123 (campaign_tag: custom_1, source: read)
00:18 +597 -5: C:/Users/cesar/Devocional_nuevo/test/services/analytics_service_test.dart: AnalyticsService logDevocionalComplete should log devotional_read_complete event with optional parameters
­ƒôè Analytics: devotional_read_complete event logged for dev_123 (campaign_tag: custom_1, source: read)
00:18 +598 -5: C:/Users/cesar/Devocional_nuevo/test/services/analytics_service_test.dart: AnalyticsService logDevocionalComplete should not throw on analytics error
ÔØî Analytics error #1 in devotional_read_complete: Exception: Analytics error
00:18 +599 -5: C:/Users/cesar/Devocional_nuevo/test/services/analytics_service_test.dart: AnalyticsService logCustomEvent should log custom event with parameters
­ƒôè Analytics: custom_event event logged
00:18 +600 -5: C:/Users/cesar/Devocional_nuevo/test/services/analytics_service_test.dart: AnalyticsService setUserProperty should set user property
­ƒôè Analytics: User property set - user_type: premium
00:18 +601 -5: C:/Users/cesar/Devocional_nuevo/test/services/analytics_service_test.dart: AnalyticsService setUserId should set user ID
­ƒôè Analytics: User ID set - user_123
00:18 +602 -5: C:/Users/cesar/Devocional_nuevo/test/services/analytics_service_test.dart: AnalyticsService resetAnalyticsData should reset analytics data
­ƒôè Analytics: Data reset
00:18 +603 -5: C:/Users/cesar/Devocional_nuevo/test/services/analytics_service_test.dart: AnalyticsService Campaign Tag Validation isValidCampaignTag should accept valid tags
00:18 +604 -5: C:/Users/cesar/Devocional_nuevo/test/services/analytics_service_test.dart: AnalyticsService Campaign Tag Validation isValidCampaignTag should reject invalid tags
00:18 +605 -5: C:/Users/cesar/Devocional_nuevo/test/services/analytics_service_test.dart: AnalyticsService Campaign Tag Validation logDevocionalComplete should reject invalid campaign tags
ÔØî Analytics error #1 in devotional_read_complete: Invalid campaign tag format: "invalid tag with spaces"
00:18 +606 -5: C:/Users/cesar/Devocional_nuevo/test/services/analytics_service_test.dart: AnalyticsService Campaign Tag Validation logDevocionalComplete should accept valid campaign tags
­ƒôè Analytics: devotional_read_complete event logged for dev_123 (campaign_tag: custom_1, source: read)
00:18 +607 -5: C:/Users/cesar/Devocional_nuevo/test/services/analytics_service_test.dart: AnalyticsService Error Telemetry should track analytics errors
ÔØî Analytics error #1 in tts_play: Exception: Network error
00:18 +608 -5: C:/Users/cesar/Devocional_nuevo/test/services/analytics_service_test.dart: AnalyticsService Error Telemetry should increment error count for multiple failures
ÔØî Analytics error #1 in tts_play: Exception: Error
ÔØî Analytics error #2 in tts_play: Exception: Error
ÔØî Analytics error #3 in tts_play: Exception: Error
00:18 +609 -5: C:/Users/cesar/Devocional_nuevo/test/services/analytics_service_test.dart: AnalyticsService Error Telemetry should track errors from different operations
ÔØî Analytics error #1 in tts_play: Exception: Error 1
ÔØî Analytics error #2 in devotional_read_complete: Exception: Error 2
00:18 +610 -5: C:/Users/cesar/Devocional_nuevo/test/services/analytics_service_test.dart: AnalyticsService Error Telemetry resetErrorCount should reset error counter
ÔØî Analytics error #1 in tts_play: Exception: Error
00:18 +611 -5: C:/Users/cesar/Devocional_nuevo/test/services/analytics_service_test.dart: AnalyticsService Error Telemetry should warn when error count exceeds threshold
ÔØî Analytics error #1 in tts_play: Exception: Error
ÔØî Analytics error #2 in tts_play: Exception: Error
ÔØî Analytics error #3 in tts_play: Exception: Error
ÔØî Analytics error #4 in tts_play: Exception: Error
ÔØî Analytics error #5 in tts_play: Exception: Error
ÔØî Analytics error #6 in tts_play: Exception: Error
ÔØî Analytics error #7 in tts_play: Exception: Error
ÔØî Analytics error #8 in tts_play: Exception: Error
ÔØî Analytics error #9 in tts_play: Exception: Error
ÔØî Analytics error #10 in tts_play: Exception: Error
ÔØî Analytics error #11 in tts_play: Exception: Error
ÔÜá´©Å HIGH ANALYTICS ERROR RATE: 11 failures detected
00:18 +612 -5: C:/Users/cesar/Devocional_nuevo/test/services/analytics_service_test.dart: AnalyticsService Edge Cases should handle empty devotional ID
­ƒôè Analytics: devotional_read_complete event logged for  (campaign_tag: custom_1, source: read)
00:18 +613 -5: C:/Users/cesar/Devocional_nuevo/test/services/analytics_service_test.dart: AnalyticsService Edge Cases should handle very long devotional IDs
­ƒôè Analytics: devotional_read_complete event logged for dev_xxxxxxxxxxxxxxxxxxxxxxxxxxxxxxxxxxxxxxxxxxxxxxxxxxxxxxxxxxxxxxxxxxxxxxxxxxxxxxxxxxxxxxxxxxxxxxxxxxxxxxxxxxxxxxxxxxxxxxxxxxxxxxxxxxxxxxxxxxxxxxxxxxxxxxxxxxxxxxxxxxxxxxxxxxxxxxxxxxxxxxxxxxxxxxxxxxxxxxxxxxxxxxxxxxxxxxxxxxxxxxxxxxxxxxxxxxxxxxxxxxxxxxxxxxxxxxxxxxxxxxxxxxxxxxxxxxxxxxxxxxxxxxxxxxxxxxxxxxxxxxxxxxxxxxxxxxxxxxxxxxxxxxxxxxxxxxxxxxxxxxxxxxxxxxxxxxxxxxxxxxxxxxxxxxxxxxxxxxxxxxxxxxxxxxxxxxxxxxxxxxxxxxxxxxxxxxxxxxxxxxxxxxxxxxxxxxxxxxxxxxxxxxxxxxxxxxxxxxxxxxxxxxxxxxxxxxxxxxxxxxxxxxxxxxxxxxxxxxxxxxxxxxxxxxxxxxxxxxxxxxxxxxxxxxxxxxxxxxxxxxxxxxxxxxxxxxxxxxxxxxxxxxxxxxxxxxxxxxxxxxxxxxxxxxxxxxxxxxxxxxxxxxxxxxxxxxxxxxxxxxxxxxxxxxxxxxxxxxxxxxxxxxxxxxxxxxxxxxxxxxxxxxxxxxxxxxxxxxxxxxxxxxxxxxxxxxxxxxxxxxxxxxxxxxxxxxxxxxxxxxxxxxxxxxxxxxxxxxxxxxxxxxxxxxxxxxxxxxxxxxxxxxxxxxxxxxxxxxxxxxxxxxxxxxxxxxxxxxxxxxxxxxxxxxxxxxxxxxxxxxxxxxxxxxxxxxxxxxxxxxxxxxxxxxxxxxxxxxxxxxxxxxxxxxxxxxxxxxxxxxxxxxxxxxxxxxxxxxxxxxxxxxxxxxxxxxxxxxxxxxxxxxxxxxxxxxxxxxxxxxxxxxxxxxxxxxxxxxxxxxxxxxxxxxxxxxxxxxxxxxxxxxxxxxxxxxxxxxxx (campaign_tag: custom_1, source: read)
00:18 +614 -5: C:/Users/cesar/Devocional_nuevo/test/services/analytics_service_test.dart: AnalyticsService Edge Cases should handle special characters in devotional ID
­ƒôè Analytics: devotional_read_complete event logged for dev@123#special! (campaign_tag: custom_1, source: read)
00:18 +615 -5: C:/Users/cesar/Devocional_nuevo/test/services/devocionales_tracking_test.dart: Devocionales Tracking Logic Tests Timer Criteria Check startDevocionalTracking should trigger criteria check timer to start
00:18 +616 -5: C:/Users/cesar/Devocional_nuevo/test/services/devocionales_tracking_test.dart: Devocionales Tracking Logic Tests Timer Criteria Check reading criteria should check time >= 60s and scroll >= 80%
00:18 +617 -5: C:/Users/cesar/Devocional_nuevo/test/services/devocionales_tracking_test.dart: Devocionales Tracking Logic Tests Devotional Filtering Logic findFirstUnreadDevocionalIndex returns first unread index
00:18 +618 -5: C:/Users/cesar/Devocional_nuevo/test/services/devocionales_tracking_test.dart: Devocionales Tracking Logic Tests Devotional Filtering Logic findFirstUnreadDevocionalIndex returns 0 when all are read
00:18 +619 -5: C:/Users/cesar/Devocional_nuevo/test/services/devocionales_tracking_test.dart: Devocionales Tracking Logic Tests Devotional Filtering Logic findFirstUnreadDevocionalIndex returns 0 when none are read
00:18 +620 -5: C:/Users/cesar/Devocional_nuevo/test/services/devocionales_tracking_test.dart: Devocionales Tracking Logic Tests Devotional Filtering Logic findFirstUnreadDevocionalIndex handles empty list
00:18 +621 -5: C:/Users/cesar/Devocional_nuevo/test/services/devocionales_tracking_test.dart: Devocionales Tracking Logic Tests Devotional Filtering Logic findFirstUnreadDevocionalIndex skips scattered read devotionals
00:18 +622 -5: C:/Users/cesar/Devocional_nuevo/test/services/devocionales_tracking_test.dart: Devocionales Tracking Logic Tests App Open and Close Behavior on app open should load first unread devotional, not saved index
00:18 +623 -5: C:/Users/cesar/Devocional_nuevo/test/services/devocionales_tracking_test.dart: Devocionales Tracking Logic Tests App Open and Close Behavior saved index should be ignored when that devotional is already read
00:18 +624 -5: C:/Users/cesar/Devocional_nuevo/test/services/devocionales_tracking_test.dart: Devocionales Tracking Logic Tests Reading Tracker accumulated seconds should persist through pause/resume cycles
00:18 +625 -5: C:/Users/cesar/Devocional_nuevo/test/services/devocionales_tracking_test.dart: Devocionales Tracking Logic Tests Reading Tracker scroll percentage should track maximum reached
00:19 +626 -5: C:/Users/cesar/Devocional_nuevo/test/services/google_drive_auth_service_test.dart: GoogleDriveAuthService Singleton instance returns the same object
­ƒöº [DEBUG] GoogleDriveAuthService constructor iniciado
­ƒöº [DEBUG] GoogleSignIn inicializado con scopes: [https://www.googleapis.com/auth/drive.file, https://www.googleapis.com/auth/drive]
­ƒöº [DEBUG] GoogleSignIn clientId: null
ÔÜá´©Å [DEBUG] Duplicate GoogleDriveAuthService instantiation prevented. Singleton returned.
00:19 +627 -5: C:/Users/cesar/Devocional_nuevo/test/services/google_drive_auth_service_test.dart: GoogleDriveAuthService Scopes are correct
ÔÜá´©Å [DEBUG] Duplicate GoogleDriveAuthService instantiation prevented. Singleton returned.
00:19 +628 -5: C:/Users/cesar/Devocional_nuevo/test/services/tts_service_test.dart: speakDevotional llama a speak en FlutterTts con el texto normalizado
­ƒÄñ TTS: Starting devotional test at 2025-12-23 15:37:44.749443
­ƒöº TTS: Initializing service...
­ƒöº TTS: Loading config - Language: es-US, Rate: 0.5
[TTS] Voz por defecto asignada para idioma: es (es-US)
­ƒöº TTS: Setting language to es-US
­ƒöº TTS: Setting speech rate (engine) to 1.0 (from stored 0.5)
Ô£à TTS: Native event handlers configured
Ô£à TTS: Service initialized successfully
[BibleTextFormatter] formatBibleBook called with reference="Texto de prueba", language="es"
­ƒôØ TTS: Speaking: Texto de prueba
00:19 +629 -5: C:/Users/cesar/Devocional_nuevo/test/services/tts_service_test.dart: speakDevotional speaks the devotional reflection text
­ƒÄñ TTS: Starting devotional test at 2025-12-23 15:37:44.809468
­ƒöº TTS: Initializing service...
­ƒöº TTS: Loading config - Language: es-US, Rate: 0.5
[TTS] Voz por defecto asignada para idioma: es (es-US)
­ƒöº TTS: Setting language to es-US
­ƒöº TTS: Setting speech rate (engine) to 1.0 (from stored 0.5)
Ô£à TTS: Native event handlers configured
Ô£à TTS: Service initialized successfully
[BibleTextFormatter] formatBibleBook called with reference="Texto de prueba", language="es"
­ƒôØ TTS: Speaking: Texto de prueba
00:19 +630 -5: C:/Users/cesar/Devocional_nuevo/test/services/tts_service_test.dart: speakDevotional lanza error si el texto est├í vac├¡o
­ƒÄñ TTS: Starting devotional test at 2025-12-23 15:37:44.826307
­ƒöº TTS: Initializing service...
­ƒöº TTS: Loading config - Language: es-US, Rate: 0.5
[TTS] Voz por defecto asignada para idioma: es (es-US)
­ƒöº TTS: Setting language to es-US
­ƒöº TTS: Setting speech rate (engine) to 1.0 (from stored 0.5)
Ô£à TTS: Native event handlers configured
Ô£à TTS: Service initialized successfully
[BibleTextFormatter] formatBibleBook called with reference="", language="es"
ÔØî TTS: speakDevotional failed: TtsException: No valid text content to speak at 2025-12-23 15:37:44.832304
00:19 +631 -5: C:/Users/cesar/Devocional_nuevo/test/services/tts_service_test.dart: setLanguage y setSpeechRate no lanzan error y configuran correctamente
­ƒöº TTS: Initializing service...
­ƒöº TTS: Loading config - Language: es-US, Rate: 0.5
[TTS] Voz por defecto asignada para idioma: es (es-US)
­ƒöº TTS: Setting language to es-US
­ƒöº TTS: Setting speech rate (engine) to 1.0 (from stored 0.5)
Ô£à TTS: Native event handlers configured
Ô£à TTS: Service initialized successfully
­ƒöº TTS Service: Applying speech rate mini=1.0 (settings-scale=0.8)
00:19 +632 -5: C:/Users/cesar/Devocional_nuevo/test/unit/android/android_15_edge_to_edge_test.dart: Android 15 Edge-to-Edge Configuration Tests Android SDK version constants are properly defined
00:19 +633 -5: C:/Users/cesar/Devocional_nuevo/test/unit/android/android_15_edge_to_edge_test.dart: Android 15 Edge-to-Edge Configuration Tests Edge-to-edge should be enabled on all API levels using WindowCompat
00:19 +634 -5: C:/Users/cesar/Devocional_nuevo/test/unit/android/android_15_edge_to_edge_test.dart: Android 15 Edge-to-Edge Configuration Tests Edge-to-edge configuration backward compatibility
00:19 +635 -5: C:/Users/cesar/Devocional_nuevo/test/unit/android/android_15_edge_to_edge_test.dart: Android 15 Edge-to-Edge Configuration Tests WindowCompat API availability check
00:19 +636 -5: C:/Users/cesar/Devocional_nuevo/test/unit/android/android_15_edge_to_edge_test.dart: Android 15 Edge-to-Edge Configuration Tests Edge-to-edge setup happens BEFORE Flutter initialization
00:19 +637 -5: C:/Users/cesar/Devocional_nuevo/test/unit/android/android_15_edge_to_edge_test.dart: Android 15 Edge-to-Edge Configuration Tests Edge-to-edge configuration should handle Game Loop tests
00:19 +638 -5: C:/Users/cesar/Devocional_nuevo/test/unit/android/android_15_edge_to_edge_test.dart: Android 15 Deprecated API Migration Tests Deprecated status bar APIs should not be used
00:19 +639 -5: C:/Users/cesar/Devocional_nuevo/test/unit/android/android_15_edge_to_edge_test.dart: Android 15 Deprecated API Migration Tests Modern WindowCompat API should be used for insets
00:19 +640 -5: C:/Users/cesar/Devocional_nuevo/test/unit/android/android_15_edge_to_edge_test.dart: Android 15 Deprecated API Migration Tests AndroidX Core dependency version should support WindowCompat
00:19 +641 -5: C:/Users/cesar/Devocional_nuevo/test/unit/android/android_15_edge_to_edge_test.dart: Android 15 Edge-to-Edge Edge Cases Edge-to-edge should handle screen rotation
00:19 +642 -5: C:/Users/cesar/Devocional_nuevo/test/unit/android/android_15_edge_to_edge_test.dart: Android 15 Edge-to-Edge Edge Cases Edge-to-edge should handle different display cutouts
00:19 +643 -5: C:/Users/cesar/Devocional_nuevo/test/unit/android/android_15_edge_to_edge_test.dart: Android 15 Edge-to-Edge Edge Cases Edge-to-edge should not affect fullscreen mode
00:19 +644 -5: C:/Users/cesar/Devocional_nuevo/test/unit/android/android_15_edge_to_edge_test.dart: Android 15 Edge-to-Edge Edge Cases Edge-to-edge should handle fold/unfold on foldable devices
00:19 +645 -5: C:/Users/cesar/Devocional_nuevo/test/unit/android/android_15_edge_to_edge_test.dart: Android 15 Edge-to-Edge Edge Cases Edge-to-edge should maintain touch target areas
00:19 +646 -5: C:/Users/cesar/Devocional_nuevo/test/unit/android/android_15_edge_to_edge_test.dart: Android 15 Compatibility Verification Target SDK should support Android 15
00:19 +647 -5: C:/Users/cesar/Devocional_nuevo/test/unit/android/android_15_edge_to_edge_test.dart: Android 15 Compatibility Verification Compile SDK should be sufficient for Android 15 APIs
00:19 +648 -5: C:/Users/cesar/Devocional_nuevo/test/unit/android/android_15_edge_to_edge_test.dart: Android 15 Compatibility Verification Min SDK backward compatibility is maintained
00:20 +649 -5: C:/Users/cesar/Devocional_nuevo/test/unit/blocs/prayer_bloc_update_answered_comment_test.dart: PrayerBloc - UpdateAnsweredComment Event UpdateAnsweredComment event should exist and be callable
00:20 +650 -5: C:/Users/cesar/Devocional_nuevo/test/unit/blocs/prayer_bloc_update_answered_comment_test.dart: PrayerBloc - UpdateAnsweredComment Event UpdateAnsweredComment with null comment should work
00:20 +651 -5: C:/Users/cesar/Devocional_nuevo/test/unit/blocs/prayer_bloc_update_answered_comment_test.dart: PrayerBloc - UpdateAnsweredComment Event UpdateAnsweredComment with empty comment should work
00:20 +652 -5: C:/Users/cesar/Devocional_nuevo/test/unit/chinese_language_integration_test.dart: Chinese Language Integration Tests Chinese is included in supported languages
00:20 +653 -5: C:/Users/cesar/Devocional_nuevo/test/unit/chinese_language_integration_test.dart: Chinese Language Integration Tests Chinese has Bible versions configured
00:20 +654 -5: C:/Users/cesar/Devocional_nuevo/test/unit/chinese_language_integration_test.dart: Chinese Language Integration Tests Chinese has default Bible version
00:20 +655 -5: C:/Users/cesar/Devocional_nuevo/test/unit/chinese_language_integration_test.dart: Chinese Language Integration Tests Chinese Bible versions count is 2
00:20 +656 -5: C:/Users/cesar/Devocional_nuevo/test/unit/chinese_language_integration_test.dart: Chinese Language Integration Tests BibleTextFormatter handles Chinese book names
[BibleTextFormatter] formatBibleBook called with reference="þ║ªþ┐░þªÅÚƒ│", language="zh"
00:20 +657 -5: C:/Users/cesar/Devocional_nuevo/test/unit/chinese_language_integration_test.dart: Chinese Language Integration Tests BibleTextFormatter trims Chinese text
[BibleTextFormatter] formatBibleBook called with reference="  Õêøõ©ûÞ«░  ", language="zh"
00:20 +658 -5: C:/Users/cesar/Devocional_nuevo/test/unit/chinese_language_integration_test.dart: Chinese Language Integration Tests Chinese Bible versions expand correctly for TTS
00:20 +659 -5: C:/Users/cesar/Devocional_nuevo/test/unit/chinese_language_integration_test.dart: Chinese Language Integration Tests Chinese reference formatting includes chapter and verse words
00:20 +660 -5: C:/Users/cesar/Devocional_nuevo/test/unit/chinese_language_integration_test.dart: Chinese Language Integration Tests Chinese verse range uses correct connector
00:20 +661 -5: C:/Users/cesar/Devocional_nuevo/test/unit/chinese_language_integration_test.dart: Chinese Language Integration Tests Chinese TTS normalization works correctly
[BibleTextFormatter] formatBibleBook called with reference="þ║ªþ┐░þªÅÚƒ│ 3:16 ÕÆîÕÉêµ£¼1919", language="zh"
00:20 +662 -5: C:/Users/cesar/Devocional_nuevo/test/unit/chinese_language_integration_test.dart: Chinese Language Integration Tests Chinese supports traditional characters
[BibleTextFormatter] formatBibleBook called with reference="ÕëÁõ©ûÞ¿ÿ", language="zh"
00:20 +663 -5: C:/Users/cesar/Devocional_nuevo/test/unit/chinese_language_integration_test.dart: Chinese Language Integration Tests Chinese supports simplified characters
[BibleTextFormatter] formatBibleBook called with reference="Õêøõ©ûÞ«░", language="zh"
00:20 +664 -5: C:/Users/cesar/Devocional_nuevo/test/unit/chinese_language_integration_test.dart: Chinese Language Integration Tests Chinese handles mixed traditional and simplified
[BibleTextFormatter] formatBibleBook called with reference="þ║ªþ┐░þªÅÚƒ│", language="zh"
[BibleTextFormatter] formatBibleBook called with reference="þ┤äþ┐░þªÅÚƒ│", language="zh"
00:20 +665 -5: C:/Users/cesar/Devocional_nuevo/test/unit/chinese_language_integration_test.dart: Chinese Language Integration Tests All supported languages include Chinese
00:20 +666 -5: C:/Users/cesar/Devocional_nuevo/test/unit/chinese_language_integration_test.dart: Chinese Language Integration Tests Chinese language comes after Japanese in alphabetical order
00:20 +667 -5: C:/Users/cesar/Devocional_nuevo/test/unit/chinese_language_integration_test.dart: Chinese Language Integration Tests Chinese Bible version keys match expected format
00:20 +668 -5: C:/Users/cesar/Devocional_nuevo/test/unit/chinese_language_integration_test.dart: Chinese Language Integration Tests Default Chinese version is in available versions list
00:20 +669 -5: C:/Users/cesar/Devocional_nuevo/test/unit/chinese_language_integration_test.dart: Chinese Language Integration Tests Chinese handles empty strings correctly
[BibleTextFormatter] formatBibleBook called with reference="", language="zh"
00:20 +670 -5: C:/Users/cesar/Devocional_nuevo/test/unit/chinese_language_integration_test.dart: Chinese Language Integration Tests Chinese handles whitespace-only strings
[BibleTextFormatter] formatBibleBook called with reference="   ", language="zh"
00:20 +671 -5: C:/Users/cesar/Devocional_nuevo/test/unit/chinese_language_integration_test.dart: Chinese Language Integration Tests Chinese Bible reference formatting preserves book names
00:21 +672 -5: C:/Users/cesar/Devocional_nuevo/test/unit/chinese_language_integration_test.dart: Chinese Language Integration Tests Chinese supports common Bible book names
[BibleTextFormatter] formatBibleBook called with reference="Õêøõ©ûÞ«░", language="zh"
[BibleTextFormatter] formatBibleBook called with reference="Õç║ÕƒâÕÅèÞ«░", language="zh"
[BibleTextFormatter] formatBibleBook called with reference="Þ»ùþ»ç", language="zh"
[BibleTextFormatter] formatBibleBook called with reference="þ«┤Þ¿Ç", language="zh"
[BibleTextFormatter] formatBibleBook called with reference="Ú®¼Õñ¬þªÅÚƒ│", language="zh"
[BibleTextFormatter] formatBibleBook called with reference="þ║ªþ┐░þªÅÚƒ│", language="zh"
[BibleTextFormatter] formatBibleBook called with reference="õ¢┐Õ¥ÆÞíîõ╝á", language="zh"
[BibleTextFormatter] formatBibleBook called with reference="þ¢ùÚ®¼õ╣ª", language="zh"
[BibleTextFormatter] formatBibleBook called with reference="ÕÉ»þñ║Õ¢ò", language="zh"
00:21 +673 -5: C:/Users/cesar/Devocional_nuevo/test/unit/chinese_language_integration_test.dart: Chinese Language Integration Tests Complete Chinese reference normalization
[BibleTextFormatter] formatBibleBook called with reference="þ║ªþ┐░þªÅÚƒ│ 3:16-17 ÕÆîÕÉêµ£¼1919", language="zh"
00:21 +674 -5: C:/Users/cesar/Devocional_nuevo/test/unit/chinese_language_integration_test.dart: Chinese Language - Edge Cases Handles very long Chinese book names
[BibleTextFormatter] formatBibleBook called with reference="ÕôÑµ×ùÕñÜÕëìõ╣ªÕôÑµ×ùÕñÜÕëìõ╣ªÕôÑµ×ùÕñÜÕëìõ╣ªÕôÑµ×ùÕñÜÕëìõ╣ªÕôÑµ×ùÕñÜÕëìõ╣ªÕôÑµ×ùÕñÜÕëìõ╣ªÕôÑµ×ùÕñÜÕëìõ╣ªÕôÑµ×ùÕñÜÕëìõ╣ªÕôÑµ×ùÕñÜÕëìõ╣ªÕôÑµ×ùÕñÜÕëìõ╣ª", language="zh"
00:21 +675 -5: C:/Users/cesar/Devocional_nuevo/test/unit/chinese_language_integration_test.dart: Chinese Language - Edge Cases Handles Chinese with numbers in text
00:21 +676 -5: C:/Users/cesar/Devocional_nuevo/test/unit/chinese_language_integration_test.dart: Chinese Language - Edge Cases Preserves Chinese punctuation
[BibleTextFormatter] formatBibleBook called with reference="þ║ªþ┐░þªÅÚƒ│ 3:16´╝îÕÉ»þñ║Õ¢ò 1:1", language="zh"
00:21 +677 -5: C:/Users/cesar/Devocional_nuevo/test/unit/chinese_language_integration_test.dart: Chinese Language - Edge Cases Handles mixed Chinese and English
00:21 +678 -5: C:/Users/cesar/Devocional_nuevo/test/unit/chinese_language_integration_test.dart: Chinese Language - Consistency Checks All language-related maps include Chinese
00:21 +679 -5: C:/Users/cesar/Devocional_nuevo/test/unit/chinese_language_integration_test.dart: Chinese Language - Consistency Checks Chinese configuration is complete
00:21 +680 -5: C:/Users/cesar/Devocional_nuevo/test/unit/chinese_language_integration_test.dart: Chinese Language - Consistency Checks Chinese is the 6th supported language
00:21 +681 -5: C:/Users/cesar/Devocional_nuevo/test/unit/extensions/string_extensions_test.dart: String Extensions Tests should translate simple keys
00:21 +682 -5: C:/Users/cesar/Devocional_nuevo/test/unit/extensions/string_extensions_test.dart: String Extensions Tests should translate with parameters
00:21 +683 -5: C:/Users/cesar/Devocional_nuevo/test/unit/extensions/string_extensions_test.dart: String Extensions Tests should return key when translation not found
00:21 +684 -5: C:/Users/cesar/Devocional_nuevo/test/unit/extensions/string_extensions_test.dart: String Extensions Tests should handle nested keys
00:21 +685 -5: C:/Users/cesar/Devocional_nuevo/test/unit/extensions/string_extensions_test.dart: String Extensions Tests should work with empty string
00:21 +686 -5: C:/Users/cesar/Devocional_nuevo/test/unit/extensions/string_extensions_test.dart: String Extensions Tests should work across different languages
00:21 +687 -5: C:/Users/cesar/Devocional_nuevo/test/unit/features/thanksgiving_user_flow_test.dart: Thanksgiving Feature User Behavior Tests User can tap FAB to show prayer/thanksgiving choice
00:21 +688 -5: C:/Users/cesar/Devocional_nuevo/test/unit/features/thanksgiving_user_flow_test.dart: Thanksgiving Feature User Behavior Tests Thanksgiving option shows correct emoji and label
00:21 +689 -5: C:/Users/cesar/Devocional_nuevo/test/unit/features/thanksgiving_user_flow_test.dart: Thanksgiving Feature User Behavior Tests User can add a new thanksgiving
00:21 +690 -5: C:/Users/cesar/Devocional_nuevo/test/unit/features/thanksgiving_user_flow_test.dart: Thanksgiving Feature User Behavior Tests Thanksgiving modal allows text input
00:21 +691 -5: C:/Users/cesar/Devocional_nuevo/test/unit/features/thanksgiving_user_flow_test.dart: Thanksgiving Feature User Behavior Tests User flow: Complete thanksgiving creation
00:21 +692 -5: C:/Users/cesar/Devocional_nuevo/test/unit/features/thanksgiving_user_flow_test.dart: Thanksgiving Feature User Behavior Tests Thanksgiving feature is accessible from devocionales page
00:21 +693 -5: C:/Users/cesar/Devocional_nuevo/test/unit/features/thanksgiving_user_flow_test.dart: Thanksgiving Feature User Behavior Tests Thanksgiving can have long text content
00:21 +694 -5: C:/Users/cesar/Devocional_nuevo/test/unit/features/thanksgiving_user_flow_test.dart: Thanksgiving Feature User Behavior Tests Multiple thanksgivings can be added
00:21 +695 -5: C:/Users/cesar/Devocional_nuevo/test/unit/features/thanksgiving_user_flow_test.dart: Thanksgiving Feature User Behavior Tests Thanksgiving date is captured correctly
00:21 +696 -5: C:/Users/cesar/Devocional_nuevo/test/unit/language_initialization_test.dart: Language Initialization and Feature Flags Tests Feature flags should be properly defined
00:22 +697 -5: C:/Users/cesar/Devocional_nuevo/test/unit/language_initialization_test.dart: Language Initialization and Feature Flags Tests Feature flags should be compile-time constants
00:22 +698 -5: C:/Users/cesar/Devocional_nuevo/test/unit/models/bible_version_test.dart: BibleVersion Model Tests should create BibleVersion with all required fields
00:22 +699 -5: C:/Users/cesar/Devocional_nuevo/test/unit/models/bible_version_test.dart: BibleVersion Model Tests should create BibleVersion with service
00:22 +700 -5: C:/Users/cesar/Devocional_nuevo/test/unit/models/bible_version_test.dart: BibleVersion Model Tests should allow service to be assigned after creation
00:22 +701 -5: C:/Users/cesar/Devocional_nuevo/test/unit/models/bible_version_test.dart: BibleVersion Model Tests should create BibleVersion with isDownloaded flag
00:22 +702 -5: C:/Users/cesar/Devocional_nuevo/test/unit/models/devocional_model_test.dart: DevocionalModel Simple Tests should create devotional model with required fields
00:22 +703 -5: C:/Users/cesar/Devocional_nuevo/test/unit/models/devocional_model_test.dart: DevocionalModel Simple Tests should handle optional fields correctly
00:22 +704 -5: C:/Users/cesar/Devocional_nuevo/test/unit/models/devocional_model_test.dart: DevocionalModel Simple Tests should create JSON representation
00:22 +705 -5: C:/Users/cesar/Devocional_nuevo/test/unit/models/devocional_model_test.dart: DevocionalModel Simple Tests should create from JSON with basic data
00:22 +706 -5: C:/Users/cesar/Devocional_nuevo/test/unit/models/devocional_model_test.dart: DevocionalModel Simple Tests should handle ParaMeditar creation and serialization
00:22 +707 -5: C:/Users/cesar/Devocional_nuevo/test/unit/models/devocional_model_test.dart: DevocionalModel Simple Tests should handle missing JSON fields gracefully
00:23 +708 -5: C:/Users/cesar/Devocional_nuevo/test/unit/models/prayer_model_test.dart: Prayer Model Tests should create prayer with required fields
00:23 +709 -5: C:/Users/cesar/Devocional_nuevo/test/unit/models/prayer_model_test.dart: Prayer Model Tests should serialize and deserialize prayer correctly
00:23 +710 -5: C:/Users/cesar/Devocional_nuevo/test/unit/models/prayer_model_test.dart: Prayer Model Tests should copy prayer with updated fields
00:23 +711 -5: C:/Users/cesar/Devocional_nuevo/test/unit/models/spiritual_stats_model_test.dart: SpiritualStats Model Tests should create and serialize SpiritualStats correctly
00:23 +712 -5: C:/Users/cesar/Devocional_nuevo/test/unit/models/spiritual_stats_model_test.dart: SpiritualStats Model Tests should create SpiritualStats with default values
00:23 +713 -5: C:/Users/cesar/Devocional_nuevo/test/unit/models/spiritual_stats_model_test.dart: SpiritualStats Model Tests should copy SpiritualStats with updated values
00:23 +714 -5: C:/Users/cesar/Devocional_nuevo/test/unit/models/thanksgiving_model_test.dart: Thanksgiving Model Tests should create thanksgiving with required fields
00:23 +715 -5: C:/Users/cesar/Devocional_nuevo/test/unit/models/thanksgiving_model_test.dart: Thanksgiving Model Tests should serialize and deserialize thanksgiving correctly
00:23 +716 -5: C:/Users/cesar/Devocional_nuevo/test/unit/models/thanksgiving_model_test.dart: Thanksgiving Model Tests should copy thanksgiving with updated fields
00:23 +717 -5: C:/Users/cesar/Devocional_nuevo/test/unit/models/thanksgiving_model_test.dart: Thanksgiving Model Tests should calculate daysOld correctly
00:23 +718 -5: C:/Users/cesar/Devocional_nuevo/test/unit/models/thanksgiving_model_test.dart: Thanksgiving Model Tests should calculate daysOld correctly for today
00:23 +719 -5: C:/Users/cesar/Devocional_nuevo/test/unit/models/thanksgiving_model_test.dart: Thanksgiving Model Tests should handle malformed date gracefully in fromJson
Error parsing created date: invalid-date, using DateTime.now(). Error: FormatException: Invalid date format
invalid-date
00:23 +720 -5: C:/Users/cesar/Devocional_nuevo/test/unit/models/thanksgiving_model_test.dart: Thanksgiving Model Tests should handle missing date in fromJson
00:23 +721 -5: C:/Users/cesar/Devocional_nuevo/test/unit/models/thanksgiving_model_test.dart: Thanksgiving Model Tests should handle missing fields with defaults
00:24 +722 -5: C:/Users/cesar/Devocional_nuevo/test/unit/pages/bible_chapter_navigation_test.dart: Bible Chapter Navigation Tests Verse navigation works consecutively (20+ times)
00:24 +723 -5: C:/Users/cesar/Devocional_nuevo/test/unit/pages/bible_chapter_navigation_test.dart: Bible Chapter Navigation Tests Chapter change resets to verse 1
00:24 +724 -5: C:/Users/cesar/Devocional_nuevo/test/unit/pages/bible_chapter_navigation_test.dart: Bible Chapter Navigation Tests Previous chapter navigation within same book
00:24 +725 -5: C:/Users/cesar/Devocional_nuevo/test/unit/pages/bible_chapter_navigation_test.dart: Bible Chapter Navigation Tests Next chapter navigation within same book
00:24 +726 -5: C:/Users/cesar/Devocional_nuevo/test/unit/pages/bible_chapter_navigation_test.dart: Bible Chapter Navigation Tests Previous chapter at book boundary goes to previous book
00:24 +727 -5: C:/Users/cesar/Devocional_nuevo/test/unit/pages/bible_chapter_navigation_test.dart: Bible Chapter Navigation Tests Next chapter at book boundary goes to next book
00:24 +728 -5: C:/Users/cesar/Devocional_nuevo/test/unit/pages/bible_chapter_navigation_test.dart: Bible Chapter Navigation Tests Scroll calculation with verse index
00:24 +729 -5: C:/Users/cesar/Devocional_nuevo/test/unit/pages/bible_chapter_navigation_test.dart: Bible Chapter Navigation Tests Scroll position clamping to valid range
00:24 +730 -5: C:/Users/cesar/Devocional_nuevo/test/unit/pages/bible_chapter_navigation_test.dart: Bible Chapter Navigation Tests Scroll to top when changing chapters
00:24 +731 -5: C:/Users/cesar/Devocional_nuevo/test/unit/pages/bible_chapter_navigation_test.dart: Bible Chapter Navigation Tests Verse keys map creation for Psalm 119
00:24 +732 -5: C:/Users/cesar/Devocional_nuevo/test/unit/pages/bible_chapter_navigation_test.dart: Bible Chapter Navigation Tests Verse reset maintains selected verse within bounds
00:24 +733 -5: C:/Users/cesar/Devocional_nuevo/test/unit/pages/bible_chapter_navigation_test.dart: Bible Chapter Navigation Tests Book navigation boundary check
00:24 +734 -5: C:/Users/cesar/Devocional_nuevo/test/unit/pages/bible_chapter_navigation_test.dart: Bible Chapter Navigation Tests Chapter title format for navigation bar
00:24 +735 -5: C:/Users/cesar/Devocional_nuevo/test/unit/pages/bible_chapter_navigation_test.dart: Bible Chapter Navigation Tests Forward navigation sequence Psalm 119
00:24 +736 -5: C:/Users/cesar/Devocional_nuevo/test/unit/pages/bible_chapter_navigation_test.dart: Bible Chapter Navigation Tests Backward navigation sequence Psalm 119
00:24 +737 -5: C:/Users/cesar/Devocional_nuevo/test/unit/pages/bible_consecutive_verse_navigation_test.dart: Consecutive Verse Navigation Tests Verse keys should be created for all verses in chapter
00:24 +738 -5: C:/Users/cesar/Devocional_nuevo/test/unit/pages/bible_consecutive_verse_navigation_test.dart: Consecutive Verse Navigation Tests Verse keys should persist across multiple selections
00:24 +739 -5: C:/Users/cesar/Devocional_nuevo/test/unit/pages/bible_consecutive_verse_navigation_test.dart: Consecutive Verse Navigation Tests Consecutive forward navigation (Psalm 119 verses 1-15)
00:24 +740 -5: C:/Users/cesar/Devocional_nuevo/test/unit/pages/bible_consecutive_verse_navigation_test.dart: Consecutive Verse Navigation Tests Consecutive backward navigation (Psalm 119 verses 176-160)
00:24 +741 -5: C:/Users/cesar/Devocional_nuevo/test/unit/pages/bible_consecutive_verse_navigation_test.dart: Consecutive Verse Navigation Tests Random verse navigation (10 consecutive selections)
00:24 +742 -5: C:/Users/cesar/Devocional_nuevo/test/unit/pages/bible_consecutive_verse_navigation_test.dart: Consecutive Verse Navigation Tests Verse navigation with state updates
00:24 +743 -5: C:/Users/cesar/Devocional_nuevo/test/unit/pages/bible_consecutive_verse_navigation_test.dart: Consecutive Verse Navigation Tests Mixed chapter and verse navigation
00:24 +744 -5: C:/Users/cesar/Devocional_nuevo/test/unit/pages/bible_consecutive_verse_navigation_test.dart: Consecutive Verse Navigation Tests Verse dropdown value should update correctly
00:24 +745 -5: C:/Users/cesar/Devocional_nuevo/test/unit/pages/bible_consecutive_verse_navigation_test.dart: Consecutive Verse Navigation Tests GlobalKey context should be available after build
00:24 +746 -5: C:/Users/cesar/Devocional_nuevo/test/unit/pages/bible_consecutive_verse_navigation_test.dart: Consecutive Verse Navigation Tests Psalm 119 full navigation test (10+ consecutive)
00:24 +747 -5: C:/Users/cesar/Devocional_nuevo/test/unit/pages/bible_reader_enhancements_test.dart: Bible Reader Font Size Tests should save and load font size preference
00:24 +748 -5: C:/Users/cesar/Devocional_nuevo/test/unit/pages/bible_reader_enhancements_test.dart: Bible Reader Font Size Tests should use default font size when not set
00:24 +749 -5: C:/Users/cesar/Devocional_nuevo/test/unit/pages/bible_reader_enhancements_test.dart: Bible Reader Font Size Tests should increase font size within bounds
00:24 +750 -5: C:/Users/cesar/Devocional_nuevo/test/unit/pages/bible_reader_enhancements_test.dart: Bible Reader Font Size Tests should not increase font size above maximum
00:24 +751 -5: C:/Users/cesar/Devocional_nuevo/test/unit/pages/bible_reader_enhancements_test.dart: Bible Reader Font Size Tests should decrease font size within bounds
00:24 +752 -5: C:/Users/cesar/Devocional_nuevo/test/unit/pages/bible_reader_enhancements_test.dart: Bible Reader Font Size Tests should not decrease font size below minimum
00:24 +753 -5: C:/Users/cesar/Devocional_nuevo/test/unit/pages/bible_reader_enhancements_test.dart: Bible Reader Marked Verses Tests should save and load marked verses
00:24 +754 -5: C:/Users/cesar/Devocional_nuevo/test/unit/pages/bible_reader_enhancements_test.dart: Bible Reader Marked Verses Tests should return empty list when no marked verses
00:24 +755 -5: C:/Users/cesar/Devocional_nuevo/test/unit/pages/bible_reader_enhancements_test.dart: Bible Reader Marked Verses Tests should toggle verse marking
00:24 +756 -5: C:/Users/cesar/Devocional_nuevo/test/unit/pages/bible_reader_enhancements_test.dart: Bible Reader Marked Verses Tests should handle multiple marked verses from different books
00:24 +757 -5: C:/Users/cesar/Devocional_nuevo/test/unit/pages/bible_reader_enhancements_test.dart: Bible Reader Marked Verses Tests should preserve marked verses across sessions
00:24 +758 -5: C:/Users/cesar/Devocional_nuevo/test/unit/pages/bible_reader_enhancements_test.dart: Bible Reader Position Persistence Tests should save reading position
00:24 +759 -5: C:/Users/cesar/Devocional_nuevo/test/unit/pages/bible_reader_enhancements_test.dart: Bible Reader Position Persistence Tests should load reading position
00:24 +760 -5: C:/Users/cesar/Devocional_nuevo/test/unit/pages/bible_reader_enhancements_test.dart: Bible Reader Position Persistence Tests should update position when navigating to different chapter
00:24 +761 -5: C:/Users/cesar/Devocional_nuevo/test/unit/pages/bible_reader_enhancements_test.dart: Bible Reader Position Persistence Tests should update position when navigating to different book
00:24 +762 -5: C:/Users/cesar/Devocional_nuevo/test/unit/pages/bible_reader_enhancements_test.dart: Bible Reader Position Persistence Tests should return null when no position is saved
00:25 +763 -5: C:/Users/cesar/Devocional_nuevo/test/unit/pages/bible_reader_fixes_test.dart: Bible Search Priority Tests search should prioritize exact word matches
00:25 +764 -5: C:/Users/cesar/Devocional_nuevo/test/unit/pages/bible_reader_fixes_test.dart: Bible Search Priority Tests search should handle word at start of text
00:25 +765 -5: C:/Users/cesar/Devocional_nuevo/test/unit/pages/bible_reader_fixes_test.dart: Bible Search Priority Tests search should handle partial matches as lowest priority
00:25 +766 -5: C:/Users/cesar/Devocional_nuevo/test/unit/pages/bible_reader_fixes_test.dart: Bible Verse Selector Tests should validate verse number within chapter range
00:25 +767 -5: C:/Users/cesar/Devocional_nuevo/test/unit/pages/bible_reader_fixes_test.dart: Bible Verse Selector Tests should initialize verse to 1 when changing chapters
00:25 +768 -5: C:/Users/cesar/Devocional_nuevo/test/unit/pages/bible_reader_fixes_test.dart: Book Search Filter Tests should filter books by partial name match
00:25 +769 -5: C:/Users/cesar/Devocional_nuevo/test/unit/pages/bible_reader_fixes_test.dart: Book Search Filter Tests should require minimum 2 characters for filtering
00:25 +770 -5: C:/Users/cesar/Devocional_nuevo/test/unit/pages/bible_reader_fixes_test.dart: Book Search Filter Tests should filter books case-insensitively
00:25 +771 -5: C:/Users/cesar/Devocional_nuevo/test/unit/pages/bible_reader_fixes_test.dart: Font Size Controls Tests font controls should be hideable
00:25 +772 -5: C:/Users/cesar/Devocional_nuevo/test/unit/pages/bible_reader_fixes_test.dart: Font Size Controls Tests font size should stay within bounds
00:25 +773 -5: C:/Users/cesar/Devocional_nuevo/test/unit/pages/bible_reader_fixes_test.dart: Marked Verses Persistence Tests marked verses should persist in set
00:25 +774 -5: C:/Users/cesar/Devocional_nuevo/test/unit/pages/bible_reader_fixes_test.dart: Marked Verses Persistence Tests marked verses should use correct key format
00:25 +775 -5: C:/Users/cesar/Devocional_nuevo/test/unit/pages/bible_reader_fixes_test.dart: Marked Verses Persistence Tests should toggle verse marking correctly
00:25 +776 -5: C:/Users/cesar/Devocional_nuevo/test/unit/pages/bible_reader_fixes_test.dart: BibleDbService Tests should create BibleDbService instance
00:25 +777 -5: C:/Users/cesar/Devocional_nuevo/test/unit/pages/bible_reader_fixes_test.dart: BibleDbService Tests should have searchVerses method
00:25 +778 -5: C:/Users/cesar/Devocional_nuevo/test/unit/pages/bible_reader_fixes_test.dart: BibleDbService Tests should have findBookByName method
00:25 +779 -5: C:/Users/cesar/Devocional_nuevo/test/unit/pages/bible_reader_navigation_test.dart: Bible Verse Navigation Tests should calculate scroll position for verse
00:25 +780 -5: C:/Users/cesar/Devocional_nuevo/test/unit/pages/bible_reader_navigation_test.dart: Bible Verse Navigation Tests should handle verse index 0 (first verse)
00:25 +781 -5: C:/Users/cesar/Devocional_nuevo/test/unit/pages/bible_reader_navigation_test.dart: Bible Verse Navigation Tests should handle last verse in chapter
00:25 +782 -5: C:/Users/cesar/Devocional_nuevo/test/unit/pages/bible_reader_navigation_test.dart: Marked Verses Save Functionality Tests should add selected verses to persistent marked verses
00:25 +783 -5: C:/Users/cesar/Devocional_nuevo/test/unit/pages/bible_reader_navigation_test.dart: Marked Verses Save Functionality Tests should not duplicate verses when saving
00:25 +784 -5: C:/Users/cesar/Devocional_nuevo/test/unit/pages/bible_reader_navigation_test.dart: Marked Verses Save Functionality Tests should clear selected verses after save
00:25 +785 -5: C:/Users/cesar/Devocional_nuevo/test/unit/pages/bible_reader_navigation_test.dart: Translation Keys Tests should have all required bible translation keys
00:25 +786 -5: C:/Users/cesar/Devocional_nuevo/test/unit/pages/bible_reader_navigation_test.dart: Translation Keys Tests should follow translation key naming convention
00:25 +787 -5: C:/Users/cesar/Devocional_nuevo/test/unit/pages/bible_reader_navigation_test.dart: ScrollController Integration Tests should handle scrolling to verse number
00:25 +788 -5: C:/Users/cesar/Devocional_nuevo/test/unit/pages/bible_reader_navigation_test.dart: ScrollController Integration Tests should return -1 for non-existent verse
00:25 +789 -5: C:/Users/cesar/Devocional_nuevo/test/unit/pages/bible_reader_navigation_test.dart: Search Result Navigation Tests should extract verse number from search result
00:25 +790 -5: C:/Users/cesar/Devocional_nuevo/test/unit/pages/bible_reader_navigation_test.dart: Search Result Navigation Tests should handle search result with all required fields
00:25 +791 -5: C:/Users/cesar/Devocional_nuevo/test/unit/pages/bible_reader_page_border_theme_test.dart: BibleReaderPage Border Theme Integration Tests OutlinedButton respects theme border color in light mode
00:26 +792 -5: C:/Users/cesar/Devocional_nuevo/test/unit/pages/bible_reader_page_border_theme_test.dart: BibleReaderPage Border Theme Integration Tests OutlinedButton respects theme border color in dark mode
00:26 +793 -5: C:/Users/cesar/Devocional_nuevo/test/unit/pages/bible_reader_page_border_theme_test.dart: BibleReaderPage Border Theme Integration Tests Theme border color can be extracted for custom containers
00:26 +794 -5: C:/Users/cesar/Devocional_nuevo/test/unit/pages/bible_reader_page_border_theme_test.dart: BibleReaderPage Border Theme Integration Tests Container can use theme border color via Theme.of(context)
00:26 +795 -5: C:/Users/cesar/Devocional_nuevo/test/unit/pages/bible_reader_page_test.dart: BibleReaderPage Widget Tests should create BibleReaderPage with versions
00:26 +796 -5: C:/Users/cesar/Devocional_nuevo/test/unit/pages/bible_reader_page_test.dart: BibleReaderPage Widget Tests should create BibleReaderPage with versions
00:27 +797 -5: C:/Users/cesar/Devocional_nuevo/test/unit/pages/bible_reader_page_test.dart: BibleReaderPage Widget Tests should create BibleReaderPage with versions
00:27 +798 -5: C:/Users/cesar/Devocional_nuevo/test/unit/pages/bible_reader_page_test.dart: BibleReaderPage Widget Tests should create BibleReaderPage with versions
00:27 +799 -5: C:/Users/cesar/Devocional_nuevo/test/unit/pages/bible_reader_page_test.dart: BibleReaderPage Widget Tests should create BibleReaderPage with versions
00:27 +800 -5: C:/Users/cesar/Devocional_nuevo/test/unit/pages/bible_reader_page_test.dart: BibleReaderPage Widget Tests should create BibleReaderPage with versions
00:27 +801 -5: C:/Users/cesar/Devocional_nuevo/test/unit/pages/bible_reader_page_test.dart: BibleReaderPage Widget Tests should create BibleReaderPage with versions
00:27 +802 -5: C:/Users/cesar/Devocional_nuevo/test/unit/pages/bible_reader_page_test.dart: BibleReaderPage Widget Tests should create BibleReaderPage with versions
00:27 +803 -5: C:/Users/cesar/Devocional_nuevo/test/unit/pages/bible_reader_page_test.dart: BibleReaderPage Widget Tests should create BibleReaderPage with versions
00:27 +804 -5: C:/Users/cesar/Devocional_nuevo/test/unit/pages/bible_reader_page_test.dart: BibleReaderPage Widget Tests should create BibleReaderPage with versions
00:27 +805 -5: C:/Users/cesar/Devocional_nuevo/test/unit/pages/bible_reader_page_test.dart: BibleReaderPage Widget Tests should create BibleReaderPage with versions
00:27 +806 -5: C:/Users/cesar/Devocional_nuevo/test/unit/pages/bible_reader_page_test.dart: BibleReaderPage Widget Tests should create BibleReaderPage with versions
00:27 +807 -5: C:/Users/cesar/Devocional_nuevo/test/unit/pages/bible_reader_page_test.dart: BibleReaderPage Widget Tests should create BibleReaderPage with versions
00:27 +808 -5: C:/Users/cesar/Devocional_nuevo/test/unit/pages/bible_reader_page_test.dart: BibleReaderPage Widget Tests should create BibleReaderPage with versions
00:27 +809 -5: C:/Users/cesar/Devocional_nuevo/test/unit/pages/bible_reader_page_test.dart: BibleReaderPage Widget Tests should create BibleReaderPage with versions
00:27 +810 -5: C:/Users/cesar/Devocional_nuevo/test/unit/pages/bible_reader_page_test.dart: BibleReaderPage Widget Tests should create BibleReaderPage with versions
00:27 +811 -5: C:/Users/cesar/Devocional_nuevo/test/unit/pages/bible_reader_page_test.dart: BibleReaderPage Widget Tests should create BibleReaderPage with versions
00:27 +812 -5: C:/Users/cesar/Devocional_nuevo/test/unit/pages/bible_reader_page_test.dart: BibleReaderPage Widget Tests should create BibleReaderPage with versions
00:27 +813 -5: C:/Users/cesar/Devocional_nuevo/test/unit/pages/bible_reader_page_test.dart: BibleReaderPage Widget Tests should create BibleReaderPage with versions
00:27 +814 -5: C:/Users/cesar/Devocional_nuevo/test/unit/pages/bible_reader_page_test.dart: BibleReaderPage Widget Tests should create BibleReaderPage with versions
00:27 +815 -5: C:/Users/cesar/Devocional_nuevo/test/unit/pages/bible_reader_page_test.dart: BibleReaderPage Widget Tests should create BibleReaderPage with versions
00:27 +816 -5: C:/Users/cesar/Devocional_nuevo/test/unit/pages/bible_reader_page_test.dart: BibleReaderPage Widget Tests should create BibleReaderPage with versions
00:27 +817 -5: C:/Users/cesar/Devocional_nuevo/test/unit/pages/bible_reader_page_test.dart: BibleReaderPage Widget Tests should create BibleReaderPage with versions
00:27 +818 -5: C:/Users/cesar/Devocional_nuevo/test/unit/pages/bible_reader_page_test.dart: BibleReaderPage Widget Tests should create BibleReaderPage with versions
00:27 +819 -5: C:/Users/cesar/Devocional_nuevo/test/unit/pages/bible_reader_page_test.dart: BibleReaderPage Widget Tests should create BibleReaderPage with versions
00:27 +820 -5: C:/Users/cesar/Devocional_nuevo/test/unit/pages/bible_reader_page_test.dart: BibleReaderPage Widget Tests should create BibleReaderPage with versions
00:27 +821 -5: C:/Users/cesar/Devocional_nuevo/test/unit/pages/bible_reader_page_test.dart: BibleReaderPage Widget Tests should create BibleReaderPage with versions
00:27 +822 -5: C:/Users/cesar/Devocional_nuevo/test/unit/pages/bible_reader_page_test.dart: BibleReaderPage Widget Tests should create BibleReaderPage with versions
00:27 +823 -5: C:/Users/cesar/Devocional_nuevo/test/unit/pages/bible_reader_page_test.dart: BibleReaderPage Widget Tests should create BibleReaderPage with versions
00:28 +824 -5: C:/Users/cesar/Devocional_nuevo/test/unit/pages/bible_reader_page_test.dart: BibleReaderPage Widget Tests should create BibleReaderPage with versions
00:28 +825 -5: C:/Users/cesar/Devocional_nuevo/test/unit/pages/bible_reader_page_test.dart: BibleReaderPage Widget Tests should create BibleReaderPage with versions
00:28 +826 -5: C:/Users/cesar/Devocional_nuevo/test/unit/pages/bible_reader_page_test.dart: BibleReaderPage Widget Tests should create BibleReaderPage with versions
00:28 +827 -5: C:/Users/cesar/Devocional_nuevo/test/unit/pages/bible_reader_page_test.dart: BibleReaderPage Widget Tests should create BibleReaderPage with versions
00:28 +828 -5: C:/Users/cesar/Devocional_nuevo/test/unit/pages/bible_reader_page_test.dart: BibleReaderPage Widget Tests should create BibleReaderPage with versions
00:28 +829 -5: C:/Users/cesar/Devocional_nuevo/test/unit/pages/bible_reader_page_test.dart: BibleReaderPage Widget Tests should create BibleReaderPage with versions
00:28 +830 -5: C:/Users/cesar/Devocional_nuevo/test/unit/pages/bible_reader_page_test.dart: BibleReaderPage Widget Tests should create BibleReaderPage with versions
00:28 +831 -5: C:/Users/cesar/Devocional_nuevo/test/unit/pages/bible_reader_page_test.dart: BibleReaderPage Widget Tests should create BibleReaderPage with versions
00:28 +832 -5: C:/Users/cesar/Devocional_nuevo/test/unit/pages/bible_reader_page_test.dart: BibleReaderPage Widget Tests should create BibleReaderPage with versions
00:28 +833 -5: C:/Users/cesar/Devocional_nuevo/test/unit/pages/bible_reader_page_test.dart: BibleReaderPage Widget Tests should create BibleReaderPage with versions
00:28 +834 -5: C:/Users/cesar/Devocional_nuevo/test/unit/pages/bible_reader_page_test.dart: BibleReaderPage Widget Tests should create BibleReaderPage with versions
00:28 +835 -5: C:/Users/cesar/Devocional_nuevo/test/unit/pages/bible_reader_page_test.dart: BibleReaderPage Widget Tests should create BibleReaderPage with versions
00:28 +836 -5: C:/Users/cesar/Devocional_nuevo/test/unit/pages/bible_reader_page_test.dart: BibleReaderPage Widget Tests should create BibleReaderPage with versions
00:28 +837 -5: C:/Users/cesar/Devocional_nuevo/test/unit/pages/bible_reader_page_test.dart: BibleReaderPage Widget Tests should create BibleReaderPage with versions
00:28 +838 -5: C:/Users/cesar/Devocional_nuevo/test/unit/pages/bible_reader_page_test.dart: BibleReaderPage Widget Tests should create BibleReaderPage with versions
00:28 +839 -5: C:/Users/cesar/Devocional_nuevo/test/unit/pages/bible_reader_page_test.dart: BibleReaderPage Widget Tests should create BibleReaderPage with versions
00:28 +840 -5: C:/Users/cesar/Devocional_nuevo/test/unit/pages/bible_reader_page_test.dart: BibleReaderPage Widget Tests should create BibleReaderPage with versions
00:28 +841 -5: C:/Users/cesar/Devocional_nuevo/test/unit/pages/bible_reader_page_test.dart: BibleReaderPage Widget Tests should create BibleReaderPage with versions
00:28 +842 -5: C:/Users/cesar/Devocional_nuevo/test/unit/pages/bible_reader_page_test.dart: BibleReaderPage Widget Tests should create BibleReaderPage with versions
00:28 +843 -5: C:/Users/cesar/Devocional_nuevo/test/unit/pages/bible_reader_page_test.dart: BibleReaderPage Widget Tests should create BibleReaderPage with versions
00:28 +844 -5: C:/Users/cesar/Devocional_nuevo/test/unit/pages/bible_reader_page_test.dart: BibleReaderPage Widget Tests should create BibleReaderPage with versions
00:28 +845 -5: C:/Users/cesar/Devocional_nuevo/test/unit/pages/bible_reader_page_test.dart: BibleReaderPage Widget Tests should create BibleReaderPage with versions
00:28 +846 -5: C:/Users/cesar/Devocional_nuevo/test/unit/pages/bible_reader_page_test.dart: BibleReaderPage Widget Tests should create BibleReaderPage with versions
00:28 +847 -5: C:/Users/cesar/Devocional_nuevo/test/unit/pages/bible_reader_page_test.dart: BibleReaderPage Widget Tests should create BibleReaderPage with versions
00:28 +848 -5: C:/Users/cesar/Devocional_nuevo/test/unit/pages/bible_reader_page_test.dart: BibleReaderPage Widget Tests should create BibleReaderPage with versions
00:28 +849 -5: C:/Users/cesar/Devocional_nuevo/test/unit/pages/prayers_page_tabs_test.dart: Prayers Page Tab User Behavior Tests User can view answered prayers
00:28 +850 -5: C:/Users/cesar/Devocional_nuevo/test/unit/pages/bible_reader_page_test.dart: BibleReaderPage Widget Tests should show loading indicator initially
00:28 +851 -5: C:/Users/cesar/Devocional_nuevo/test/unit/pages/bible_reader_page_test.dart: BibleReaderPage Widget Tests should show loading indicator initially
00:28 +852 -5: C:/Users/cesar/Devocional_nuevo/test/unit/pages/bible_reader_page_test.dart: BibleReaderPage Widget Tests should show loading indicator initially
00:28 +853 -5: C:/Users/cesar/Devocional_nuevo/test/unit/pages/bible_reader_page_test.dart: BibleReaderPage Widget Tests should have AppBar with title
00:28 +854 -5: C:/Users/cesar/Devocional_nuevo/test/unit/pages/progress_page_tip_test.dart: Progress Page Tip Banner Logic Tests Tip banner only shows twice maximum
00:28 +855 -5: C:/Users/cesar/Devocional_nuevo/test/unit/pages/progress_page_tip_test.dart: Progress Page Tip Banner Logic Tests Tip banner only shows twice maximum
00:28 +856 -5: C:/Users/cesar/Devocional_nuevo/test/unit/pages/progress_page_tip_test.dart: Progress Page Tip Banner Logic Tests Tip counter increments correctly
00:28 +857 -5: C:/Users/cesar/Devocional_nuevo/test/unit/pages/progress_page_tip_test.dart: Progress Page Tip Banner Logic Tests Tip banner shows when count is less than 2
00:28 +858 -5: C:/Users/cesar/Devocional_nuevo/test/unit/pages/progress_page_tip_test.dart: Progress Page Tip Banner Logic Tests Tip banner does not show when count is 2 or more
00:28 +859 -5: C:/Users/cesar/Devocional_nuevo/test/unit/pages/progress_page_tip_test.dart: Progress Page Tip Banner Logic Tests Tip banner counter initializes to 0 by default
00:28 +860 -5: C:/Users/cesar/Devocional_nuevo/test/unit/pages/progress_page_tip_test.dart: Progress Page Dispose Behavior Tests ScaffoldMessenger hideCurrentSnackBar should be callable
00:28 +861 -5: C:/Users/cesar/Devocional_nuevo/test/unit/pages/progress_page_tip_test.dart: Progress Page Dispose Behavior Tests Progress page should clean up resources on dispose
00:29 +862 -5: C:/Users/cesar/Devocional_nuevo/test/unit/services/bible_db_service_test.dart: BibleDbService Tests should create BibleDbService instance
00:29 +863 -5: C:/Users/cesar/Devocional_nuevo/test/unit/services/bible_db_service_test.dart: BibleDbService Tests should have initDb method
00:29 +864 -5: C:/Users/cesar/Devocional_nuevo/test/unit/services/bible_db_service_test.dart: BibleDbService Tests should have getAllBooks method
00:29 +865 -5: C:/Users/cesar/Devocional_nuevo/test/unit/services/bible_db_service_test.dart: BibleDbService Tests should have getMaxChapter method
00:29 +866 -5: C:/Users/cesar/Devocional_nuevo/test/unit/services/bible_db_service_test.dart: BibleDbService Tests should have getChapterVerses method
00:29 +867 -5: C:/Users/cesar/Devocional_nuevo/test/unit/services/bible_db_service_test.dart: BibleDbService Tests should have getChapter method
00:29 +868 -5: C:/Users/cesar/Devocional_nuevo/test/unit/services/bible_multiword_search_test.dart: Multi-Word Search Tests SQL exclusion list should handle empty results
00:29 +869 -5: C:/Users/cesar/Devocional_nuevo/test/unit/services/bible_multiword_search_test.dart: Multi-Word Search Tests SQL exclusion list should handle non-empty results
00:29 +870 -5: C:/Users/cesar/Devocional_nuevo/test/unit/services/bible_multiword_search_test.dart: Multi-Word Search Tests Combined exclusion list should handle mixed results
00:29 +871 -5: C:/Users/cesar/Devocional_nuevo/test/unit/services/bible_multiword_search_test.dart: Multi-Word Search Tests Combined exclusion list should handle all empty results
00:29 +872 -5: C:/Users/cesar/Devocional_nuevo/test/unit/services/bible_multiword_search_test.dart: Multi-Word Search Tests Multi-word query formatting should preserve spaces
00:29 +873 -5: C:/Users/cesar/Devocional_nuevo/test/unit/services/bible_multiword_search_test.dart: Multi-Word Search Tests LIKE patterns should handle multi-word queries
00:29 +874 -5: C:/Users/cesar/Devocional_nuevo/test/unit/services/bible_multiword_search_test.dart: Multi-Word Search Tests Search should handle queries with multiple spaces
00:29 +875 -5: C:/Users/cesar/Devocional_nuevo/test/unit/services/bible_multiword_search_test.dart: Multi-Word Search Tests Search results should merge correctly
00:29 +876 -5: C:/Users/cesar/Devocional_nuevo/test/unit/services/bible_multiword_search_test.dart: Multi-Word Search Tests Empty search query should return empty results
00:29 +877 -5: C:/Users/cesar/Devocional_nuevo/test/unit/services/bible_multiword_search_test.dart: Multi-Word Search Tests Search query with special characters should be preserved
00:29 +878 -5: C:/Users/cesar/Devocional_nuevo/test/unit/services/bible_multiword_search_test.dart: Multi-Word Search Tests Rowid extraction should work correctly
00:29 +879 -5: C:/Users/cesar/Devocional_nuevo/test/unit/services/bible_multiword_search_test.dart: Multi-Word Search Tests Search should handle long multi-word queries
00:29 +880 -5: C:/Users/cesar/Devocional_nuevo/test/unit/services/bible_multiword_search_test.dart: Multi-Word Search Tests Priority ordering should be maintained
00:29 +881 -5: C:/Users/cesar/Devocional_nuevo/test/unit/services/bible_multiword_search_test.dart: Multi-Word Search Tests SQL NOT IN clause should work with -1 placeholder
00:29 +882 -5: C:/Users/cesar/Devocional_nuevo/test/unit/services/bible_multiword_search_test.dart: Multi-Word Search Tests SQL NOT IN clause should work with real IDs
00:29 +883 -5: C:/Users/cesar/Devocional_nuevo/test/unit/services/bible_reading_position_service_test.dart: BibleReadingPositionService Tests should save reading position
00:29 +884 -5: C:/Users/cesar/Devocional_nuevo/test/unit/services/bible_reading_position_service_test.dart: BibleReadingPositionService Tests should return null when no position is saved
00:29 +885 -5: C:/Users/cesar/Devocional_nuevo/test/unit/services/bible_reading_position_service_test.dart: BibleReadingPositionService Tests should clear saved position
00:29 +886 -5: C:/Users/cesar/Devocional_nuevo/test/unit/services/bible_reading_position_service_test.dart: BibleReadingPositionService Tests should update position when saved multiple times
00:30 +887 -5: C:/Users/cesar/Devocional_nuevo/test/unit/services/localization_service_test.dart: LocalizationService Tests should initialize with default locale
00:30 +888 -5: C:/Users/cesar/Devocional_nuevo/test/unit/services/localization_service_test.dart: LocalizationService Tests should load translations correctly for each language
00:30 +889 -5: C:/Users/cesar/Devocional_nuevo/test/unit/services/localization_service_test.dart: LocalizationService Tests should return correct TTS locale mappings
00:30 +890 -5: C:/Users/cesar/Devocional_nuevo/test/unit/services/localization_service_test.dart: LocalizationService Tests should return correct native language names
00:30 +891 -5: C:/Users/cesar/Devocional_nuevo/test/unit/services/localization_service_test.dart: LocalizationService Tests should return key when translation not found
00:30 +892 -5: C:/Users/cesar/Devocional_nuevo/test/unit/services/localization_service_test.dart: LocalizationService Tests should support all required locales
00:30 +892 -6: C:/Users/cesar/Devocional_nuevo/test/unit/services/localization_service_test.dart: LocalizationService Tests should support all required locales [E]
  Expected: <5>
    Actual: <6>
  
  package:matcher                                          expect
  package:flutter_test/src/widget_tester.dart 473:18       expect
  test\unit\services\localization_service_test.dart 121:7  main.<fn>.<fn>
  
00:30 +892 -6: C:/Users/cesar/Devocional_nuevo/test/unit/services/localization_service_test.dart: LocalizationService Tests should return correct Japanese TTS locale
00:30 +893 -6: C:/Users/cesar/Devocional_nuevo/test/unit/services/localization_service_test.dart: LocalizationService Tests should return Japanese language name
00:30 +894 -6: C:/Users/cesar/Devocional_nuevo/test/unit/services/localization_service_test.dart: LocalizationService Tests should return language code for unknown language
00:30 +895 -6: C:/Users/cesar/Devocional_nuevo/test/unit/services/localization_service_test.dart: LocalizationService Tests defaultLocale is Spanish
00:30 +896 -6: C:/Users/cesar/Devocional_nuevo/test/unit/services/localization_service_test.dart: LocalizationService User Behavior Tests initialize() loads persisted locale from SharedPreferences
00:30 +897 -6: C:/Users/cesar/Devocional_nuevo/test/unit/services/localization_service_test.dart: LocalizationService User Behavior Tests initialize() uses default locale when saved locale is unsupported
00:30 +898 -6: C:/Users/cesar/Devocional_nuevo/test/unit/services/localization_service_test.dart: LocalizationService User Behavior Tests changeLocale() persists new locale in SharedPreferences
00:30 +899 -6: C:/Users/cesar/Devocional_nuevo/test/unit/services/localization_service_test.dart: LocalizationService User Behavior Tests changeLocale() ignores unsupported locales
00:30 +900 -6: C:/Users/cesar/Devocional_nuevo/test/unit/services/localization_service_test.dart: LocalizationService User Behavior Tests translate() interpolates parameters correctly
00:30 +901 -6: C:/Users/cesar/Devocional_nuevo/test/unit/services/localization_service_test.dart: LocalizationService User Behavior Tests translate() handles nested keys correctly
00:30 +902 -6: C:/Users/cesar/Devocional_nuevo/test/unit/services/localization_service_test.dart: LocalizationService User Behavior Tests getLocalizedDateFormat() returns correct format for each language
00:30 +903 -6: C:/Users/cesar/Devocional_nuevo/test/unit/services/localization_service_test.dart: LocalizationService User Behavior Tests getLocalizedDateFormat() returns English format for unknown language
00:30 +904 -6: C:/Users/cesar/Devocional_nuevo/test/unit/services/localization_service_test.dart: LocalizationService User Behavior Tests User journey: app start -> change language -> verify persistence
00:30 +905 -6: C:/Users/cesar/Devocional_nuevo/test/unit/services/localization_service_test.dart: LocalizationService User Behavior Tests Multiple rapid locale changes work correctly
00:30 +906 -6: C:/Users/cesar/Devocional_nuevo/test/unit/services/localization_service_test.dart: LocalizationService User Behavior Tests Translation cache stores and reuses translations on language switches
00:30 +907 -6: C:/Users/cesar/Devocional_nuevo/test/unit/services/localization_service_test.dart: LocalizationService User Behavior Tests Error handling falls back to default locale gracefully
00:30 +908 -6: C:/Users/cesar/Devocional_nuevo/test/unit/services/localization_service_test.dart: LocalizationService User Behavior Tests Service handles unsupported locale gracefully with fallback
00:30 +909 -6: C:/Users/cesar/Devocional_nuevo/test/unit/services/localization_service_test.dart: LocalizationService User Behavior Tests Translation returns key when translation not found
00:30 +910 -6: C:/Users/cesar/Devocional_nuevo/test/unit/services/localization_service_test.dart: Error Logging Validation Error logging mechanism is implemented in _loadTranslations
00:30 +911 -6: C:/Users/cesar/Devocional_nuevo/test/unit/services/localization_service_test.dart: Error Logging Validation Service recovers from initialization errors
00:30 +912 -6: C:/Users/cesar/Devocional_nuevo/test/unit/services/onboarding_service_test.dart: Onboarding Feature Flag Tests Onboarding feature should be disabled by default
00:30 +913 -6: C:/Users/cesar/Devocional_nuevo/test/unit/services/onboarding_service_test.dart: Onboarding Feature Flag Tests Feature flag should prevent onboarding check
00:30 +914 -6: C:/Users/cesar/Devocional_nuevo/test/unit/services/onboarding_service_test.dart: Onboarding Feature Flag Tests Onboarding service should return false when disabled
00:30 +915 -6: C:/Users/cesar/Devocional_nuevo/test/unit/services/onboarding_service_test.dart: Onboarding Feature Flag Tests Feature flag is compile-time constant
00:30 +916 -6: C:/Users/cesar/Devocional_nuevo/test/unit/services/service_locator_test.dart: ServiceLocator Service Registration registerLazySingleton creates service only once
00:31 +917 -6: C:/Users/cesar/Devocional_nuevo/test/unit/services/service_locator_test.dart: ServiceLocator Service Registration registerSingleton returns the exact instance provided
00:31 +918 -6: C:/Users/cesar/Devocional_nuevo/test/unit/services/service_locator_test.dart: ServiceLocator Service Registration registerFactory creates new instance each time
00:31 +919 -6: C:/Users/cesar/Devocional_nuevo/test/unit/services/service_locator_test.dart: ServiceLocator Error Handling Accessing unregistered service throws StateError
00:31 +920 -6: C:/Users/cesar/Devocional_nuevo/test/unit/services/service_locator_test.dart: ServiceLocator Error Handling Error message mentions setupServiceLocator
00:31 +921 -6: C:/Users/cesar/Devocional_nuevo/test/unit/services/service_locator_test.dart: ServiceLocator Error Handling isRegistered returns false for unregistered service
00:31 +922 -6: C:/Users/cesar/Devocional_nuevo/test/unit/services/service_locator_test.dart: ServiceLocator Error Handling isRegistered returns true after registration
00:31 +923 -6: C:/Users/cesar/Devocional_nuevo/test/unit/services/service_locator_test.dart: ServiceLocator Lifecycle Management reset clears all singletons
00:31 +924 -6: C:/Users/cesar/Devocional_nuevo/test/unit/services/service_locator_test.dart: ServiceLocator Lifecycle Management reset clears all factories
00:31 +925 -6: C:/Users/cesar/Devocional_nuevo/test/unit/services/service_locator_test.dart: ServiceLocator Lifecycle Management unregister removes specific service
00:31 +926 -6: C:/Users/cesar/Devocional_nuevo/test/unit/services/service_locator_test.dart: ServiceLocator Mock Replacement for Testing Can replace singleton registration with mock
00:31 +927 -6: C:/Users/cesar/Devocional_nuevo/test/unit/services/service_locator_test.dart: ServiceLocator NotificationService Registration NotificationService can be registered and verified
00:31 +928 -6: C:/Users/cesar/Devocional_nuevo/test/unit/services/service_locator_test.dart: ServiceLocator NotificationService Registration NotificationService enforces private constructor pattern
00:31 +929 -6: C:/Users/cesar/Devocional_nuevo/test/unit/services/tts_language_initialization_test.dart: TTS Language Initialization Tests - Persistence Validation Language preference should persist correctly in SharedPreferences
00:31 +930 -6: C:/Users/cesar/Devocional_nuevo/test/unit/services/tts_language_initialization_test.dart: TTS Language Initialization Tests - Persistence Validation Language preference should support all app languages - Portuguese
00:31 +931 -6: C:/Users/cesar/Devocional_nuevo/test/unit/services/tts_language_initialization_test.dart: TTS Language Initialization Tests - Persistence Validation Language preference should support all app languages - French
00:31 +932 -6: C:/Users/cesar/Devocional_nuevo/test/unit/services/tts_language_initialization_test.dart: TTS Language Initialization Tests - Persistence Validation Language preference should support all app languages - Japanese
00:31 +933 -6: C:/Users/cesar/Devocional_nuevo/test/unit/services/tts_language_initialization_test.dart: TTS Language Initialization Tests - Persistence Validation Language preference should persist correctly across app restart simulation
00:31 +934 -6: C:/Users/cesar/Devocional_nuevo/test/unit/services/tts_language_initialization_test.dart: TTS Language Initialization Tests - Persistence Validation Language preference can be updated during app session
00:31 +935 -6: C:/Users/cesar/Devocional_nuevo/test/unit/services/tts_language_initialization_test.dart: TTS Language Initialization Tests - Persistence Validation Default Spanish language should not override user selection
00:31 +936 -6: C:/Users/cesar/Devocional_nuevo/test/unit/services/tts_service_behavior_test.dart: TTS Service - Real User Behavior Tests User Scenario: Service initializes successfully
­ƒöº TTS: Initializing service...
­ƒöº TTS: Loading config - Language: es-US, Rate: 0.5
[TTS] Voz por defecto asignada para idioma: es (es-US)
­ƒöº TTS: Setting language to es-US
­ƒöº TTS: Setting speech rate (engine) to 1.0 (from stored 0.5)
Ô£à TTS: Native event handlers configured
Ô£à TTS: Service initialized successfully
ÔÅ╣´©Å TTS: Stop requested (current state: TtsState.idle) at 2025-12-23 15:37:56.905916
Ô£à TTS: Stop completed at 2025-12-23 15:37:56.908917
­ƒº╣ TTS: Service disposed at 2025-12-23 15:37:56.909917
00:31 +937 -6: C:/Users/cesar/Devocional_nuevo/test/unit/services/tts_service_behavior_test.dart: TTS Service - Real User Behavior Tests User Scenario: User plays a devotional
­ƒöº TTS: Initializing service...
­ƒöº TTS: Loading config - Language: es-US, Rate: 0.5
[TTS] Voz por defecto asignada para idioma: es (es-US)
­ƒöº TTS: Setting language to es-US
­ƒöº TTS: Setting speech rate (engine) to 1.0 (from stored 0.5)
Ô£à TTS: Native event handlers configured
Ô£à TTS: Service initialized successfully
­ƒÄñ TTS: Starting devotional test-1 at 2025-12-23 15:37:56.923798
[BibleTextFormatter] formatBibleBook called with reference="Esta es una reflexi├│n sobre el amor de Dios.", language="es"
­ƒôØ TTS: Speaking: Esta es una reflexi├│n sobre el amor de Dios.
ÔÅ╣´©Å TTS: Stop requested (current state: TtsState.idle) at 2025-12-23 15:37:57.047951
Ô£à TTS: Stop completed at 2025-12-23 15:37:57.047951
­ƒº╣ TTS: Service disposed at 2025-12-23 15:37:57.047951
00:31 +938 -6: C:/Users/cesar/Devocional_nuevo/test/unit/services/tts_service_behavior_test.dart: TTS Service - Real User Behavior Tests User Scenario: User pauses playback
­ƒöº TTS: Initializing service...
­ƒöº TTS: Loading config - Language: es-US, Rate: 0.5
[TTS] Voz por defecto asignada para idioma: es (es-US)
­ƒöº TTS: Setting language to es-US
­ƒöº TTS: Setting speech rate (engine) to 1.0 (from stored 0.5)
Ô£à TTS: Native event handlers configured
Ô£à TTS: Service initialized successfully
­ƒÄñ TTS: Starting devotional test-2 at 2025-12-23 15:37:57.064840
[BibleTextFormatter] formatBibleBook called with reference="El Se├▒or es mi pastor.", language="es"
­ƒôØ TTS: Speaking: El Se├▒or es mi pastor.
ÔÅ©´©Å TTS: Pause requested (current state: TtsState.idle) at 2025-12-23 15:37:57.170443
00:32 +939 -6: C:/Users/cesar/Devocional_nuevo/test/unit/services/tts_service_behavior_test.dart: TTS Service - Real User Behavior Tests User Scenario: User pauses playback
00:32 +940 -6: C:/Users/cesar/Devocional_nuevo/test/unit/services/tts_service_behavior_test.dart: TTS Service - Real User Behavior Tests User Scenario: User pauses playback
00:32 +941 -6: C:/Users/cesar/Devocional_nuevo/test/unit/services/tts_service_behavior_test.dart: TTS Service - Real User Behavior Tests User Scenario: User pauses playback
00:32 +942 -6: C:/Users/cesar/Devocional_nuevo/test/unit/services/tts_service_behavior_test.dart: TTS Service - Real User Behavior Tests User Scenario: User pauses playback
00:32 +943 -6: C:/Users/cesar/Devocional_nuevo/test/unit/services/tts_service_behavior_test.dart: TTS Service - Real User Behavior Tests User Scenario: User pauses playback
00:32 +944 -6: C:/Users/cesar/Devocional_nuevo/test/unit/services/tts_service_behavior_test.dart: TTS Service - Real User Behavior Tests User Scenario: User pauses playback
00:32 +945 -6: C:/Users/cesar/Devocional_nuevo/test/unit/services/tts_service_behavior_test.dart: TTS Service - Real User Behavior Tests User Scenario: User pauses playback
00:32 +946 -6: C:/Users/cesar/Devocional_nuevo/test/unit/services/tts_service_behavior_test.dart: TTS Service - Real User Behavior Tests User Scenario: User pauses playback
00:32 +946 -6: C:/Users/cesar/Devocional_nuevo/test/unit/services/voice_settings_service_critical_test.dart: VoiceSettingsService - Critical Tests Save and Load Flow hasUserSavedVoice - returns false initially
­ƒöè VoiceSettings: hasUserSavedVoice(es): false
00:32 +947 -6: C:/Users/cesar/Devocional_nuevo/test/unit/services/tts_service_behavior_test.dart: TTS Service - Real User Behavior Tests User Scenario: User pauses playback
00:32 +947 -6: C:/Users/cesar/Devocional_nuevo/test/unit/services/voice_settings_service_critical_test.dart: VoiceSettingsService - Critical Tests Save and Load Flow setUserSavedVoice - sets flag to true
­ƒöº VoiceSettings: setUserSavedVoice(es): true
­ƒöè VoiceSettings: hasUserSavedVoice(es): true
00:32 +948 -6: C:/Users/cesar/Devocional_nuevo/test/unit/services/tts_service_behavior_test.dart: TTS Service - Real User Behavior Tests User Scenario: User pauses playback
00:32 +948 -6: C:/Users/cesar/Devocional_nuevo/test/unit/services/voice_settings_service_critical_test.dart: VoiceSettingsService - Critical Tests Save and Load Flow clearUserSavedVoiceFlag - removes the flag
­ƒöº VoiceSettings: setUserSavedVoice(es): true
­ƒöè VoiceSettings: hasUserSavedVoice(es): true
­ƒöº VoiceSettings: clearUserSavedVoiceFlag(es): removed
­ƒöè VoiceSettings: hasUserSavedVoice(es): false
00:32 +949 -6: C:/Users/cesar/Devocional_nuevo/test/unit/services/tts_service_behavior_test.dart: TTS Service - Real User Behavior Tests User Scenario: User pauses playback
00:32 +950 -6: C:/Users/cesar/Devocional_nuevo/test/unit/services/tts_service_behavior_test.dart: TTS Service - Real User Behavior Tests User Scenario: User pauses playback
00:32 +951 -6: C:/Users/cesar/Devocional_nuevo/test/unit/services/tts_service_behavior_test.dart: TTS Service - Real User Behavior Tests User Scenario: User pauses playback
00:32 +951 -6: C:/Users/cesar/Devocional_nuevo/test/unit/services/voice_settings_service_critical_test.dart: VoiceSettingsService - Critical Tests Voice Isolation per Language User voice flags are isolated per language
­ƒöº VoiceSettings: setUserSavedVoice(es): true
­ƒöè VoiceSettings: hasUserSavedVoice(es): true
­ƒöè VoiceSettings: hasUserSavedVoice(en): false
00:32 +952 -6: C:/Users/cesar/Devocional_nuevo/test/unit/services/tts_service_behavior_test.dart: TTS Service - Real User Behavior Tests User Scenario: User pauses playback
00:32 +952 -6: C:/Users/cesar/Devocional_nuevo/test/unit/services/voice_settings_service_critical_test.dart: VoiceSettingsService - Critical Tests Voice Isolation per Language Clearing one language flag does not affect others
­ƒöº VoiceSettings: setUserSavedVoice(es): true
­ƒöº VoiceSettings: setUserSavedVoice(en): true
­ƒöº VoiceSettings: clearUserSavedVoiceFlag(es): removed
­ƒöè VoiceSettings: hasUserSavedVoice(es): false
­ƒöè VoiceSettings: hasUserSavedVoice(en): true
00:32 +953 -6: C:/Users/cesar/Devocional_nuevo/test/unit/services/tts_service_behavior_test.dart: TTS Service - Real User Behavior Tests User Scenario: User pauses playback
00:32 +954 -6: C:/Users/cesar/Devocional_nuevo/test/unit/services/tts_service_behavior_test.dart: TTS Service - Real User Behavior Tests User Scenario: User pauses playback
00:32 +954 -6: C:/Users/cesar/Devocional_nuevo/test/unit/services/voice_settings_service_critical_test.dart: VoiceSettingsService - Critical Tests Edge Cases clearSavedVoice handles non-existent key gracefully
­ƒùæ´©Å VoiceSettings: Cleared saved voice for language es
00:32 +955 -6: C:/Users/cesar/Devocional_nuevo/test/unit/services/tts_service_behavior_test.dart: TTS Service - Real User Behavior Tests User Scenario: User pauses playback
00:32 +955 -6: C:/Users/cesar/Devocional_nuevo/test/unit/services/voice_settings_service_critical_test.dart: VoiceSettingsService - Critical Tests Edge Cases clearUserSavedVoiceFlag handles non-existent flag gracefully
­ƒöº VoiceSettings: clearUserSavedVoiceFlag(es): removed
00:32 +956 -6: C:/Users/cesar/Devocional_nuevo/test/unit/services/tts_service_behavior_test.dart: TTS Service - Real User Behavior Tests User Scenario: User pauses playback
ÔÅ╣´©Å TTS: Stop requested (current state: TtsState.idle) at 2025-12-23 15:37:57.273720
Ô£à TTS: Stop completed at 2025-12-23 15:37:57.273720
­ƒº╣ TTS: Service disposed at 2025-12-23 15:37:57.273720
00:32 +956 -6: C:/Users/cesar/Devocional_nuevo/test/unit/services/voice_settings_service_critical_test.dart: VoiceSettingsService - Critical Tests Edge Cases Multiple languages can have different voice flags
­ƒöº VoiceSettings: setUserSavedVoice(es): true
­ƒöº VoiceSettings: setUserSavedVoice(en): true
00:32 +957 -6: C:/Users/cesar/Devocional_nuevo/test/unit/services/voice_settings_service_critical_test.dart: VoiceSettingsService - Critical Tests Edge Cases Multiple languages can have different voice flags
­ƒöº VoiceSettings: setUserSavedVoice(pt): true
­ƒöè VoiceSettings: hasUserSavedVoice(es): true
­ƒöè VoiceSettings: hasUserSavedVoice(en): true
­ƒöè VoiceSettings: hasUserSavedVoice(pt): true
­ƒöº VoiceSettings: clearUserSavedVoiceFlag(en): removed
­ƒöè VoiceSettings: hasUserSavedVoice(es): true
­ƒöè VoiceSettings: hasUserSavedVoice(en): false
­ƒöè VoiceSettings: hasUserSavedVoice(pt): true
00:32 +958 -6: C:/Users/cesar/Devocional_nuevo/test/unit/services/tts_service_behavior_test.dart: TTS Service - Real User Behavior Tests User Scenario: User resumes after pause
­ƒöº TTS: Initializing service...
­ƒöº TTS: Loading config - Language: es-US, Rate: 0.5
[TTS] Voz por defecto asignada para idioma: es (es-US)
­ƒöº TTS: Setting language to es-US
­ƒöº TTS: Setting speech rate (engine) to 1.0 (from stored 0.5)
Ô£à TTS: Native event handlers configured
Ô£à TTS: Service initialized successfully
­ƒÄñ TTS: Starting devotional test-3 at 2025-12-23 15:37:57.288641
[BibleTextFormatter] formatBibleBook called with reference="Todo lo puedo en Cristo.", language="es"
­ƒôØ TTS: Speaking: Todo lo puedo en Cristo.
ÔÅ©´©Å TTS: Pause requested (current state: TtsState.idle) at 2025-12-23 15:37:57.400421
ÔûÂ´©Å TTS: Resume requested (current state: TtsState.idle) at 2025-12-23 15:37:57.504454
ÔÜá´©Å TTS: Cannot resume - not paused (current: TtsState.idle) at 2025-12-23 15:37:57.504454
00:32 +958 -6: C:/Users/cesar/Devocional_nuevo/test/unit/services/voice_settings_service_stop_sample_test.dart: VoiceSettingsService - Voice Sample Playback playVoiceSample should stop previous sample before playing new one
­ƒöè­ƒö¼ VoiceSettings: Played sample for en-us-x-tpf-local (en-US) using dedicated TTS instance
00:32 +959 -6: C:/Users/cesar/Devocional_nuevo/test/unit/services/tts_service_behavior_test.dart: TTS Service - Real User Behavior Tests User Scenario: User resumes after pause
00:32 +959 -6: C:/Users/cesar/Devocional_nuevo/test/unit/services/voice_settings_service_stop_sample_test.dart: VoiceSettingsService - Voice Sample Playback playVoiceSample should handle multiple calls correctly
­ƒöè­ƒö¼ VoiceSettings: Played sample for en-us-x-tpf-local (en-US) using dedicated TTS instance
­ƒöè­ƒö¼ VoiceSettings: Played sample for en-us-x-tpd-network (en-US) using dedicated TTS instance
00:32 +960 -6: C:/Users/cesar/Devocional_nuevo/test/unit/services/tts_service_behavior_test.dart: TTS Service - Real User Behavior Tests User Scenario: User resumes after pause
00:32 +960 -6: C:/Users/cesar/Devocional_nuevo/test/unit/services/voice_settings_service_stop_sample_test.dart: VoiceSettingsService - Voice Sample Playback stopVoiceSample should stop playing voice
­ƒøæ VoiceSettings: Stopped voice sample
00:32 +961 -6: C:/Users/cesar/Devocional_nuevo/test/unit/services/tts_service_behavior_test.dart: TTS Service - Real User Behavior Tests User Scenario: User resumes after pause
00:32 +961 -6: C:/Users/cesar/Devocional_nuevo/test/unit/services/voice_settings_service_stop_sample_test.dart: VoiceSettingsService - Voice Sample Playback playVoiceSample should handle errors gracefully
ÔØî VoiceSettings: Failed to play sample: Exception: Stop failed
00:32 +962 -6: C:/Users/cesar/Devocional_nuevo/test/unit/services/tts_service_behavior_test.dart: TTS Service - Real User Behavior Tests User Scenario: User resumes after pause
ÔÅ╣´©Å TTS: Stop requested (current state: TtsState.idle) at 2025-12-23 15:37:57.618480
Ô£à TTS: Stop completed at 2025-12-23 15:37:57.619480
­ƒº╣ TTS: Service disposed at 2025-12-23 15:37:57.619480
00:32 +963 -6: C:/Users/cesar/Devocional_nuevo/test/unit/services/tts_service_behavior_test.dart: TTS Service - Real User Behavior Tests User Scenario: User stops playback completely
­ƒöº TTS: Initializing service...
­ƒöº TTS: Loading config - Language: es-US, Rate: 0.5
[TTS] Voz por defecto asignada para idioma: es (es-US)
­ƒöº TTS: Setting language to es-US
­ƒöº TTS: Setting speech rate (engine) to 1.0 (from stored 0.5)
Ô£à TTS: Native event handlers configured
Ô£à TTS: Service initialized successfully
­ƒÄñ TTS: Starting devotional test-4 at 2025-12-23 15:37:57.630799
[BibleTextFormatter] formatBibleBook called with reference="Conf├¡a en el Se├▒or.", language="es"
­ƒôØ TTS: Speaking: Conf├¡a en el Se├▒or.
ÔÅ╣´©Å TTS: Stop requested (current state: TtsState.idle) at 2025-12-23 15:37:57.738256
Ô£à TTS: Stop completed at 2025-12-23 15:37:57.739257
ÔÅ╣´©Å TTS: Stop requested (current state: TtsState.stopping) at 2025-12-23 15:37:57.841283
Ô£à TTS: Stop completed at 2025-12-23 15:37:57.841283
­ƒº╣ TTS: Service disposed at 2025-12-23 15:37:57.841283
00:32 +964 -6: C:/Users/cesar/Devocional_nuevo/test/unit/services/tts_service_behavior_test.dart: TTS Service - Real User Behavior Tests User Scenario: Multiple rapid commands handled gracefully
­ƒöº TTS: Initializing service...
­ƒöº TTS: Loading config - Language: es-US, Rate: 0.5
[TTS] Voz por defecto asignada para idioma: es (es-US)
­ƒöº TTS: Setting language to es-US
­ƒöº TTS: Setting speech rate (engine) to 1.0 (from stored 0.5)
Ô£à TTS: Native event handlers configured
Ô£à TTS: Service initialized successfully
­ƒÄñ TTS: Starting devotional test-5 at 2025-12-23 15:37:57.848273
[BibleTextFormatter] formatBibleBook called with reference="Yo estoy con vosotros todos los d├¡as.", language="es"
­ƒôØ TTS: Speaking: Yo estoy con vosotros todos los d├¡as.
ÔÅ©´©Å TTS: Pause requested (current state: TtsState.idle) at 2025-12-23 15:37:57.848273
ÔûÂ´©Å TTS: Resume requested (current state: TtsState.idle) at 2025-12-23 15:37:57.848273
ÔÜá´©Å TTS: Cannot resume - not paused (current: TtsState.idle) at 2025-12-23 15:37:57.848273
ÔÅ©´©Å TTS: Pause requested (current state: TtsState.idle) at 2025-12-23 15:37:57.848273
ÔÅ╣´©Å TTS: Stop requested (current state: TtsState.idle) at 2025-12-23 15:37:57.848273
Ô£à TTS: Stop completed at 2025-12-23 15:37:57.848273
ÔÅ╣´©Å TTS: Stop requested (current state: TtsState.stopping) at 2025-12-23 15:37:57.954819
Ô£à TTS: Stop completed at 2025-12-23 15:37:57.954819
­ƒº╣ TTS: Service disposed at 2025-12-23 15:37:57.954819
00:32 +965 -6: C:/Users/cesar/Devocional_nuevo/test/unit/services/voice_settings_service_test.dart: VoiceSettingsService Dependency Injection ServiceLocator should return singleton instance
00:32 +965 -6: C:/Users/cesar/Devocional_nuevo/test/unit/services/tts_service_behavior_test.dart: TTS Service - Real User Behavior Tests User Scenario: Language context changes
­ƒöº TTS: Initializing service...
­ƒöº TTS: Loading config - Language: es-US, Rate: 0.5
[TTS] Voz por defecto asignada para idioma: es (es-US)
­ƒöº TTS: Setting language to es-US
­ƒöº TTS: Setting speech rate (engine) to 1.0 (from stored 0.5)
Ô£à TTS: Native event handlers configured
Ô£à TTS: Service initialized successfully
­ƒîÉ TTS: Language context set to es (RVR1960)
­ƒöº TTS: Changing voice language to es-ES for context es
­ƒîÉ TTS: Language context set to en (NIV)
­ƒöº TTS: Changing voice language to en-US for context en
­ƒîÉ TTS: Language context set to pt (NVI)
­ƒöº TTS: Changing voice language to pt-BR for context pt
ÔÅ╣´©Å TTS: Stop requested (current state: TtsState.idle) at 2025-12-23 15:37:57.967259
Ô£à TTS: Stop completed at 2025-12-23 15:37:57.967259
Ô£à TTS: Voice language successfully updated to es-ES
Ô£à TTS: Voice language successfully updated to en-US
Ô£à TTS: Voice language successfully updated to pt-BR
­ƒº╣ TTS: Service disposed at 2025-12-23 15:37:57.969269
00:32 +966 -6: C:/Users/cesar/Devocional_nuevo/test/unit/services/voice_settings_service_test.dart: VoiceSettingsService Dependency Injection ServiceLocator should return singleton instance
00:32 +967 -6: C:/Users/cesar/Devocional_nuevo/test/unit/services/tts_service_behavior_test.dart: TTS Service - Real User Behavior Tests User Scenario: TTS plays full devotional content
­ƒöº TTS: Initializing service...
­ƒöº TTS: Loading config - Language: es-US, Rate: 0.5
[TTS] Voz por defecto asignada para idioma: es (es-US)
­ƒöº TTS: Setting language to es-US
00:32 +968 -6: C:/Users/cesar/Devocional_nuevo/test/unit/services/tts_service_behavior_test.dart: TTS Service - Real User Behavior Tests User Scenario: TTS plays full devotional content
­ƒöº TTS: Setting speech rate (engine) to 1.0 (from stored 0.5)
Ô£à TTS: Native event handlers configured
Ô£à TTS: Service initialized successfully
­ƒÄñ TTS: Starting devotional test-6 at 2025-12-23 15:37:57.976651
[BibleTextFormatter] formatBibleBook called with reference="Esta es una reflexi├│n larga sobre el amor de Dios. El prop├│sito es probar que el...", language="es"
­ƒôØ TTS: Speaking: Esta es una reflexi├│n larga sobre el amor de Dios....
00:32 +969 -6: C:/Users/cesar/Devocional_nuevo/test/unit/services/tts_service_behavior_test.dart: TTS Service - Real User Behavior Tests User Scenario: TTS plays full devotional content
00:32 +970 -6: C:/Users/cesar/Devocional_nuevo/test/unit/services/tts_service_behavior_test.dart: TTS Service - Real User Behavior Tests User Scenario: TTS plays full devotional content
00:32 +971 -6: C:/Users/cesar/Devocional_nuevo/test/unit/services/tts_service_behavior_test.dart: TTS Service - Real User Behavior Tests User Scenario: TTS plays full devotional content
00:32 +972 -6: C:/Users/cesar/Devocional_nuevo/test/unit/services/tts_service_behavior_test.dart: TTS Service - Real User Behavior Tests User Scenario: TTS plays full devotional content
00:32 +973 -6: C:/Users/cesar/Devocional_nuevo/test/unit/services/tts_service_behavior_test.dart: TTS Service - Real User Behavior Tests User Scenario: TTS plays full devotional content
00:32 +974 -6: C:/Users/cesar/Devocional_nuevo/test/unit/services/tts_service_behavior_test.dart: TTS Service - Real User Behavior Tests User Scenario: TTS plays full devotional content
00:32 +975 -6: C:/Users/cesar/Devocional_nuevo/test/unit/services/tts_service_behavior_test.dart: TTS Service - Real User Behavior Tests User Scenario: TTS plays full devotional content
00:32 +976 -6: C:/Users/cesar/Devocional_nuevo/test/unit/services/tts_service_behavior_test.dart: TTS Service - Real User Behavior Tests User Scenario: TTS plays full devotional content
00:32 +977 -6: C:/Users/cesar/Devocional_nuevo/test/unit/services/tts_service_behavior_test.dart: TTS Service - Real User Behavior Tests User Scenario: TTS plays full devotional content
00:32 +978 -6: C:/Users/cesar/Devocional_nuevo/test/unit/services/tts_service_behavior_test.dart: TTS Service - Real User Behavior Tests User Scenario: TTS plays full devotional content
00:32 +979 -6: C:/Users/cesar/Devocional_nuevo/test/unit/services/tts_service_behavior_test.dart: TTS Service - Real User Behavior Tests User Scenario: TTS plays full devotional content
00:32 +980 -6: C:/Users/cesar/Devocional_nuevo/test/unit/services/tts_service_behavior_test.dart: TTS Service - Real User Behavior Tests User Scenario: TTS plays full devotional content
00:32 +981 -6: C:/Users/cesar/Devocional_nuevo/test/unit/services/tts_service_behavior_test.dart: TTS Service - Real User Behavior Tests User Scenario: TTS plays full devotional content
00:32 +982 -6: C:/Users/cesar/Devocional_nuevo/test/unit/services/tts_service_behavior_test.dart: TTS Service - Real User Behavior Tests User Scenario: TTS plays full devotional content
00:32 +982 -6: C:/Users/cesar/Devocional_nuevo/test/unit/services/voice_settings_service_test.dart: VoiceSettingsService User Saved Voice Flag hasUserSavedVoice should return false initially
­ƒöè VoiceSettings: hasUserSavedVoice(es): false
00:32 +983 -6: C:/Users/cesar/Devocional_nuevo/test/unit/services/tts_service_behavior_test.dart: TTS Service - Real User Behavior Tests User Scenario: TTS plays full devotional content
00:33 +983 -6: C:/Users/cesar/Devocional_nuevo/test/unit/services/voice_settings_service_test.dart: VoiceSettingsService User Saved Voice Flag setUserSavedVoice should set the flag to true
­ƒöº VoiceSettings: setUserSavedVoice(es): true
­ƒöè VoiceSettings: hasUserSavedVoice(es): true
00:33 +984 -6: C:/Users/cesar/Devocional_nuevo/test/unit/services/tts_service_behavior_test.dart: TTS Service - Real User Behavior Tests User Scenario: TTS plays full devotional content
00:33 +984 -6: C:/Users/cesar/Devocional_nuevo/test/unit/services/voice_settings_service_test.dart: VoiceSettingsService User Saved Voice Flag clearUserSavedVoiceFlag should remove the flag
­ƒöº VoiceSettings: setUserSavedVoice(es): true
­ƒöº VoiceSettings: clearUserSavedVoiceFlag(es): removed
­ƒöè VoiceSettings: hasUserSavedVoice(es): false
00:33 +985 -6: C:/Users/cesar/Devocional_nuevo/test/unit/services/tts_service_behavior_test.dart: TTS Service - Real User Behavior Tests User Scenario: TTS plays full devotional content
00:33 +986 -6: C:/Users/cesar/Devocional_nuevo/test/unit/services/tts_service_behavior_test.dart: TTS Service - Real User Behavior Tests User Scenario: TTS plays full devotional content
ÔÅ╣´©Å TTS: Stop requested (current state: TtsState.idle) at 2025-12-23 15:37:58.085492
Ô£à TTS: Stop completed at 2025-12-23 15:37:58.087116
­ƒº╣ TTS: Service disposed at 2025-12-23 15:37:58.087116
00:33 +987 -6: C:/Users/cesar/Devocional_nuevo/test/unit/services/tts_service_behavior_test.dart: TTS Service - Real User Behavior Tests User Scenario: Service properly disposes
­ƒöº TTS: Initializing service...
­ƒöº TTS: Loading config - Language: es-US, Rate: 0.5
[TTS] Voz por defecto asignada para idioma: es (es-US)
­ƒöº TTS: Setting language to es-US
­ƒöº TTS: Setting speech rate (engine) to 1.0 (from stored 0.5)
Ô£à TTS: Native event handlers configured
Ô£à TTS: Service initialized successfully
ÔÅ╣´©Å TTS: Stop requested (current state: TtsState.idle) at 2025-12-23 15:37:58.095622
Ô£à TTS: Stop completed at 2025-12-23 15:37:58.095622
­ƒº╣ TTS: Service disposed at 2025-12-23 15:37:58.095622
­ƒöè TTS: Speaking single text chunk at 2025-12-23 15:37:58.096627
00:33 +988 -6: C:/Users/cesar/Devocional_nuevo/test/unit/services/tts_service_behavior_test.dart: TTS Service - Real User Behavior Tests User Scenario: Speech rate can be adjusted
­ƒöº TTS: Initializing service...
­ƒöº TTS: Loading config - Language: es-US, Rate: 0.5
[TTS] Voz por defecto asignada para idioma: es (es-US)
­ƒöº TTS: Setting language to es-US
­ƒöº TTS: Setting speech rate (engine) to 1.0 (from stored 0.5)
Ô£à TTS: Native event handlers configured
Ô£à TTS: Service initialized successfully
­ƒöº TTS Service: Applying speech rate mini=1.0 (settings-scale=0.8)
­ƒöº TTS Service: Applying speech rate mini=2.0 (settings-scale=1.0)
­ƒöº TTS Service: Applying speech rate mini=0.5 (settings-scale=0.25)
ÔÅ╣´©Å TTS: Stop requested (current state: TtsState.idle) at 2025-12-23 15:37:58.116706
Ô£à TTS: Stop completed at 2025-12-23 15:37:58.116706
­ƒº╣ TTS: Service disposed at 2025-12-23 15:37:58.116706
00:33 +989 -6: C:/Users/cesar/Devocional_nuevo/test/unit/services/tts_service_behavior_test.dart: TTS Service - Real User Behavior Tests User Scenario: Service handles empty devotional gracefully
­ƒöº TTS: Initializing service...
­ƒöº TTS: Loading config - Language: es-US, Rate: 0.5
[TTS] Voz por defecto asignada para idioma: es (es-US)
­ƒöº TTS: Setting language to es-US
­ƒöº TTS: Setting speech rate (engine) to 1.0 (from stored 0.5)
Ô£à TTS: Native event handlers configured
Ô£à TTS: Service initialized successfully
­ƒÄñ TTS: Starting devotional test-empty at 2025-12-23 15:37:58.148339
[BibleTextFormatter] formatBibleBook called with reference="", language="es"
ÔØî TTS: speakDevotional failed: TtsException: No valid text content to speak at 2025-12-23 15:37:58.148339
ÔÅ╣´©Å TTS: Stop requested (current state: TtsState.idle) at 2025-12-23 15:37:58.148339
Ô£à TTS: Stop completed at 2025-12-23 15:37:58.150352
­ƒº╣ TTS: Service disposed at 2025-12-23 15:37:58.150352
00:33 +990 -6: C:/Users/cesar/Devocional_nuevo/test/unit/services/tts_service_behavior_test.dart: TTS Service - Real User Behavior Tests Integration: State stream broadcasts changes
­ƒöº TTS: Initializing service...
­ƒöº TTS: Loading config - Language: es-US, Rate: 0.5
[TTS] Voz por defecto asignada para idioma: es (es-US)
­ƒöº TTS: Setting language to es-US
­ƒöº TTS: Setting speech rate (engine) to 1.0 (from stored 0.5)
Ô£à TTS: Native event handlers configured
Ô£à TTS: Service initialized successfully
­ƒÄñ TTS: Starting devotional test-stream at 2025-12-23 15:37:58.172170
[BibleTextFormatter] formatBibleBook called with reference="Test reflection", language="es"
­ƒôØ TTS: Speaking: Test reflection
ÔÅ╣´©Å TTS: Stop requested (current state: TtsState.idle) at 2025-12-23 15:37:58.337212
Ô£à TTS: Stop completed at 2025-12-23 15:37:58.337212
00:33 +991 -6: C:/Users/cesar/Devocional_nuevo/test/unit/services/tts_service_behavior_test.dart: TTS Service - Real User Behavior Tests Integration: State stream broadcasts changes
00:33 +992 -6: C:/Users/cesar/Devocional_nuevo/test/unit/services/tts_service_behavior_test.dart: TTS Service - Real User Behavior Tests Integration: State stream broadcasts changes
ÔÅ╣´©Å TTS: Stop requested (current state: TtsState.stopping) at 2025-12-23 15:37:58.400468
00:33 +993 -6: C:/Users/cesar/Devocional_nuevo/test/unit/services/tts_service_behavior_test.dart: TTS Service - Real User Behavior Tests Integration: State stream broadcasts changes
Ô£à TTS: Stop completed at 2025-12-23 15:37:58.400468
­ƒº╣ TTS: Service disposed at 2025-12-23 15:37:58.400468
00:33 +994 -6: C:/Users/cesar/Devocional_nuevo/test/unit/translations/drawer_and_url_test.dart: Drawer Translation Tests Portuguese drawer label should say "Ora├º├Áes e agradecimentos"
00:33 +994 -6: C:/Users/cesar/Devocional_nuevo/test/unit/services/tts_service_behavior_test.dart: TTS Service - Real User Behavior Tests Integration: Progress stream tracks playback progress
­ƒöº TTS: Initializing service...
­ƒöº TTS: Loading config - Language: es-US, Rate: 0.5
[TTS] Voz por defecto asignada para idioma: es (es-US)
00:33 +995 -6: C:/Users/cesar/Devocional_nuevo/test/unit/services/tts_service_behavior_test.dart: TTS Service - Real User Behavior Tests Integration: Progress stream tracks playback progress
­ƒöº TTS: Setting language to es-US
­ƒöº TTS: Setting speech rate (engine) to 1.0 (from stored 0.5)
Ô£à TTS: Native event handlers configured
Ô£à TTS: Service initialized successfully
­ƒÄñ TTS: Starting devotional test-progress at 2025-12-23 15:37:58.411092
[BibleTextFormatter] formatBibleBook called with reference="Progress test reflection", language="es"
­ƒôØ TTS: Speaking: Progress test reflection
00:33 +996 -6: C:/Users/cesar/Devocional_nuevo/test/unit/services/tts_service_behavior_test.dart: TTS Service - Real User Behavior Tests Integration: Progress stream tracks playback progress
00:33 +997 -6: C:/Users/cesar/Devocional_nuevo/test/unit/services/tts_service_behavior_test.dart: TTS Service - Real User Behavior Tests Integration: Progress stream tracks playback progress
00:33 +998 -6: C:/Users/cesar/Devocional_nuevo/test/unit/services/tts_service_behavior_test.dart: TTS Service - Real User Behavior Tests Integration: Progress stream tracks playback progress
00:33 +999 -6: C:/Users/cesar/Devocional_nuevo/test/unit/services/tts_service_behavior_test.dart: TTS Service - Real User Behavior Tests Integration: Progress stream tracks playback progress
00:33 +1000 -6: C:/Users/cesar/Devocional_nuevo/test/unit/services/tts_service_behavior_test.dart: TTS Service - Real User Behavior Tests Integration: Progress stream tracks playback progress
00:33 +1001 -6: C:/Users/cesar/Devocional_nuevo/test/unit/services/tts_service_behavior_test.dart: TTS Service - Real User Behavior Tests Integration: Progress stream tracks playback progress
00:33 +1002 -6: C:/Users/cesar/Devocional_nuevo/test/unit/services/tts_service_behavior_test.dart: TTS Service - Real User Behavior Tests Integration: Progress stream tracks playback progress
00:33 +1003 -6: C:/Users/cesar/Devocional_nuevo/test/unit/services/tts_service_behavior_test.dart: TTS Service - Real User Behavior Tests Integration: Progress stream tracks playback progress
00:33 +1004 -6: C:/Users/cesar/Devocional_nuevo/test/unit/services/tts_service_behavior_test.dart: TTS Service - Real User Behavior Tests Integration: Progress stream tracks playback progress
00:33 +1005 -6: C:/Users/cesar/Devocional_nuevo/test/unit/services/tts_service_behavior_test.dart: TTS Service - Real User Behavior Tests Integration: Progress stream tracks playback progress
00:33 +1006 -6: C:/Users/cesar/Devocional_nuevo/test/unit/services/tts_service_behavior_test.dart: TTS Service - Real User Behavior Tests Integration: Progress stream tracks playback progress
00:33 +1007 -6: C:/Users/cesar/Devocional_nuevo/test/unit/services/tts_service_behavior_test.dart: TTS Service - Real User Behavior Tests Integration: Progress stream tracks playback progress
00:33 +1008 -6: C:/Users/cesar/Devocional_nuevo/test/unit/services/tts_service_behavior_test.dart: TTS Service - Real User Behavior Tests Integration: Progress stream tracks playback progress
00:33 +1009 -6: C:/Users/cesar/Devocional_nuevo/test/unit/services/tts_service_behavior_test.dart: TTS Service - Real User Behavior Tests Integration: Progress stream tracks playback progress
00:33 +1010 -6: C:/Users/cesar/Devocional_nuevo/test/unit/services/tts_service_behavior_test.dart: TTS Service - Real User Behavior Tests Integration: Progress stream tracks playback progress
00:33 +1011 -6: C:/Users/cesar/Devocional_nuevo/test/unit/services/tts_service_behavior_test.dart: TTS Service - Real User Behavior Tests Integration: Progress stream tracks playback progress
00:33 +1012 -6: C:/Users/cesar/Devocional_nuevo/test/unit/services/tts_service_behavior_test.dart: TTS Service - Real User Behavior Tests Integration: Progress stream tracks playback progress
00:33 +1013 -6: C:/Users/cesar/Devocional_nuevo/test/unit/services/tts_service_behavior_test.dart: TTS Service - Real User Behavior Tests Integration: Progress stream tracks playback progress
ÔÅ╣´©Å TTS: Stop requested (current state: TtsState.idle) at 2025-12-23 15:37:58.622163
Ô£à TTS: Stop completed at 2025-12-23 15:37:58.622163
ÔÅ╣´©Å TTS: Stop requested (current state: TtsState.stopping) at 2025-12-23 15:37:58.685152
Ô£à TTS: Stop completed at 2025-12-23 15:37:58.685152
­ƒº╣ TTS: Service disposed at 2025-12-23 15:37:58.685152
00:33 +1014 -6: C:/Users/cesar/Devocional_nuevo/test/unit/services/tts_service_behavior_test.dart: TTS Service - Dependency Injection Validation Service can be registered and retrieved from service locator
ÔÅ╣´©Å TTS: Stop requested (current state: TtsState.idle) at 2025-12-23 15:37:58.685152
ÔÜá´©Å TTS: Stop error (continuing with reset): MissingPluginException(No implementation found for method stop on channel flutter_tts)
Ô£à TTS: Stop completed at 2025-12-23 15:37:58.685152
­ƒº╣ TTS: Service disposed at 2025-12-23 15:37:58.685152
00:33 +1015 -6: C:/Users/cesar/Devocional_nuevo/test/unit/services/tts_service_behavior_test.dart: TTS Service - Dependency Injection Validation Multiple retrievals return same instance (lazy singleton)
ÔÅ╣´©Å TTS: Stop requested (current state: TtsState.idle) at 2025-12-23 15:37:58.694113
ÔÜá´©Å TTS: Stop error (continuing with reset): MissingPluginException(No implementation found for method stop on channel flutter_tts)
Ô£à TTS: Stop completed at 2025-12-23 15:37:58.694113
­ƒº╣ TTS: Service disposed at 2025-12-23 15:37:58.694113
00:33 +1016 -6: C:/Users/cesar/Devocional_nuevo/test/unit/services/tts_service_behavior_test.dart: TTS Service - Dependency Injection Validation Service can be injected into AudioController
ÔÅ╣´©Å TTS: Stop requested (current state: TtsState.idle) at 2025-12-23 15:37:58.700904
Ô£à TTS: Stop completed at 2025-12-23 15:37:58.700904
­ƒº╣ TTS: Service disposed at 2025-12-23 15:37:58.700904
00:33 +1017 -6: C:/Users/cesar/Devocional_nuevo/test/unit/utils/bible_text_normalizer_test.dart: BibleTextNormalizer Tests should return empty string for null input
00:33 +1018 -6: C:/Users/cesar/Devocional_nuevo/test/unit/utils/bible_text_normalizer_test.dart: BibleTextNormalizer Tests should return empty string for empty input
00:33 +1019 -6: C:/Users/cesar/Devocional_nuevo/test/unit/utils/bible_text_normalizer_test.dart: BibleTextNormalizer Tests should remove simple bracketed references [1]
00:33 +1020 -6: C:/Users/cesar/Devocional_nuevo/test/unit/utils/bible_text_normalizer_test.dart: BibleTextNormalizer Tests should remove letter bracketed references [a]
00:33 +1021 -6: C:/Users/cesar/Devocional_nuevo/test/unit/utils/bible_text_normalizer_test.dart: BibleTextNormalizer Tests should remove bracketed references with special characters [36ÔÇá]
00:33 +1022 -6: C:/Users/cesar/Devocional_nuevo/test/unit/utils/bible_text_normalizer_test.dart: BibleTextNormalizer Tests should remove bracketed references with mixed content [a1]
00:33 +1023 -6: C:/Users/cesar/Devocional_nuevo/test/unit/utils/bible_text_normalizer_test.dart: BibleTextNormalizer Tests should remove bracketed references with words [note]
00:33 +1024 -6: C:/Users/cesar/Devocional_nuevo/test/unit/utils/bible_text_normalizer_test.dart: BibleTextNormalizer Tests should remove multiple bracketed references
00:33 +1025 -6: C:/Users/cesar/Devocional_nuevo/test/unit/utils/bible_text_normalizer_test.dart: BibleTextNormalizer Tests should remove HTML tags <pb/>
00:33 +1026 -6: C:/Users/cesar/Devocional_nuevo/test/unit/utils/bible_text_normalizer_test.dart: BibleTextNormalizer Tests should remove HTML tags <f>
00:33 +1027 -6: C:/Users/cesar/Devocional_nuevo/test/unit/utils/bible_text_normalizer_test.dart: BibleTextNormalizer Tests should remove both HTML tags and bracketed references
00:33 +1028 -6: C:/Users/cesar/Devocional_nuevo/test/unit/utils/bible_text_normalizer_test.dart: BibleTextNormalizer Tests should trim whitespace from result
00:33 +1029 -6: C:/Users/cesar/Devocional_nuevo/test/unit/utils/bible_text_normalizer_test.dart: BibleTextNormalizer Tests should handle text with no tags or references
00:34 +1030 -6: C:/Users/cesar/Devocional_nuevo/test/unit/utils/bible_version_registry_test.dart: BibleVersionRegistry Tests should get supported languages
00:34 +1031 -6: C:/Users/cesar/Devocional_nuevo/test/unit/utils/bible_version_registry_test.dart: BibleVersionRegistry Tests should get language name
00:34 +1032 -6: C:/Users/cesar/Devocional_nuevo/test/unit/utils/bible_version_registry_test.dart: BibleVersionRegistry Tests should get versions for Spanish language
00:34 +1033 -6: C:/Users/cesar/Devocional_nuevo/test/unit/utils/bible_version_registry_test.dart: BibleVersionRegistry Tests should get versions for English language
00:34 +1034 -6: C:/Users/cesar/Devocional_nuevo/test/unit/utils/bible_version_registry_test.dart: BibleVersionRegistry Tests should get versions for Portuguese language
00:34 +1035 -6: C:/Users/cesar/Devocional_nuevo/test/unit/utils/bible_version_registry_test.dart: BibleVersionRegistry Tests should get versions for French language
00:34 +1036 -6: C:/Users/cesar/Devocional_nuevo/test/unit/utils/bible_version_registry_test.dart: BibleVersionRegistry Tests should return empty list for unsupported language
00:34 +1037 -6: C:/Users/cesar/Devocional_nuevo/test/unit/utils/bible_version_registry_test.dart: BibleVersionRegistry Tests should get all versions
00:34 +1038 -6: C:/Users/cesar/Devocional_nuevo/test/unit/utils/bible_version_registry_test.dart: BibleVersionRegistry Tests all versions should have proper metadata
00:34 +1039 -6: C:/Users/cesar/Devocional_nuevo/test/unit/utils/constants_validation_test.dart: Constants Configuration Validation all supported languages have default versions
00:34 +1040 -6: C:/Users/cesar/Devocional_nuevo/test/unit/utils/constants_validation_test.dart: Constants Configuration Validation all supported languages have Bible versions
00:34 +1041 -6: C:/Users/cesar/Devocional_nuevo/test/unit/utils/constants_validation_test.dart: Constants Configuration Validation default versions exist in available versions
00:34 +1042 -6: C:/Users/cesar/Devocional_nuevo/test/unit/utils/constants_validation_test.dart: Constants Configuration Validation should maintain backward compatibility - original method unchanged
00:34 +1043 -6: C:/Users/cesar/Devocional_nuevo/test/unit/utils/constants_validation_test.dart: Constants Configuration Validation getDevocionalesApiUrlMultilingual generates correct URLs
00:34 +1044 -6: C:/Users/cesar/Devocional_nuevo/test/unit/utils/constants_validation_test.dart: Constants Configuration Validation constants data consistency
00:34 +1045 -6: C:/Users/cesar/Devocional_nuevo/test/unit/utils/constants_validation_test.dart: Constants Configuration Validation multilingual URL generation handles edge cases
00:34 +1046 -6: C:/Users/cesar/Devocional_nuevo/test/unit/utils/constants_validation_test.dart: Constants Configuration Validation supported languages structure is valid
00:34 +1047 -6: C:/Users/cesar/Devocional_nuevo/test/unit/utils/constants_validation_test.dart: Constants Configuration Validation Bible versions structure is valid
00:35 +1048 -6: C:/Users/cesar/Devocional_nuevo/test/unit/utils/dark_mode_textfield_theme_test.dart: Theme Constants Dark Mode TextField Tests Dark Mode Input Decoration Theme Deep Purple dark theme should have grey.shade800 as fillColor for text fields
00:35 +1049 -6: C:/Users/cesar/Devocional_nuevo/test/unit/utils/dark_mode_textfield_theme_test.dart: Theme Constants Dark Mode TextField Tests Dark Mode Input Decoration Theme Green dark theme should have grey.shade800 as fillColor for text fields
00:35 +1050 -6: C:/Users/cesar/Devocional_nuevo/test/unit/utils/dark_mode_textfield_theme_test.dart: Theme Constants Dark Mode TextField Tests Dark Mode Input Decoration Theme Pink dark theme should have grey.shade800 as fillColor for text fields
00:35 +1051 -6: C:/Users/cesar/Devocional_nuevo/test/unit/utils/dark_mode_textfield_theme_test.dart: Theme Constants Dark Mode TextField Tests Dark Mode Input Decoration Theme Cyan dark theme should have grey.shade800 as fillColor for text fields
00:35 +1052 -6: C:/Users/cesar/Devocional_nuevo/test/unit/utils/dark_mode_textfield_theme_test.dart: Theme Constants Dark Mode TextField Tests Dark Mode Input Decoration Theme Light Blue dark theme should have grey.shade800 as fillColor for text fields
00:35 +1053 -6: C:/Users/cesar/Devocional_nuevo/test/unit/utils/dark_mode_textfield_theme_test.dart: Theme Constants Dark Mode TextField Tests Light Mode Input Decoration Theme Deep Purple light theme should have white as fillColor for text fields
00:35 +1054 -6: C:/Users/cesar/Devocional_nuevo/test/unit/utils/dark_mode_textfield_theme_test.dart: Theme Constants Dark Mode TextField Tests Light Mode Input Decoration Theme Green light theme should have white as fillColor for text fields
00:35 +1055 -6: C:/Users/cesar/Devocional_nuevo/test/unit/utils/dark_mode_textfield_theme_test.dart: Theme Constants Dark Mode TextField Tests Light Mode Input Decoration Theme Pink light theme should have white as fillColor for text fields
00:35 +1056 -6: C:/Users/cesar/Devocional_nuevo/test/unit/utils/dark_mode_textfield_theme_test.dart: Theme Constants Dark Mode TextField Tests Light Mode Input Decoration Theme Cyan light theme should have white as fillColor for text fields
00:35 +1057 -6: C:/Users/cesar/Devocional_nuevo/test/unit/utils/dark_mode_textfield_theme_test.dart: Theme Constants Dark Mode TextField Tests Light Mode Input Decoration Theme Light Blue light theme should have white as fillColor for text fields
00:35 +1058 -6: C:/Users/cesar/Devocional_nuevo/test/unit/utils/dark_mode_textfield_theme_test.dart: Theme Constants Dark Mode TextField Tests Color Scheme Tests Dark themes should have dark surface color
00:35 +1059 -6: C:/Users/cesar/Devocional_nuevo/test/unit/utils/dark_mode_textfield_theme_test.dart: Theme Constants Dark Mode TextField Tests Color Scheme Tests Light themes should have light surface color
00:35 +1060 -6: C:/Users/cesar/Devocional_nuevo/test/unit/utils/system_ui_overlay_style_test.dart: System UI Overlay Style Configuration systemUiOverlayStyle should be defined
00:35 +1061 -6: C:/Users/cesar/Devocional_nuevo/test/unit/utils/system_ui_overlay_style_test.dart: System UI Overlay Style Configuration Status bar should be transparent
00:35 +1062 -6: C:/Users/cesar/Devocional_nuevo/test/unit/utils/system_ui_overlay_style_test.dart: System UI Overlay Style Configuration Status bar icons should be light (white)
00:35 +1063 -6: C:/Users/cesar/Devocional_nuevo/test/unit/utils/system_ui_overlay_style_test.dart: System UI Overlay Style Configuration Status bar brightness should be dark for iOS
00:35 +1064 -6: C:/Users/cesar/Devocional_nuevo/test/unit/utils/system_ui_overlay_style_test.dart: System UI Overlay Style Configuration Navigation bar should be dark gray (Material grey 800)
00:35 +1065 -6: C:/Users/cesar/Devocional_nuevo/test/unit/utils/system_ui_overlay_style_test.dart: System UI Overlay Style Configuration Navigation bar icons should be light (white buttons)
00:35 +1066 -6: C:/Users/cesar/Devocional_nuevo/test/unit/utils/system_ui_overlay_style_test.dart: System UI Overlay Style Configuration Navigation bar divider should be transparent
00:35 +1067 -6: C:/Users/cesar/Devocional_nuevo/test/unit/utils/system_ui_overlay_style_test.dart: System UI Overlay Style Configuration Dark gray navigation bar provides good contrast with white icons
00:35 +1068 -6: C:/Users/cesar/Devocional_nuevo/test/unit/utils/system_ui_overlay_style_test.dart: System UI Overlay Style Configuration System UI overlay style is consistent across all app configurations
00:35 +1069 -6: C:/Users/cesar/Devocional_nuevo/test/unit/utils/system_ui_overlay_style_test.dart: System UI Overlay Style Configuration Configuration matches Android 15 edge-to-edge requirements
00:35 +1070 -6: C:/Users/cesar/Devocional_nuevo/test/unit/utils/system_ui_overlay_style_test.dart: System UI Overlay Style Integration AnnotatedRegion applies system UI overlay style correctly
00:35 +1071 -6: C:/Users/cesar/Devocional_nuevo/test/unit/utils/system_ui_overlay_style_test.dart: System UI Overlay Style Integration AnnotatedRegion applies system UI overlay style correctly
00:35 +1072 -6: C:/Users/cesar/Devocional_nuevo/test/unit/utils/system_ui_overlay_style_test.dart: System UI Overlay Style Integration AnnotatedRegion applies system UI overlay style correctly
00:35 +1073 -6: C:/Users/cesar/Devocional_nuevo/test/unit/utils/system_ui_overlay_style_test.dart: System UI Overlay Style Integration AnnotatedRegion applies system UI overlay style correctly
00:35 +1074 -6: C:/Users/cesar/Devocional_nuevo/test/unit/utils/system_ui_overlay_style_test.dart: System UI Overlay Style Integration AnnotatedRegion applies system UI overlay style correctly
00:35 +1075 -6: C:/Users/cesar/Devocional_nuevo/test/unit/utils/system_ui_overlay_style_test.dart: System UI Overlay Style Integration AnnotatedRegion applies system UI overlay style correctly
00:35 +1076 -6: C:/Users/cesar/Devocional_nuevo/test/unit/utils/system_ui_overlay_style_test.dart: System UI Overlay Style Integration AnnotatedRegion applies system UI overlay style correctly
00:35 +1077 -6: C:/Users/cesar/Devocional_nuevo/test/unit/utils/system_ui_overlay_style_test.dart: System UI Overlay Style Integration AnnotatedRegion applies system UI overlay style correctly
00:35 +1078 -6: C:/Users/cesar/Devocional_nuevo/test/unit/utils/system_ui_overlay_style_test.dart: System UI Overlay Style Integration AnnotatedRegion applies system UI overlay style correctly
00:35 +1079 -6: C:/Users/cesar/Devocional_nuevo/test/unit/utils/system_ui_overlay_style_test.dart: System UI Overlay Style Integration AnnotatedRegion applies system UI overlay style correctly
00:35 +1080 -6: C:/Users/cesar/Devocional_nuevo/test/unit/utils/system_ui_overlay_style_test.dart: System UI Overlay Style Integration AnnotatedRegion applies system UI overlay style correctly
00:35 +1081 -6: C:/Users/cesar/Devocional_nuevo/test/unit/utils/system_ui_overlay_style_test.dart: System UI Overlay Style Integration AnnotatedRegion applies system UI overlay style correctly
00:35 +1082 -6: C:/Users/cesar/Devocional_nuevo/test/unit/utils/system_ui_overlay_style_test.dart: System UI Overlay Style Integration AnnotatedRegion applies system UI overlay style correctly
00:36 +1083 -6: C:/Users/cesar/Devocional_nuevo/test/unit/widgets/bible_chapter_grid_selector_test.dart: Bible Chapter Grid Selector Tests Should display grid with correct number of chapters
00:36 +1084 -6: C:/Users/cesar/Devocional_nuevo/test/unit/widgets/bible_chapter_grid_selector_test.dart: Bible Chapter Grid Selector Tests Should display grid with correct number of chapters
00:37 +1085 -6: C:/Users/cesar/Devocional_nuevo/test/unit/widgets/bible_chapter_grid_selector_test.dart: Bible Chapter Grid Selector Tests Should display grid with correct number of chapters
00:37 +1086 -6: C:/Users/cesar/Devocional_nuevo/test/unit/widgets/bible_chapter_grid_selector_test.dart: Bible Chapter Grid Selector Tests Should display grid with correct number of chapters
00:37 +1087 -6: C:/Users/cesar/Devocional_nuevo/test/unit/widgets/bible_chapter_grid_selector_test.dart: Bible Chapter Grid Selector Tests Should display grid with correct number of chapters
00:37 +1088 -6: C:/Users/cesar/Devocional_nuevo/test/unit/widgets/bible_chapter_grid_selector_test.dart: Bible Chapter Grid Selector Tests Should display grid with correct number of chapters
00:37 +1089 -6: C:/Users/cesar/Devocional_nuevo/test/unit/widgets/bible_chapter_grid_selector_test.dart: Bible Chapter Grid Selector Tests Should display grid with correct number of chapters
00:37 +1090 -6: C:/Users/cesar/Devocional_nuevo/test/unit/widgets/bible_chapter_grid_selector_test.dart: Bible Chapter Grid Selector Tests Should display grid with correct number of chapters
00:37 +1091 -6: C:/Users/cesar/Devocional_nuevo/test/unit/widgets/bible_chapter_grid_selector_test.dart: Bible Chapter Grid Selector Tests Should display grid with correct number of chapters
00:37 +1092 -6: C:/Users/cesar/Devocional_nuevo/test/unit/widgets/bible_chapter_grid_selector_test.dart: Bible Chapter Grid Selector Tests Should display grid with correct number of chapters
00:37 +1093 -6: C:/Users/cesar/Devocional_nuevo/test/unit/widgets/bible_chapter_grid_selector_test.dart: Bible Chapter Grid Selector Tests Should display grid with correct number of chapters
00:37 +1094 -6: C:/Users/cesar/Devocional_nuevo/test/unit/widgets/bible_chapter_grid_selector_test.dart: Bible Chapter Grid Selector Tests Should display grid with correct number of chapters
00:37 +1095 -6: C:/Users/cesar/Devocional_nuevo/test/unit/widgets/bible_chapter_grid_selector_test.dart: Bible Chapter Grid Selector Tests Should display grid with correct number of chapters
00:37 +1096 -6: C:/Users/cesar/Devocional_nuevo/test/unit/widgets/bible_chapter_grid_selector_test.dart: Bible Chapter Grid Selector Tests Should display grid with correct number of chapters
00:37 +1097 -6: C:/Users/cesar/Devocional_nuevo/test/unit/widgets/bible_chapter_grid_selector_test.dart: Bible Chapter Grid Selector Tests Should display grid with correct number of chapters
00:37 +1098 -6: C:/Users/cesar/Devocional_nuevo/test/unit/widgets/bible_chapter_grid_selector_test.dart: Bible Chapter Grid Selector Tests Should display grid with correct number of chapters
00:37 +1099 -6: C:/Users/cesar/Devocional_nuevo/test/unit/widgets/bible_chapter_grid_selector_test.dart: Bible Chapter Grid Selector Tests Should display grid with correct number of chapters
00:37 +1100 -6: C:/Users/cesar/Devocional_nuevo/test/unit/widgets/bible_chapter_grid_selector_test.dart: Bible Chapter Grid Selector Tests Should display grid with correct number of chapters
00:37 +1101 -6: C:/Users/cesar/Devocional_nuevo/test/unit/widgets/bible_chapter_grid_selector_test.dart: Bible Chapter Grid Selector Tests Should display grid with correct number of chapters
00:37 +1102 -6: C:/Users/cesar/Devocional_nuevo/test/unit/widgets/bible_verse_grid_selector_test.dart: Bible Verse Grid Selector Tests Should display grid with correct number of verses
00:38 +1103 -6: C:/Users/cesar/Devocional_nuevo/test/unit/widgets/bible_verse_grid_selector_test.dart: Bible Verse Grid Selector Tests Should display grid with correct number of verses
00:38 +1104 -6: C:/Users/cesar/Devocional_nuevo/test/unit/widgets/prayers_page_badges_test.dart: Prayers Page Count Badges should display count badge for active prayers
00:38 +1105 -6: C:/Users/cesar/Devocional_nuevo/test/unit/widgets/prayers_page_badges_test.dart: Prayers Page Count Badges should display count badge for active prayers
00:38 +1106 -6: C:/Users/cesar/Devocional_nuevo/test/unit/widgets/prayers_page_badges_test.dart: Prayers Page Count Badges should display count badge for active prayers
00:38 +1107 -6: C:/Users/cesar/Devocional_nuevo/test/unit/widgets/prayers_page_badges_test.dart: Prayers Page Count Badges should display count badge for active prayers
00:39 +1108 -6: C:/Users/cesar/Devocional_nuevo/test/unit/widgets/prayers_page_badges_test.dart: Prayers Page Count Badges should display count badge for active prayers
00:39 +1109 -6: C:/Users/cesar/Devocional_nuevo/test/unit/widgets/bible_verse_grid_selector_test.dart: Bible Verse Grid Selector Tests Should handle Psalm 119 (176 verses)
00:39 +1110 -6: C:/Users/cesar/Devocional_nuevo/test/unit/widgets/bible_verse_grid_selector_test.dart: Bible Verse Grid Selector Tests Should handle Psalm 119 (176 verses)
00:39 +1111 -6: C:/Users/cesar/Devocional_nuevo/test/unit/widgets/bible_verse_grid_selector_test.dart: Bible Verse Grid Selector Tests Should handle Psalm 119 (176 verses)
00:39 +1112 -6: C:/Users/cesar/Devocional_nuevo/test/unit/widgets/bible_verse_grid_selector_test.dart: Bible Verse Grid Selector Tests Should handle Psalm 119 (176 verses)
00:39 +1113 -6: C:/Users/cesar/Devocional_nuevo/test/unit/widgets/bible_verse_grid_selector_test.dart: Bible Verse Grid Selector Tests Should handle Psalm 119 (176 verses)
00:39 +1114 -6: C:/Users/cesar/Devocional_nuevo/test/unit/widgets/bible_verse_grid_selector_test.dart: Bible Verse Grid Selector Tests Should handle Psalm 119 (176 verses)
00:39 +1115 -6: C:/Users/cesar/Devocional_nuevo/test/widget/add_thanksgiving_modal_test.dart: AddThanksgivingModal Widget Tests should display title for new thanksgiving
00:39 +1116 -6: C:/Users/cesar/Devocional_nuevo/test/widget/add_thanksgiving_modal_test.dart: AddThanksgivingModal Widget Tests should display title for new thanksgiving
00:39 +1117 -6: C:/Users/cesar/Devocional_nuevo/test/widget/add_thanksgiving_modal_test.dart: AddThanksgivingModal Widget Tests should display title for new thanksgiving
00:39 +1118 -6: C:/Users/cesar/Devocional_nuevo/test/widget/add_thanksgiving_modal_test.dart: AddThanksgivingModal Widget Tests should display title for new thanksgiving
00:39 +1119 -6: C:/Users/cesar/Devocional_nuevo/test/widget/add_thanksgiving_modal_test.dart: AddThanksgivingModal Widget Tests should display title for new thanksgiving
00:39 +1120 -6: C:/Users/cesar/Devocional_nuevo/test/widget/add_thanksgiving_modal_test.dart: AddThanksgivingModal Widget Tests should display title for new thanksgiving
00:39 +1121 -6: C:/Users/cesar/Devocional_nuevo/test/widget/add_thanksgiving_modal_test.dart: AddThanksgivingModal Widget Tests should display title for new thanksgiving
00:40 +1122 -6: C:/Users/cesar/Devocional_nuevo/test/widget/add_thanksgiving_modal_test.dart: AddThanksgivingModal Widget Tests should display title for new thanksgiving
00:40 +1123 -6: C:/Users/cesar/Devocional_nuevo/test/widget/add_thanksgiving_modal_test.dart: AddThanksgivingModal Widget Tests should display title for new thanksgiving
00:40 +1124 -6: C:/Users/cesar/Devocional_nuevo/test/widget/add_thanksgiving_modal_test.dart: AddThanksgivingModal Widget Tests should display title for new thanksgiving
00:40 +1125 -6: C:/Users/cesar/Devocional_nuevo/test/widget/add_thanksgiving_modal_test.dart: AddThanksgivingModal Widget Tests should display title for new thanksgiving
00:40 +1126 -6: C:/Users/cesar/Devocional_nuevo/test/widget/add_thanksgiving_modal_test.dart: AddThanksgivingModal Widget Tests should display title for new thanksgiving
00:40 +1127 -6: C:/Users/cesar/Devocional_nuevo/test/widget/add_thanksgiving_modal_test.dart: AddThanksgivingModal Widget Tests should display title for new thanksgiving
00:40 +1128 -6: C:/Users/cesar/Devocional_nuevo/test/unit/widgets/bible_chapter_grid_selector_test.dart: Bible Chapter Grid Selector Tests Should work with different book names
00:40 +1129 -6: C:/Users/cesar/Devocional_nuevo/test/unit/widgets/bible_chapter_grid_selector_test.dart: Bible Chapter Grid Selector Tests Should work with different book names
00:40 +1130 -6: C:/Users/cesar/Devocional_nuevo/test/unit/widgets/bible_chapter_grid_selector_test.dart: Bible Chapter Grid Selector Tests Should work with different book names
00:41 +1131 -6: C:/Users/cesar/Devocional_nuevo/test/unit/widgets/bible_chapter_grid_selector_test.dart: Bible Chapter Grid Selector Tests Should work with different book names
00:41 +1132 -6: C:/Users/cesar/Devocional_nuevo/test/unit/widgets/bible_verse_grid_selector_test.dart: Bible Verse Grid Selector Tests Should navigate multiple verses in sequence
00:41 +1133 -6: C:/Users/cesar/Devocional_nuevo/test/unit/widgets/bible_verse_grid_selector_test.dart: Bible Verse Grid Selector Tests Should navigate multiple verses in sequence
00:41 +1134 -6: C:/Users/cesar/Devocional_nuevo/test/widget/answer_prayer_modal_test.dart: AnswerPrayerModal allows up to 400 characters
00:41 +1135 -6: C:/Users/cesar/Devocional_nuevo/test/widget/answer_prayer_modal_test.dart: AnswerPrayerModal allows up to 400 characters
00:41 +1136 -6: C:/Users/cesar/Devocional_nuevo/test/widget/answer_prayer_modal_test.dart: AnswerPrayerModal allows up to 400 characters
00:41 +1137 -6: C:/Users/cesar/Devocional_nuevo/test/widget/answer_prayer_modal_test.dart: AnswerPrayerModal allows up to 400 characters
00:41 +1138 -6: C:/Users/cesar/Devocional_nuevo/test/widget/answer_prayer_modal_test.dart: AnswerPrayerModal allows up to 400 characters
00:42 +1139 -6: C:/Users/cesar/Devocional_nuevo/test/widget/answer_prayer_modal_test.dart: AnswerPrayerModal allows up to 400 characters
00:42 +1140 -6: C:/Users/cesar/Devocional_nuevo/test/widget/answer_prayer_modal_test.dart: AnswerPrayerModal allows up to 400 characters
00:42 +1141 -6: C:/Users/cesar/Devocional_nuevo/test/widget/answer_prayer_modal_test.dart: AnswerPrayerModal allows up to 400 characters
00:42 +1141 -6: C:/Users/cesar/Devocional_nuevo/test/widget/add_thanksgiving_modal_test.dart: AddThanksgivingModal Widget Tests should allow entering valid text and create thanksgiving
Error backing up thanksgivings to file: MissingPluginException(No implementation found for method getApplicationDocumentsDirectory on channel plugins.flutter.io/path_provider)
00:42 +1142 -6: C:/Users/cesar/Devocional_nuevo/test/widget/answer_prayer_modal_test.dart: AnswerPrayerModal allows up to 400 characters
00:42 +1143 -6: C:/Users/cesar/Devocional_nuevo/test/widget/answer_prayer_modal_test.dart: AnswerPrayerModal allows up to 400 characters
00:42 +1144 -6: C:/Users/cesar/Devocional_nuevo/test/widget/answer_prayer_modal_test.dart: AnswerPrayerModal allows up to 400 characters
00:42 +1145 -6: C:/Users/cesar/Devocional_nuevo/test/widget/answer_prayer_modal_test.dart: AnswerPrayerModal allows up to 400 characters
00:42 +1146 -6: C:/Users/cesar/Devocional_nuevo/test/widget/answer_prayer_modal_test.dart: AnswerPrayerModal allows up to 400 characters
00:42 +1147 -6: C:/Users/cesar/Devocional_nuevo/test/widget/answer_prayer_modal_test.dart: AnswerPrayerModal allows up to 400 characters
00:43 +1148 -6: C:/Users/cesar/Devocional_nuevo/test/widget/answer_prayer_modal_test.dart: AnswerPrayerModal allows up to 400 characters
00:43 +1149 -6: C:/Users/cesar/Devocional_nuevo/test/unit/widgets/bible_verse_grid_selector_test.dart: Verse Grid Edge Cases Should handle middle verse selection
00:43 +1150 -6: C:/Users/cesar/Devocional_nuevo/test/widget/main_initialization_test.dart: Context Safety - Mounted Check Pattern Tests Mounted check prevents context-after-dispose when widget unmounts during async
00:44 +1151 -6: C:/Users/cesar/Devocional_nuevo/test/widget/main_initialization_test.dart: Context Safety - Mounted Check Pattern Tests Initialization completes normally when widget stays mounted
00:44 +1152 -6: C:/Users/cesar/Devocional_nuevo/test/widget/main_initialization_test.dart: Context Safety - Mounted Check Pattern Tests Multiple rapid mount/unmount cycles are handled safely
00:44 +1153 -6: C:/Users/cesar/Devocional_nuevo/test/widget/main_initialization_test.dart: LocalizationService Integration LocalizationService initializes correctly via ServiceLocator
00:44 +1154 -6: C:/Users/cesar/Devocional_nuevo/test/widget/tts_player_widget_user_flow_test.dart: TTS Player Widget - User Flow Tests Scenario 1: First Time User First time user - play button is visible
­ƒöº [TTS Controller] Inicializado playbackRate: mini=1.0 (settings=0.5)
[TTS Widget] build() llamado para devocional: test-123
[BibleTextFormatter] formatBibleBook called with reference="Juan 3:16 - Porque de tal manera am├│ Dios al mundo", language="es"
[BibleTextFormatter] formatBibleBook called with reference="Esta es una reflexi├│n de prueba para el devocional", language="es"
[BibleTextFormatter] formatBibleBook called with reference="Salmo 23:1", language="es"
[BibleTextFormatter] formatBibleBook called with reference="Se├▒or, gracias por tu amor", language="es"
[TTS Widget] Texto TTS armado: devotionals.verse: Juan cap├¡tulo 3 vers├¡culo 16 - Porque de tal manera am├│ Dios ...
[BibleTextFormatter] formatBibleBook called with reference="Juan 3:16 - Porque de tal manera am├│ Dios al mundo", language="es"
[BibleTextFormatter] formatBibleBook called with reference="Esta es una reflexi├│n de prueba para el devocional", language="es"
[BibleTextFormatter] formatBibleBook called with reference="Salmo 23:1", language="es"
[BibleTextFormatter] formatBibleBook called with reference="Se├▒or, gracias por tu amor", language="es"
[TTS Widget] ­ƒôØ Configurando texto inicial - Idioma: es, Longitud: 288 caracteres
­ƒôØ [TTS Controller] setText llamado con 288 caracteres, idioma: es
­ƒôØ [TTS Controller] Palabras: 42 -> 17 segundos estimados
­ƒôØ [TTS Controller] Duraci├│n total estimada: 17s
­ƒôØ [TTS Controller] Posici├│n inicializada a 0:00
[TTS Widget] Ô£à Texto configurado correctamente
[TTS Widget] dispose() llamado, deteniendo audio
[TTS Controller] stop() llamado, estado previo: TtsPlayerState.idle
[TTS Controller] estado actual: TtsPlayerState.idle
00:45 +1155 -6: C:/Users/cesar/Devocional_nuevo/test/widgets/tts_player_widget_test.dart: TtsPlayerWidget renders and play button is present
00:45 +1155 -6: C:/Users/cesar/Devocional_nuevo/test/widget/tts_player_widget_user_flow_test.dart: TTS Player Widget - User Flow Tests Scenario 1: First Time User First time user has no saved voice
­ƒöº [TTS Controller] Inicializado playbackRate: mini=1.0 (settings=0.5)
­ƒöè VoiceSettings: hasUserSavedVoice(es): false
00:45 +1156 -6: C:/Users/cesar/Devocional_nuevo/test/widgets/tts_player_widget_test.dart: TtsPlayerWidget renders and play button is present
00:45 +1156 -6: C:/Users/cesar/Devocional_nuevo/test/widget/tts_player_widget_user_flow_test.dart: TTS Player Widget - User Flow Tests Scenario 1: First Time User After saving voice, user has saved voice
­ƒöº [TTS Controller] Inicializado playbackRate: mini=1.0 (settings=0.5)
­ƒöè VoiceSettings: hasUserSavedVoice(es): false
­ƒöº VoiceSettings: setUserSavedVoice(es): true
­ƒöè VoiceSettings: hasUserSavedVoice(es): true
00:45 +1157 -6: C:/Users/cesar/Devocional_nuevo/test/widgets/tts_player_widget_test.dart: TtsPlayerWidget renders and play button is present
­ƒöº [TTS Controller] Inicializado playbackRate: mini=1.0 (settings=0.5)
[TTS Widget] build() llamado para devocional: test_1
[BibleTextFormatter] formatBibleBook called with reference="John 3:16", language="en"
[BibleTextFormatter] formatBibleBook called with reference="Test reflection", language="en"
[BibleTextFormatter] formatBibleBook called with reference="Test prayer", language="en"
[TTS Widget] Texto TTS armado: devotionals.verse: John chapter 3 verse 16
devotionals.reflection: Test reflecti...
[BibleTextFormatter] formatBibleBook called with reference="John 3:16", language="en"
[BibleTextFormatter] formatBibleBook called with reference="Test reflection", language="en"
[BibleTextFormatter] formatBibleBook called with reference="Test prayer", language="en"
[TTS Widget] ­ƒôØ Configurando texto inicial - Idioma: en, Longitud: 114 caracteres
­ƒôØ [TTS Controller] setText llamado con 114 caracteres, idioma: en
­ƒôØ [TTS Controller] Palabras: 12 -> 5 segundos estimados
­ƒôØ [TTS Controller] Duraci├│n total estimada: 5s
­ƒôØ [TTS Controller] Posici├│n inicializada a 0:00
[TTS Widget] Ô£à Texto configurado correctamente
[TTS Widget] dispose() llamado, deteniendo audio
[TTS Controller] stop() llamado, estado previo: TtsPlayerState.idle
00:45 +1158 -6: C:/Users/cesar/Devocional_nuevo/test/widget/tts_player_widget_user_flow_test.dart: TTS Player Widget - User Flow Tests Scenario 2: Returning User Returning user - plays immediately without modal
­ƒöº [TTS Controller] Inicializado playbackRate: mini=1.0 (settings=0.5)
­ƒöº VoiceSettings: setUserSavedVoice(es): true
[TTS Widget] build() llamado para devocional: test-123
[BibleTextFormatter] formatBibleBook called with reference="Juan 3:16 - Porque de tal manera am├│ Dios al mundo", language="es"
[BibleTextFormatter] formatBibleBook called with reference="Esta es una reflexi├│n de prueba para el devocional", language="es"
[BibleTextFormatter] formatBibleBook called with reference="Salmo 23:1", language="es"
[BibleTextFormatter] formatBibleBook called with reference="Se├▒or, gracias por tu amor", language="es"
[TTS Widget] Texto TTS armado: devotionals.verse: Juan cap├¡tulo 3 vers├¡culo 16 - Porque de tal manera am├│ Dios ...
[BibleTextFormatter] formatBibleBook called with reference="Juan 3:16 - Porque de tal manera am├│ Dios al mundo", language="es"
[BibleTextFormatter] formatBibleBook called with reference="Esta es una reflexi├│n de prueba para el devocional", language="es"
[BibleTextFormatter] formatBibleBook called with reference="Salmo 23:1", language="es"
[BibleTextFormatter] formatBibleBook called with reference="Se├▒or, gracias por tu amor", language="es"
[TTS Widget] ­ƒôØ Configurando texto inicial - Idioma: es, Longitud: 288 caracteres
­ƒôØ [TTS Controller] setText llamado con 288 caracteres, idioma: es
­ƒôØ [TTS Controller] Palabras: 42 -> 17 segundos estimados
­ƒôØ [TTS Controller] Duraci├│n total estimada: 17s
­ƒôØ [TTS Controller] Posici├│n inicializada a 0:00
[TTS Widget] Ô£à Texto configurado correctamente
[TTS Widget] ========== HANDLE PLAY/PAUSE ==========
[TTS Widget] Estado actual: TtsPlayerState.idle
­ƒöè VoiceSettings: hasUserSavedVoice(es): true
[TTS Widget] ┬┐Tiene voz guardada?: true
[TTS Widget] ­ƒùé´©Å­ƒöè Voz aplicada antes de reproducir: null
[TTS Widget] ÔûÂ´©Å Estado NO es playing ni loading, llamando play()
[TTS Widget] ÔÜá´©Å Firebase not initialized, skipping FIAM trigger: [core/no-app] No Firebase App '[DEFAULT]' has been created - call Firebase.initializeApp()
ÔûÂ´©Å [TTS Controller] ========== PLAY() LLAMADO ==========
ÔûÂ´©Å [TTS Controller] Estado previo: TtsPlayerState.idle
ÔûÂ´©Å [TTS Controller] Posici├│n acumulada: 0s
ÔûÂ´©Å [TTS Controller] Texto completo: 288 caracteres
ÔÅ│ [TTS Controller] Cambiando estado a LOADING
[TTS Widget] ========== FIN HANDLE PLAY/PAUSE ==========
­ƒÄÜ´©Å [TTS Controller] Velocidad aplicada: mini=1.0 (settings=0.5)
ÔûÂ´©Å [TTS Controller] INICIANDO desde el principio
­ƒÄñ [TTS Controller] Llamando flutterTts.speak() con 288 caracteres
­ƒÄñ [TTS Controller] flutterTts.speak() completado (async)
ÔûÂ´©Å [TTS Controller] Cambiando estado de LOADING a PLAYING
ÔÅ▒´©Å [TTS Controller] Iniciando timer manualmente (fallback)
ÔÅ▒´©Å [TTS Controller] ========== INICIANDO TIMER DE PROGRESO ==========
ÔÅ▒´©Å [TTS Controller] Timer anterior cancelado (si exist├¡a)
ÔÅ▒´©Å [TTS Controller] Hora de inicio: 2025-12-23T15:38:10.338898
ÔÅ▒´©Å [TTS Controller] Posici├│n acumulada: 0s
ÔÅ▒´©Å [TTS Controller] Duraci├│n total: 17s
ÔÅ▒´©Å [TTS Controller] Timer creado y corriendo cada 500ms
ÔÅ▒´©Å [TTS Controller] ========== TIMER INICIADO ==========
ÔûÂ´©Å [TTS Controller] Estado final: TtsPlayerState.playing
ÔûÂ´©Å [TTS Controller] ========== FIN PLAY() ==========
[TTS Widget] dispose() llamado, deteniendo audio
[TTS Controller] stop() llamado, estado previo: TtsPlayerState.playing
[TTS Controller] estado actual: TtsPlayerState.idle
00:45 +1159 -6: C:/Users/cesar/Devocional_nuevo/test/widget/tts_player_widget_user_flow_test.dart: TTS Player Widget - User Flow Tests Scenario 2: Returning User Returning user has saved voice available
­ƒöº [TTS Controller] Inicializado playbackRate: mini=1.0 (settings=0.5)
­ƒöº VoiceSettings: setUserSavedVoice(es): true
­ƒöè VoiceSettings: hasUserSavedVoice(es): true
00:45 +1160 -6: C:/Users/cesar/Devocional_nuevo/test/widget/tts_player_widget_user_flow_test.dart: TTS Player Widget - User Flow Tests Scenario 2: Returning User Returning user with saved voice can play immediately
­ƒöº [TTS Controller] Inicializado playbackRate: mini=1.0 (settings=0.5)
­ƒöº VoiceSettings: setUserSavedVoice(es): true
­ƒôØ [TTS Controller] setText llamado con 22 caracteres, idioma: es
­ƒôØ [TTS Controller] Palabras: 4 -> 2 segundos estimados
­ƒôØ [TTS Controller] Duraci├│n total estimada: 2s
­ƒôØ [TTS Controller] Posici├│n inicializada a 0:00
­ƒöè VoiceSettings: hasUserSavedVoice(es): true
00:45 +1161 -6: C:/Users/cesar/Devocional_nuevo/test/widget/tts_player_widget_user_flow_test.dart: TTS Player Widget - User Flow Tests Scenario 3: Language Switcher User switching language has no voice for new language
­ƒöº [TTS Controller] Inicializado playbackRate: mini=1.0 (settings=0.5)
­ƒöº VoiceSettings: setUserSavedVoice(es): true
­ƒöè VoiceSettings: hasUserSavedVoice(en): false
­ƒöè VoiceSettings: hasUserSavedVoice(es): true
00:45 +1162 -6: C:/Users/cesar/Devocional_nuevo/test/widget/tts_player_widget_user_flow_test.dart: TTS Player Widget - User Flow Tests Scenario 3: Language Switcher Each language maintains independent voice selection
­ƒöº [TTS Controller] Inicializado playbackRate: mini=1.0 (settings=0.5)
­ƒöº VoiceSettings: setUserSavedVoice(es): true
­ƒöº VoiceSettings: setUserSavedVoice(en): true
­ƒöè VoiceSettings: hasUserSavedVoice(es): true
­ƒöè VoiceSettings: hasUserSavedVoice(en): true
00:45 +1163 -6: C:/Users/cesar/Devocional_nuevo/test/widget/tts_player_widget_user_flow_test.dart: TTS Player Widget - User Flow Tests Scenario 4: Playback Controls - Widget Tests Initial state shows play button
­ƒöº [TTS Controller] Inicializado playbackRate: mini=1.0 (settings=0.5)
[TTS Widget] build() llamado para devocional: test-123
[BibleTextFormatter] formatBibleBook called with reference="Juan 3:16 - Porque de tal manera am├│ Dios al mundo", language="es"
[BibleTextFormatter] formatBibleBook called with reference="Esta es una reflexi├│n de prueba para el devocional", language="es"
[BibleTextFormatter] formatBibleBook called with reference="Salmo 23:1", language="es"
[BibleTextFormatter] formatBibleBook called with reference="Se├▒or, gracias por tu amor", language="es"
[TTS Widget] Texto TTS armado: devotionals.verse: Juan cap├¡tulo 3 vers├¡culo 16 - Porque de tal manera am├│ Dios ...
[BibleTextFormatter] formatBibleBook called with reference="Juan 3:16 - Porque de tal manera am├│ Dios al mundo", language="es"
[BibleTextFormatter] formatBibleBook called with reference="Esta es una reflexi├│n de prueba para el devocional", language="es"
[BibleTextFormatter] formatBibleBook called with reference="Salmo 23:1", language="es"
[BibleTextFormatter] formatBibleBook called with reference="Se├▒or, gracias por tu amor", language="es"
[TTS Widget] ­ƒôØ Configurando texto inicial - Idioma: es, Longitud: 288 caracteres
­ƒôØ [TTS Controller] setText llamado con 288 caracteres, idioma: es
­ƒôØ [TTS Controller] Palabras: 42 -> 17 segundos estimados
­ƒôØ [TTS Controller] Duraci├│n total estimada: 17s
­ƒôØ [TTS Controller] Posici├│n inicializada a 0:00
[TTS Widget] Ô£à Texto configurado correctamente
[TTS Widget] dispose() llamado, deteniendo audio
[TTS Controller] stop() llamado, estado previo: TtsPlayerState.idle
[TTS Controller] estado actual: TtsPlayerState.idle
00:45 +1164 -6: C:/Users/cesar/Devocional_nuevo/test/widget/tts_player_widget_user_flow_test.dart: TTS Player Widget - User Flow Tests Scenario 4: Playback Controls - Widget Tests Playing state shows pause button
­ƒöº [TTS Controller] Inicializado playbackRate: mini=1.0 (settings=0.5)
­ƒöº VoiceSettings: setUserSavedVoice(es): true
[TTS Widget] build() llamado para devocional: test-123
[BibleTextFormatter] formatBibleBook called with reference="Juan 3:16 - Porque de tal manera am├│ Dios al mundo", language="es"
[BibleTextFormatter] formatBibleBook called with reference="Esta es una reflexi├│n de prueba para el devocional", language="es"
[BibleTextFormatter] formatBibleBook called with reference="Salmo 23:1", language="es"
[BibleTextFormatter] formatBibleBook called with reference="Se├▒or, gracias por tu amor", language="es"
[TTS Widget] Texto TTS armado: devotionals.verse: Juan cap├¡tulo 3 vers├¡culo 16 - Porque de tal manera am├│ Dios ...
[BibleTextFormatter] formatBibleBook called with reference="Juan 3:16 - Porque de tal manera am├│ Dios al mundo", language="es"
[BibleTextFormatter] formatBibleBook called with reference="Esta es una reflexi├│n de prueba para el devocional", language="es"
[BibleTextFormatter] formatBibleBook called with reference="Salmo 23:1", language="es"
[BibleTextFormatter] formatBibleBook called with reference="Se├▒or, gracias por tu amor", language="es"
[TTS Widget] ­ƒôØ Configurando texto inicial - Idioma: es, Longitud: 288 caracteres
­ƒôØ [TTS Controller] setText llamado con 288 caracteres, idioma: es
­ƒôØ [TTS Controller] Palabras: 42 -> 17 segundos estimados
­ƒôØ [TTS Controller] Duraci├│n total estimada: 17s
­ƒôØ [TTS Controller] Posici├│n inicializada a 0:00
[TTS Widget] Ô£à Texto configurado correctamente
­ƒôØ [TTS Controller] setText llamado con 9 caracteres, idioma: es
­ƒôØ [TTS Controller] Palabras: 2 -> 1 segundos estimados
­ƒôØ [TTS Controller] Duraci├│n total estimada: 1s
­ƒôØ [TTS Controller] Posici├│n inicializada a 0:00
ÔûÂ´©Å [TTS Controller] ========== PLAY() LLAMADO ==========
ÔûÂ´©Å [TTS Controller] Estado previo: TtsPlayerState.idle
ÔûÂ´©Å [TTS Controller] Posici├│n acumulada: 0s
ÔûÂ´©Å [TTS Controller] Texto completo: 9 caracteres
ÔÅ│ [TTS Controller] Cambiando estado a LOADING
­ƒÄÜ´©Å [TTS Controller] Velocidad aplicada: mini=1.0 (settings=0.5)
ÔûÂ´©Å [TTS Controller] INICIANDO desde el principio
­ƒÄñ [TTS Controller] Llamando flutterTts.speak() con 9 caracteres
­ƒÄñ [TTS Controller] flutterTts.speak() completado (async)
ÔûÂ´©Å [TTS Controller] Cambiando estado de LOADING a PLAYING
ÔÅ▒´©Å [TTS Controller] Iniciando timer manualmente (fallback)
ÔÅ▒´©Å [TTS Controller] ========== INICIANDO TIMER DE PROGRESO ==========
ÔÅ▒´©Å [TTS Controller] Timer anterior cancelado (si exist├¡a)
ÔÅ▒´©Å [TTS Controller] Hora de inicio: 2025-12-23T15:38:10.518746
ÔÅ▒´©Å [TTS Controller] Posici├│n acumulada: 0s
ÔÅ▒´©Å [TTS Controller] Duraci├│n total: 1s
ÔÅ▒´©Å [TTS Controller] Timer creado y corriendo cada 500ms
ÔÅ▒´©Å [TTS Controller] ========== TIMER INICIADO ==========
ÔûÂ´©Å [TTS Controller] Estado final: TtsPlayerState.playing
ÔûÂ´©Å [TTS Controller] ========== FIN PLAY() ==========
[TTS Widget] dispose() llamado, deteniendo audio
[TTS Controller] stop() llamado, estado previo: TtsPlayerState.playing
[TTS Controller] estado actual: TtsPlayerState.idle
00:45 +1165 -6: C:/Users/cesar/Devocional_nuevo/test/widget/tts_player_widget_user_flow_test.dart: TTS Player Widget - User Flow Tests Scenario 4: Playback Controls - Widget Tests Pause button returns to play icon
­ƒöº [TTS Controller] Inicializado playbackRate: mini=1.0 (settings=0.5)
­ƒöº VoiceSettings: setUserSavedVoice(es): true
[TTS Widget] build() llamado para devocional: test-123
[BibleTextFormatter] formatBibleBook called with reference="Juan 3:16 - Porque de tal manera am├│ Dios al mundo", language="es"
[BibleTextFormatter] formatBibleBook called with reference="Esta es una reflexi├│n de prueba para el devocional", language="es"
[BibleTextFormatter] formatBibleBook called with reference="Salmo 23:1", language="es"
[BibleTextFormatter] formatBibleBook called with reference="Se├▒or, gracias por tu amor", language="es"
[TTS Widget] Texto TTS armado: devotionals.verse: Juan cap├¡tulo 3 vers├¡culo 16 - Porque de tal manera am├│ Dios ...
[BibleTextFormatter] formatBibleBook called with reference="Juan 3:16 - Porque de tal manera am├│ Dios al mundo", language="es"
[BibleTextFormatter] formatBibleBook called with reference="Esta es una reflexi├│n de prueba para el devocional", language="es"
[BibleTextFormatter] formatBibleBook called with reference="Salmo 23:1", language="es"
[BibleTextFormatter] formatBibleBook called with reference="Se├▒or, gracias por tu amor", language="es"
[TTS Widget] ­ƒôØ Configurando texto inicial - Idioma: es, Longitud: 288 caracteres
­ƒôØ [TTS Controller] setText llamado con 288 caracteres, idioma: es
­ƒôØ [TTS Controller] Palabras: 42 -> 17 segundos estimados
­ƒôØ [TTS Controller] Duraci├│n total estimada: 17s
­ƒôØ [TTS Controller] Posici├│n inicializada a 0:00
[TTS Widget] Ô£à Texto configurado correctamente
­ƒôØ [TTS Controller] setText llamado con 9 caracteres, idioma: es
­ƒôØ [TTS Controller] Palabras: 2 -> 1 segundos estimados
­ƒôØ [TTS Controller] Duraci├│n total estimada: 1s
­ƒôØ [TTS Controller] Posici├│n inicializada a 0:00
ÔûÂ´©Å [TTS Controller] ========== PLAY() LLAMADO ==========
ÔûÂ´©Å [TTS Controller] Estado previo: TtsPlayerState.idle
ÔûÂ´©Å [TTS Controller] Posici├│n acumulada: 0s
ÔûÂ´©Å [TTS Controller] Texto completo: 9 caracteres
ÔÅ│ [TTS Controller] Cambiando estado a LOADING
­ƒÄÜ´©Å [TTS Controller] Velocidad aplicada: mini=1.0 (settings=0.5)
ÔûÂ´©Å [TTS Controller] INICIANDO desde el principio
­ƒÄñ [TTS Controller] Llamando flutterTts.speak() con 9 caracteres
­ƒÄñ [TTS Controller] flutterTts.speak() completado (async)
ÔûÂ´©Å [TTS Controller] Cambiando estado de LOADING a PLAYING
ÔÅ▒´©Å [TTS Controller] Iniciando timer manualmente (fallback)
ÔÅ▒´©Å [TTS Controller] ========== INICIANDO TIMER DE PROGRESO ==========
ÔÅ▒´©Å [TTS Controller] Timer anterior cancelado (si exist├¡a)
ÔÅ▒´©Å [TTS Controller] Hora de inicio: 2025-12-23T15:38:10.566239
ÔÅ▒´©Å [TTS Controller] Posici├│n acumulada: 0s
ÔÅ▒´©Å [TTS Controller] Duraci├│n total: 1s
ÔÅ▒´©Å [TTS Controller] Timer creado y corriendo cada 500ms
ÔÅ▒´©Å [TTS Controller] ========== TIMER INICIADO ==========
ÔûÂ´©Å [TTS Controller] Estado final: TtsPlayerState.playing
ÔûÂ´©Å [TTS Controller] ========== FIN PLAY() ==========
ÔÅ©´©Å [TTS Controller] ========== PAUSE() LLAMADO ==========
ÔÅ©´©Å [TTS Controller] Estado previo: TtsPlayerState.playing
ÔÅ©´©Å [TTS Controller] Posici├│n actual antes de pausar: 0s
[TTS Controller] Pausing timer - session elapsed: 0s, total accumulated: 0s
ÔÅ©´©Å [TTS Controller] Estado final: TtsPlayerState.paused
ÔÅ©´©Å [TTS Controller] Posici├│n acumulada guardada: 0s
ÔÅ©´©Å [TTS Controller] ========== FIN PAUSE() ==========
[TTS Widget] dispose() llamado, deteniendo audio
[TTS Controller] stop() llamado, estado previo: TtsPlayerState.paused
[TTS Controller] estado actual: TtsPlayerState.idle
00:45 +1166 -6: C:/Users/cesar/Devocional_nuevo/test/widget/tts_player_widget_user_flow_test.dart: TTS Player Widget - User Flow Tests Scenario 4: Playback Controls - Widget Tests Loading state shows progress indicator
­ƒöº [TTS Controller] Inicializado playbackRate: mini=1.0 (settings=0.5)
[TTS Widget] build() llamado para devocional: test-123
[BibleTextFormatter] formatBibleBook called with reference="Juan 3:16 - Porque de tal manera am├│ Dios al mundo", language="es"
[BibleTextFormatter] formatBibleBook called with reference="Esta es una reflexi├│n de prueba para el devocional", language="es"
[BibleTextFormatter] formatBibleBook called with reference="Salmo 23:1", language="es"
[BibleTextFormatter] formatBibleBook called with reference="Se├▒or, gracias por tu amor", language="es"
[TTS Widget] Texto TTS armado: devotionals.verse: Juan cap├¡tulo 3 vers├¡culo 16 - Porque de tal manera am├│ Dios ...
[BibleTextFormatter] formatBibleBook called with reference="Juan 3:16 - Porque de tal manera am├│ Dios al mundo", language="es"
[BibleTextFormatter] formatBibleBook called with reference="Esta es una reflexi├│n de prueba para el devocional", language="es"
[BibleTextFormatter] formatBibleBook called with reference="Salmo 23:1", language="es"
[BibleTextFormatter] formatBibleBook called with reference="Se├▒or, gracias por tu amor", language="es"
[TTS Widget] ­ƒôØ Configurando texto inicial - Idioma: es, Longitud: 288 caracteres
­ƒôØ [TTS Controller] setText llamado con 288 caracteres, idioma: es
­ƒôØ [TTS Controller] Palabras: 42 -> 17 segundos estimados
­ƒôØ [TTS Controller] Duraci├│n total estimada: 17s
­ƒôØ [TTS Controller] Posici├│n inicializada a 0:00
[TTS Widget] Ô£à Texto configurado correctamente
[TTS Widget] dispose() llamado, deteniendo audio
[TTS Controller] stop() llamado, estado previo: TtsPlayerState.loading
[TTS Controller] estado actual: TtsPlayerState.idle
00:45 +1167 -6: C:/Users/cesar/Devocional_nuevo/test/widget/tts_player_widget_user_flow_test.dart: TTS Player Widget - User Flow Tests Scenario 4: Playback Controls - Controller Tests Initial state is idle
­ƒöº [TTS Controller] Inicializado playbackRate: mini=1.0 (settings=0.5)
00:45 +1168 -6: C:/Users/cesar/Devocional_nuevo/test/widget/tts_player_widget_user_flow_test.dart: TTS Player Widget - User Flow Tests Scenario 4: Playback Controls - Controller Tests play() transitions from idle to playing
­ƒöº [TTS Controller] Inicializado playbackRate: mini=1.0 (settings=0.5)
­ƒôØ [TTS Controller] setText llamado con 18 caracteres, idioma: es
­ƒôØ [TTS Controller] Palabras: 3 -> 1 segundos estimados
­ƒôØ [TTS Controller] Duraci├│n total estimada: 1s
­ƒôØ [TTS Controller] Posici├│n inicializada a 0:00
ÔûÂ´©Å [TTS Controller] ========== PLAY() LLAMADO ==========
ÔûÂ´©Å [TTS Controller] Estado previo: TtsPlayerState.idle
ÔûÂ´©Å [TTS Controller] Posici├│n acumulada: 0s
ÔûÂ´©Å [TTS Controller] Texto completo: 18 caracteres
ÔÅ│ [TTS Controller] Cambiando estado a LOADING
­ƒÄÜ´©Å [TTS Controller] Velocidad aplicada: mini=1.0 (settings=0.5)
ÔûÂ´©Å [TTS Controller] INICIANDO desde el principio
­ƒÄñ [TTS Controller] Llamando flutterTts.speak() con 18 caracteres
­ƒÄñ [TTS Controller] flutterTts.speak() completado (async)
ÔûÂ´©Å [TTS Controller] Cambiando estado de LOADING a PLAYING
ÔÅ▒´©Å [TTS Controller] Iniciando timer manualmente (fallback)
ÔÅ▒´©Å [TTS Controller] ========== INICIANDO TIMER DE PROGRESO ==========
ÔÅ▒´©Å [TTS Controller] Timer anterior cancelado (si exist├¡a)
ÔÅ▒´©Å [TTS Controller] Hora de inicio: 2025-12-23T15:38:11.060945
ÔÅ▒´©Å [TTS Controller] Posici├│n acumulada: 0s
ÔÅ▒´©Å [TTS Controller] Duraci├│n total: 1s
ÔÅ▒´©Å [TTS Controller] Timer creado y corriendo cada 500ms
ÔÅ▒´©Å [TTS Controller] ========== TIMER INICIADO ==========
ÔûÂ´©Å [TTS Controller] Estado final: TtsPlayerState.playing
ÔûÂ´©Å [TTS Controller] ========== FIN PLAY() ==========
00:46 +1169 -6: C:/Users/cesar/Devocional_nuevo/test/widget/tts_player_widget_user_flow_test.dart: TTS Player Widget - User Flow Tests Scenario 4: Playback Controls - Controller Tests pause() transitions from playing to paused
­ƒöº [TTS Controller] Inicializado playbackRate: mini=1.0 (settings=0.5)
­ƒôØ [TTS Controller] setText llamado con 9 caracteres, idioma: es
­ƒôØ [TTS Controller] Palabras: 2 -> 1 segundos estimados
­ƒôØ [TTS Controller] Duraci├│n total estimada: 1s
­ƒôØ [TTS Controller] Posici├│n inicializada a 0:00
ÔûÂ´©Å [TTS Controller] ========== PLAY() LLAMADO ==========
ÔûÂ´©Å [TTS Controller] Estado previo: TtsPlayerState.idle
ÔûÂ´©Å [TTS Controller] Posici├│n acumulada: 0s
ÔûÂ´©Å [TTS Controller] Texto completo: 9 caracteres
ÔÅ│ [TTS Controller] Cambiando estado a LOADING
­ƒÄÜ´©Å [TTS Controller] Velocidad aplicada: mini=1.0 (settings=0.5)
ÔûÂ´©Å [TTS Controller] INICIANDO desde el principio
­ƒÄñ [TTS Controller] Llamando flutterTts.speak() con 9 caracteres
­ƒÄñ [TTS Controller] flutterTts.speak() completado (async)
ÔûÂ´©Å [TTS Controller] Cambiando estado de LOADING a PLAYING
ÔÅ▒´©Å [TTS Controller] Iniciando timer manualmente (fallback)
ÔÅ▒´©Å [TTS Controller] ========== INICIANDO TIMER DE PROGRESO ==========
ÔÅ▒´©Å [TTS Controller] Timer anterior cancelado (si exist├¡a)
ÔÅ▒´©Å [TTS Controller] Hora de inicio: 2025-12-23T15:38:11.473901
ÔÅ▒´©Å [TTS Controller] Posici├│n acumulada: 0s
ÔÅ▒´©Å [TTS Controller] Duraci├│n total: 1s
ÔÅ▒´©Å [TTS Controller] Timer creado y corriendo cada 500ms
ÔÅ▒´©Å [TTS Controller] ========== TIMER INICIADO ==========
ÔûÂ´©Å [TTS Controller] Estado final: TtsPlayerState.playing
ÔûÂ´©Å [TTS Controller] ========== FIN PLAY() ==========
ÔÅ©´©Å [TTS Controller] ========== PAUSE() LLAMADO ==========
ÔÅ©´©Å [TTS Controller] Estado previo: TtsPlayerState.playing
ÔÅ©´©Å [TTS Controller] Posici├│n actual antes de pausar: 0s
[TTS Controller] Pausing timer - session elapsed: 0s, total accumulated: 0s
ÔÅ©´©Å [TTS Controller] Estado final: TtsPlayerState.paused
ÔÅ©´©Å [TTS Controller] Posici├│n acumulada guardada: 0s
ÔÅ©´©Å [TTS Controller] ========== FIN PAUSE() ==========
00:46 +1170 -6: C:/Users/cesar/Devocional_nuevo/test/widget/tts_player_widget_user_flow_test.dart: TTS Player Widget - User Flow Tests Scenario 4: Playback Controls - Controller Tests stop() transitions from any state to idle
­ƒöº [TTS Controller] Inicializado playbackRate: mini=1.0 (settings=0.5)
­ƒôØ [TTS Controller] setText llamado con 9 caracteres, idioma: es
­ƒôØ [TTS Controller] Palabras: 2 -> 1 segundos estimados
­ƒôØ [TTS Controller] Duraci├│n total estimada: 1s
­ƒôØ [TTS Controller] Posici├│n inicializada a 0:00
ÔûÂ´©Å [TTS Controller] ========== PLAY() LLAMADO ==========
ÔûÂ´©Å [TTS Controller] Estado previo: TtsPlayerState.idle
ÔûÂ´©Å [TTS Controller] Posici├│n acumulada: 0s
ÔûÂ´©Å [TTS Controller] Texto completo: 9 caracteres
ÔÅ│ [TTS Controller] Cambiando estado a LOADING
­ƒÄÜ´©Å [TTS Controller] Velocidad aplicada: mini=1.0 (settings=0.5)
ÔûÂ´©Å [TTS Controller] INICIANDO desde el principio
­ƒÄñ [TTS Controller] Llamando flutterTts.speak() con 9 caracteres
­ƒÄñ [TTS Controller] flutterTts.speak() completado (async)
ÔûÂ´©Å [TTS Controller] Cambiando estado de LOADING a PLAYING
ÔÅ▒´©Å [TTS Controller] Iniciando timer manualmente (fallback)
ÔÅ▒´©Å [TTS Controller] ========== INICIANDO TIMER DE PROGRESO ==========
ÔÅ▒´©Å [TTS Controller] Timer anterior cancelado (si exist├¡a)
ÔÅ▒´©Å [TTS Controller] Hora de inicio: 2025-12-23T15:38:11.885752
ÔÅ▒´©Å [TTS Controller] Posici├│n acumulada: 0s
ÔÅ▒´©Å [TTS Controller] Duraci├│n total: 1s
ÔÅ▒´©Å [TTS Controller] Timer creado y corriendo cada 500ms
ÔÅ▒´©Å [TTS Controller] ========== TIMER INICIADO ==========
ÔûÂ´©Å [TTS Controller] Estado final: TtsPlayerState.playing
ÔûÂ´©Å [TTS Controller] ========== FIN PLAY() ==========
[TTS Controller] stop() llamado, estado previo: TtsPlayerState.playing
[TTS Controller] estado actual: TtsPlayerState.idle
00:46 +1171 -6: C:/Users/cesar/Devocional_nuevo/test/widget/tts_player_widget_user_flow_test.dart: TTS Player Widget - User Flow Tests Scenario 4: Playback Controls - Controller Tests play() applies saved speech rate
­ƒöº [TTS Controller] Inicializado playbackRate: mini=1.0 (settings=0.5)
­ƒôØ [TTS Controller] setText llamado con 9 caracteres, idioma: es
­ƒôØ [TTS Controller] Palabras: 2 -> 1 segundos estimados
­ƒôØ [TTS Controller] Duraci├│n total estimada: 1s
­ƒôØ [TTS Controller] Posici├│n inicializada a 0:00
ÔûÂ´©Å [TTS Controller] ========== PLAY() LLAMADO ==========
ÔûÂ´©Å [TTS Controller] Estado previo: TtsPlayerState.idle
ÔûÂ´©Å [TTS Controller] Posici├│n acumulada: 0s
ÔûÂ´©Å [TTS Controller] Texto completo: 9 caracteres
ÔÅ│ [TTS Controller] Cambiando estado a LOADING
­ƒÄÜ´©Å [TTS Controller] Velocidad aplicada: mini=1.0 (settings=0.5)
ÔûÂ´©Å [TTS Controller] INICIANDO desde el principio
­ƒÄñ [TTS Controller] Llamando flutterTts.speak() con 9 caracteres
­ƒÄñ [TTS Controller] flutterTts.speak() completado (async)
ÔûÂ´©Å [TTS Controller] Cambiando estado de LOADING a PLAYING
ÔÅ▒´©Å [TTS Controller] Iniciando timer manualmente (fallback)
ÔÅ▒´©Å [TTS Controller] ========== INICIANDO TIMER DE PROGRESO ==========
ÔÅ▒´©Å [TTS Controller] Timer anterior cancelado (si exist├¡a)
ÔÅ▒´©Å [TTS Controller] Hora de inicio: 2025-12-23T15:38:12.295184
ÔÅ▒´©Å [TTS Controller] Posici├│n acumulada: 0s
ÔÅ▒´©Å [TTS Controller] Duraci├│n total: 1s
ÔÅ▒´©Å [TTS Controller] Timer creado y corriendo cada 500ms
ÔÅ▒´©Å [TTS Controller] ========== TIMER INICIADO ==========
ÔûÂ´©Å [TTS Controller] Estado final: TtsPlayerState.playing
ÔûÂ´©Å [TTS Controller] ========== FIN PLAY() ==========
00:47 +1172 -6: C:/Users/cesar/Devocional_nuevo/test/widget/tts_player_widget_user_flow_test.dart: TTS Player Widget - User Flow Tests Scenario 5: Completion Tracking Completion handler changes state to completed
­ƒöº [TTS Controller] Inicializado playbackRate: mini=1.0 (settings=0.5)
­ƒôØ [TTS Controller] setText llamado con 9 caracteres, idioma: es
­ƒôØ [TTS Controller] Palabras: 2 -> 1 segundos estimados
­ƒôØ [TTS Controller] Duraci├│n total estimada: 1s
­ƒôØ [TTS Controller] Posici├│n inicializada a 0:00
ÔûÂ´©Å [TTS Controller] ========== PLAY() LLAMADO ==========
ÔûÂ´©Å [TTS Controller] Estado previo: TtsPlayerState.idle
ÔûÂ´©Å [TTS Controller] Posici├│n acumulada: 0s
ÔûÂ´©Å [TTS Controller] Texto completo: 9 caracteres
ÔÅ│ [TTS Controller] Cambiando estado a LOADING
­ƒÄÜ´©Å [TTS Controller] Velocidad aplicada: mini=1.0 (settings=0.5)
ÔûÂ´©Å [TTS Controller] INICIANDO desde el principio
­ƒÄñ [TTS Controller] Llamando flutterTts.speak() con 9 caracteres
­ƒÄñ [TTS Controller] flutterTts.speak() completado (async)
ÔûÂ´©Å [TTS Controller] Cambiando estado de LOADING a PLAYING
ÔÅ▒´©Å [TTS Controller] Iniciando timer manualmente (fallback)
ÔÅ▒´©Å [TTS Controller] ========== INICIANDO TIMER DE PROGRESO ==========
ÔÅ▒´©Å [TTS Controller] Timer anterior cancelado (si exist├¡a)
ÔÅ▒´©Å [TTS Controller] Hora de inicio: 2025-12-23T15:38:12.713814
ÔÅ▒´©Å [TTS Controller] Posici├│n acumulada: 0s
ÔÅ▒´©Å [TTS Controller] Duraci├│n total: 1s
ÔÅ▒´©Å [TTS Controller] Timer creado y corriendo cada 500ms
ÔÅ▒´©Å [TTS Controller] ========== TIMER INICIADO ==========
ÔûÂ´©Å [TTS Controller] Estado final: TtsPlayerState.playing
ÔûÂ´©Å [TTS Controller] ========== FIN PLAY() ==========
­ƒÅü [TTS Controller] COMPLETION HANDLER - Audio completado, cambiando estado a COMPLETED
00:47 +1173 -6: C:/Users/cesar/Devocional_nuevo/test/widget/tts_player_widget_user_flow_test.dart: TTS Player Widget - User Flow Tests Scenario 5: Completion Tracking complete() method sets state to completed
­ƒöº [TTS Controller] Inicializado playbackRate: mini=1.0 (settings=0.5)
[TTS Controller] complete() llamado, estado previo: TtsPlayerState.idle
[TTS Controller] estado actual: TtsPlayerState.completed
00:47 +1174 -6: C:/Users/cesar/Devocional_nuevo/test/widget/tts_player_widget_user_flow_test.dart: TTS Player Widget - User Flow Tests Scenario 5: Completion Tracking Controller can be stopped from completed state
­ƒöº [TTS Controller] Inicializado playbackRate: mini=1.0 (settings=0.5)
[TTS Controller] complete() llamado, estado previo: TtsPlayerState.idle
[TTS Controller] estado actual: TtsPlayerState.completed
[TTS Controller] stop() llamado, estado previo: TtsPlayerState.completed
[TTS Controller] estado actual: TtsPlayerState.idle
00:47 +1175 -6: C:/Users/cesar/Devocional_nuevo/test/widget/tts_player_widget_user_flow_test.dart: TTS Player Widget - User Flow Tests Controller Error Handling play() with empty text sets error state
­ƒöº [TTS Controller] Inicializado playbackRate: mini=1.0 (settings=0.5)
ÔûÂ´©Å [TTS Controller] ========== PLAY() LLAMADO ==========
ÔûÂ´©Å [TTS Controller] Estado previo: TtsPlayerState.idle
ÔûÂ´©Å [TTS Controller] Posici├│n acumulada: 0s
ÔûÂ´©Å [TTS Controller] Texto completo: 0 caracteres
ÔØî [TTS Controller] ERROR: No hay texto para reproducir
00:47 +1176 -6: C:/Users/cesar/Devocional_nuevo/test/widget/tts_player_widget_user_flow_test.dart: TTS Player Widget - User Flow Tests Controller Error Handling play() with null text sets error state
­ƒöº [TTS Controller] Inicializado playbackRate: mini=1.0 (settings=0.5)
ÔûÂ´©Å [TTS Controller] ========== PLAY() LLAMADO ==========
ÔûÂ´©Å [TTS Controller] Estado previo: TtsPlayerState.idle
ÔûÂ´©Å [TTS Controller] Posici├│n acumulada: 0s
ÔûÂ´©Å [TTS Controller] Texto completo: 0 caracteres
ÔØî [TTS Controller] ERROR: No hay texto para reproducir
00:47 +1177 -6: C:/Users/cesar/Devocional_nuevo/test/widget/tts_player_widget_user_flow_test.dart: TTS Player Widget - User Flow Tests Controller Error Handling error() method sets error state
­ƒöº [TTS Controller] Inicializado playbackRate: mini=1.0 (settings=0.5)
[TTS Controller] error() llamado, estado previo: TtsPlayerState.idle
[TTS Controller] estado actual: TtsPlayerState.error
00:47 +1178 -6: C:/Users/cesar/Devocional_nuevo/test/widget/tts_player_widget_user_flow_test.dart: TTS Player Widget - User Flow Tests Controller State Transitions Multiple rapid play/pause cycles work correctly
­ƒöº [TTS Controller] Inicializado playbackRate: mini=1.0 (settings=0.5)
­ƒôØ [TTS Controller] setText llamado con 9 caracteres, idioma: es
­ƒôØ [TTS Controller] Palabras: 2 -> 1 segundos estimados
­ƒôØ [TTS Controller] Duraci├│n total estimada: 1s
­ƒôØ [TTS Controller] Posici├│n inicializada a 0:00
ÔûÂ´©Å [TTS Controller] ========== PLAY() LLAMADO ==========
ÔûÂ´©Å [TTS Controller] Estado previo: TtsPlayerState.idle
ÔûÂ´©Å [TTS Controller] Posici├│n acumulada: 0s
ÔûÂ´©Å [TTS Controller] Texto completo: 9 caracteres
ÔÅ│ [TTS Controller] Cambiando estado a LOADING
­ƒÄÜ´©Å [TTS Controller] Velocidad aplicada: mini=1.0 (settings=0.5)
ÔûÂ´©Å [TTS Controller] INICIANDO desde el principio
­ƒÄñ [TTS Controller] Llamando flutterTts.speak() con 9 caracteres
­ƒÄñ [TTS Controller] flutterTts.speak() completado (async)
ÔûÂ´©Å [TTS Controller] Cambiando estado de LOADING a PLAYING
ÔÅ▒´©Å [TTS Controller] Iniciando timer manualmente (fallback)
ÔÅ▒´©Å [TTS Controller] ========== INICIANDO TIMER DE PROGRESO ==========
ÔÅ▒´©Å [TTS Controller] Timer anterior cancelado (si exist├¡a)
ÔÅ▒´©Å [TTS Controller] Hora de inicio: 2025-12-23T15:38:13.148825
ÔÅ▒´©Å [TTS Controller] Posici├│n acumulada: 0s
ÔÅ▒´©Å [TTS Controller] Duraci├│n total: 1s
ÔÅ▒´©Å [TTS Controller] Timer creado y corriendo cada 500ms
ÔÅ▒´©Å [TTS Controller] ========== TIMER INICIADO ==========
ÔûÂ´©Å [TTS Controller] Estado final: TtsPlayerState.playing
ÔûÂ´©Å [TTS Controller] ========== FIN PLAY() ==========
ÔÅ©´©Å [TTS Controller] ========== PAUSE() LLAMADO ==========
ÔÅ©´©Å [TTS Controller] Estado previo: TtsPlayerState.playing
ÔÅ©´©Å [TTS Controller] Posici├│n actual antes de pausar: 0s
[TTS Controller] Pausing timer - session elapsed: 0s, total accumulated: 0s
ÔÅ©´©Å [TTS Controller] Estado final: TtsPlayerState.paused
ÔÅ©´©Å [TTS Controller] Posici├│n acumulada guardada: 0s
ÔÅ©´©Å [TTS Controller] ========== FIN PAUSE() ==========
ÔûÂ´©Å [TTS Controller] ========== PLAY() LLAMADO ==========
ÔûÂ´©Å [TTS Controller] Estado previo: TtsPlayerState.paused
ÔûÂ´©Å [TTS Controller] Posici├│n acumulada: 0s
ÔûÂ´©Å [TTS Controller] Texto completo: 9 caracteres
ÔÅ│ [TTS Controller] Cambiando estado a LOADING
­ƒÄÜ´©Å [TTS Controller] Velocidad aplicada: mini=1.0 (settings=0.5)
ÔûÂ´©Å [TTS Controller] INICIANDO desde el principio
­ƒÄñ [TTS Controller] Llamando flutterTts.speak() con 9 caracteres
­ƒÄñ [TTS Controller] flutterTts.speak() completado (async)
ÔûÂ´©Å [TTS Controller] Cambiando estado de LOADING a PLAYING
ÔÅ▒´©Å [TTS Controller] Iniciando timer manualmente (fallback)
ÔÅ▒´©Å [TTS Controller] ========== INICIANDO TIMER DE PROGRESO ==========
ÔÅ▒´©Å [TTS Controller] Timer anterior cancelado (si exist├¡a)
ÔÅ▒´©Å [TTS Controller] Hora de inicio: 2025-12-23T15:38:13.553963
ÔÅ▒´©Å [TTS Controller] Posici├│n acumulada: 0s
ÔÅ▒´©Å [TTS Controller] Duraci├│n total: 1s
ÔÅ▒´©Å [TTS Controller] Timer creado y corriendo cada 500ms
ÔÅ▒´©Å [TTS Controller] ========== TIMER INICIADO ==========
ÔûÂ´©Å [TTS Controller] Estado final: TtsPlayerState.playing
ÔûÂ´©Å [TTS Controller] ========== FIN PLAY() ==========
ÔÅ©´©Å [TTS Controller] ========== PAUSE() LLAMADO ==========
ÔÅ©´©Å [TTS Controller] Estado previo: TtsPlayerState.playing
ÔÅ©´©Å [TTS Controller] Posici├│n actual antes de pausar: 0s
[TTS Controller] Pausing timer - session elapsed: 0s, total accumulated: 0s
ÔÅ©´©Å [TTS Controller] Estado final: TtsPlayerState.paused
ÔÅ©´©Å [TTS Controller] Posici├│n acumulada guardada: 0s
ÔÅ©´©Å [TTS Controller] ========== FIN PAUSE() ==========
[TTS Controller] stop() llamado, estado previo: TtsPlayerState.paused
[TTS Controller] estado actual: TtsPlayerState.idle
00:48 +1179 -6: C:/Users/cesar/Devocional_nuevo/test/widget/tts_player_widget_user_flow_test.dart: TTS Player Widget - User Flow Tests Controller State Transitions setText updates text for playback
­ƒöº [TTS Controller] Inicializado playbackRate: mini=1.0 (settings=0.5)
­ƒôØ [TTS Controller] setText llamado con 10 caracteres, idioma: es
­ƒôØ [TTS Controller] Palabras: 2 -> 1 segundos estimados
­ƒôØ [TTS Controller] Duraci├│n total estimada: 1s
­ƒôØ [TTS Controller] Posici├│n inicializada a 0:00
ÔûÂ´©Å [TTS Controller] ========== PLAY() LLAMADO ==========
ÔûÂ´©Å [TTS Controller] Estado previo: TtsPlayerState.idle
ÔûÂ´©Å [TTS Controller] Posici├│n acumulada: 0s
ÔûÂ´©Å [TTS Controller] Texto completo: 10 caracteres
ÔÅ│ [TTS Controller] Cambiando estado a LOADING
­ƒÄÜ´©Å [TTS Controller] Velocidad aplicada: mini=1.0 (settings=0.5)
ÔûÂ´©Å [TTS Controller] INICIANDO desde el principio
­ƒÄñ [TTS Controller] Llamando flutterTts.speak() con 10 caracteres
­ƒÄñ [TTS Controller] flutterTts.speak() completado (async)
ÔûÂ´©Å [TTS Controller] Cambiando estado de LOADING a PLAYING
ÔÅ▒´©Å [TTS Controller] Iniciando timer manualmente (fallback)
ÔÅ▒´©Å [TTS Controller] ========== INICIANDO TIMER DE PROGRESO ==========
ÔÅ▒´©Å [TTS Controller] Timer anterior cancelado (si exist├¡a)
ÔÅ▒´©Å [TTS Controller] Hora de inicio: 2025-12-23T15:38:13.969287
ÔÅ▒´©Å [TTS Controller] Posici├│n acumulada: 0s
ÔÅ▒´©Å [TTS Controller] Duraci├│n total: 1s
ÔÅ▒´©Å [TTS Controller] Timer creado y corriendo cada 500ms
ÔÅ▒´©Å [TTS Controller] ========== TIMER INICIADO ==========
ÔûÂ´©Å [TTS Controller] Estado final: TtsPlayerState.playing
ÔûÂ´©Å [TTS Controller] ========== FIN PLAY() ==========
[TTS Controller] stop() llamado, estado previo: TtsPlayerState.playing
[TTS Controller] estado actual: TtsPlayerState.idle
­ƒôØ [TTS Controller] setText llamado con 11 caracteres, idioma: es
­ƒôØ [TTS Controller] Palabras: 2 -> 1 segundos estimados
­ƒôØ [TTS Controller] Duraci├│n total estimada: 1s
­ƒôØ [TTS Controller] Posici├│n inicializada a 0:00
ÔûÂ´©Å [TTS Controller] ========== PLAY() LLAMADO ==========
ÔûÂ´©Å [TTS Controller] Estado previo: TtsPlayerState.idle
ÔûÂ´©Å [TTS Controller] Posici├│n acumulada: 0s
ÔûÂ´©Å [TTS Controller] Texto completo: 11 caracteres
ÔÅ│ [TTS Controller] Cambiando estado a LOADING
­ƒÄÜ´©Å [TTS Controller] Velocidad aplicada: mini=1.0 (settings=0.5)
ÔûÂ´©Å [TTS Controller] INICIANDO desde el principio
­ƒÄñ [TTS Controller] Llamando flutterTts.speak() con 11 caracteres
­ƒÄñ [TTS Controller] flutterTts.speak() completado (async)
ÔûÂ´©Å [TTS Controller] Cambiando estado de LOADING a PLAYING
ÔÅ▒´©Å [TTS Controller] Iniciando timer manualmente (fallback)
ÔÅ▒´©Å [TTS Controller] ========== INICIANDO TIMER DE PROGRESO ==========
ÔÅ▒´©Å [TTS Controller] Timer anterior cancelado (si exist├¡a)
ÔÅ▒´©Å [TTS Controller] Hora de inicio: 2025-12-23T15:38:14.381382
ÔÅ▒´©Å [TTS Controller] Posici├│n acumulada: 0s
ÔÅ▒´©Å [TTS Controller] Duraci├│n total: 1s
ÔÅ▒´©Å [TTS Controller] Timer creado y corriendo cada 500ms
ÔÅ▒´©Å [TTS Controller] ========== TIMER INICIADO ==========
ÔûÂ´©Å [TTS Controller] Estado final: TtsPlayerState.playing
ÔûÂ´©Å [TTS Controller] ========== FIN PLAY() ==========
00:49 +1180 -6: Some tests failed.
